Archive member included to satisfy reference by file (symbol)

/usr/lib/gcc/avr/4.9.2/../../../avr/lib/avr5/libm.a(addsf3.o)
                              .build/obj_dz60_default/quantum/rgblight.o (__subsf3)
/usr/lib/gcc/avr/4.9.2/../../../avr/lib/avr5/libm.a(addsf3x.o)
                              /usr/lib/gcc/avr/4.9.2/../../../avr/lib/avr5/libm.a(addsf3.o) (__addsf3x)
/usr/lib/gcc/avr/4.9.2/../../../avr/lib/avr5/libm.a(divsf3.o)
                              .build/obj_dz60_default/quantum/rgblight.o (__divsf3)
/usr/lib/gcc/avr/4.9.2/../../../avr/lib/avr5/libm.a(divsf3x.o)
                              /usr/lib/gcc/avr/4.9.2/../../../avr/lib/avr5/libm.a(divsf3.o) (__divsf3x)
/usr/lib/gcc/avr/4.9.2/../../../avr/lib/avr5/libm.a(exp.o)
                              .build/obj_dz60_default/quantum/rgblight.o (exp)
/usr/lib/gcc/avr/4.9.2/../../../avr/lib/avr5/libm.a(fixunssfsi.o)
                              .build/obj_dz60_default/quantum/rgblight.o (__fixunssfsi)
/usr/lib/gcc/avr/4.9.2/../../../avr/lib/avr5/libm.a(floatsisf.o)
                              .build/obj_dz60_default/quantum/rgblight.o (__floatsisf)
/usr/lib/gcc/avr/4.9.2/../../../avr/lib/avr5/libm.a(fp_inf.o)
                              /usr/lib/gcc/avr/4.9.2/../../../avr/lib/avr5/libm.a(addsf3x.o) (__fp_inf)
/usr/lib/gcc/avr/4.9.2/../../../avr/lib/avr5/libm.a(fp_nan.o)
                              /usr/lib/gcc/avr/4.9.2/../../../avr/lib/avr5/libm.a(addsf3x.o) (__fp_nan)
/usr/lib/gcc/avr/4.9.2/../../../avr/lib/avr5/libm.a(fp_powser.o)
                              /usr/lib/gcc/avr/4.9.2/../../../avr/lib/avr5/libm.a(exp.o) (__fp_powser)
/usr/lib/gcc/avr/4.9.2/../../../avr/lib/avr5/libm.a(fp_pscA.o)
                              /usr/lib/gcc/avr/4.9.2/../../../avr/lib/avr5/libm.a(addsf3x.o) (__fp_pscA)
/usr/lib/gcc/avr/4.9.2/../../../avr/lib/avr5/libm.a(fp_pscB.o)
                              /usr/lib/gcc/avr/4.9.2/../../../avr/lib/avr5/libm.a(addsf3x.o) (__fp_pscB)
/usr/lib/gcc/avr/4.9.2/../../../avr/lib/avr5/libm.a(fp_round.o)
                              /usr/lib/gcc/avr/4.9.2/../../../avr/lib/avr5/libm.a(addsf3.o) (__fp_round)
/usr/lib/gcc/avr/4.9.2/../../../avr/lib/avr5/libm.a(fp_split3.o)
                              /usr/lib/gcc/avr/4.9.2/../../../avr/lib/avr5/libm.a(addsf3x.o) (__fp_split3)
/usr/lib/gcc/avr/4.9.2/../../../avr/lib/avr5/libm.a(fp_zero.o)
                              /usr/lib/gcc/avr/4.9.2/../../../avr/lib/avr5/libm.a(addsf3x.o) (__fp_zero)
/usr/lib/gcc/avr/4.9.2/../../../avr/lib/avr5/libm.a(inverse.o)
                              /usr/lib/gcc/avr/4.9.2/../../../avr/lib/avr5/libm.a(exp.o) (inverse)
/usr/lib/gcc/avr/4.9.2/../../../avr/lib/avr5/libm.a(ldexp.o)
                              /usr/lib/gcc/avr/4.9.2/../../../avr/lib/avr5/libm.a(exp.o) (ldexp)
/usr/lib/gcc/avr/4.9.2/../../../avr/lib/avr5/libm.a(modf.o)
                              /usr/lib/gcc/avr/4.9.2/../../../avr/lib/avr5/libm.a(exp.o) (modf)
/usr/lib/gcc/avr/4.9.2/../../../avr/lib/avr5/libm.a(mulsf3.o)
                              .build/obj_dz60_default/quantum/rgblight.o (__mulsf3)
/usr/lib/gcc/avr/4.9.2/../../../avr/lib/avr5/libm.a(mulsf3x.o)
                              /usr/lib/gcc/avr/4.9.2/../../../avr/lib/avr5/libm.a(fp_powser.o) (__mulsf3x)
/usr/lib/gcc/avr/4.9.2/../../../avr/lib/avr5/libm.a(sin.o)
                              .build/obj_dz60_default/quantum/rgblight.o (sin)
/usr/lib/gcc/avr/4.9.2/../../../avr/lib/avr5/libm.a(fp_mpack.o)
                              /usr/lib/gcc/avr/4.9.2/../../../avr/lib/avr5/libm.a(ldexp.o) (__fp_mpack)
/usr/lib/gcc/avr/4.9.2/../../../avr/lib/avr5/libm.a(fp_rempio2.o)
                              /usr/lib/gcc/avr/4.9.2/../../../avr/lib/avr5/libm.a(sin.o) (__fp_rempio2)
/usr/lib/gcc/avr/4.9.2/../../../avr/lib/avr5/libm.a(fp_sinus.o)
                              /usr/lib/gcc/avr/4.9.2/../../../avr/lib/avr5/libm.a(sin.o) (__fp_sinus)
/usr/lib/gcc/avr/4.9.2/../../../avr/lib/avr5/libm.a(fp_powsodd.o)
                              /usr/lib/gcc/avr/4.9.2/../../../avr/lib/avr5/libm.a(fp_sinus.o) (__fp_powsodd)
/usr/lib/gcc/avr/4.9.2/avr5/libgcc.a(_mulsi3.o)
                              .build/obj_dz60_default/quantum/quantum.o (__mulsi3)
/usr/lib/gcc/avr/4.9.2/avr5/libgcc.a(_udivmodhi4.o)
                              .build/obj_dz60_default/quantum/quantum.o (__udivmodhi4)
/usr/lib/gcc/avr/4.9.2/avr5/libgcc.a(_divmodhi4.o)
                              .build/obj_dz60_default/quantum/rgblight.o (__divmodhi4)
/usr/lib/gcc/avr/4.9.2/avr5/libgcc.a(_udivmodsi4.o)
                              .build/obj_dz60_default/quantum/quantum.o (__udivmodsi4)
/usr/lib/gcc/avr/4.9.2/avr5/libgcc.a(_exit.o)
                              /usr/lib/gcc/avr/4.9.2/../../../avr/lib/avr5/crtatmega32u4.o (exit)
/usr/lib/gcc/avr/4.9.2/avr5/libgcc.a(_tablejump2.o)
                              .build/obj_dz60_default/quantum/quantum.o (__tablejump2__)
/usr/lib/gcc/avr/4.9.2/avr5/libgcc.a(_copy_data.o)
[...]
Memory Configuration

Name             Origin             Length             Attributes
text             0x0000000000000000 0x0000000000020000 xr
data             0x0000000000800060 0x000000000000ffa0 rw !x
eeprom           0x0000000000810000 0x0000000000010000 rw !x
fuse             0x0000000000820000 0x0000000000000400 rw !x
lock             0x0000000000830000 0x0000000000000400 rw !x
signature        0x0000000000840000 0x0000000000000400 rw !x
user_signatures  0x0000000000850000 0x0000000000000400 rw !x
*default*        0x0000000000000000 0xffffffffffffffff

Linker script and memory map

Address of section .data set to 0x800100
LOAD /usr/lib/gcc/avr/4.9.2/../../../avr/lib/avr5/crtatmega32u4.o
LOAD .build/obj_dz60_default/keyboards/dz60/dz60.o
LOAD .build/obj_dz60_default/keyboards/dz60/keymaps/default/keymap.o
LOAD .build/obj_dz60_default/quantum/quantum.o
LOAD .build/obj_dz60_default/quantum/keymap_common.o
LOAD .build/obj_dz60_default/quantum/keycode_config.o
LOAD .build/obj_dz60_default/quantum/process_keycode/process_leader.o
LOAD .build/obj_dz60_default/quantum/matrix.o
LOAD .build/obj_dz60_default/quantum/rgblight.o
LOAD .build/obj_dz60_default/ws2812.o
LOAD .build/obj_dz60_default/quantum/led_tables.o
LOAD .build/obj_dz60_default/common/host.o
LOAD .build/obj_dz60_default/common/keyboard.o
LOAD .build/obj_dz60_default/common/action.o
LOAD .build/obj_dz60_default/common/action_tapping.o
LOAD .build/obj_dz60_default/common/action_macro.o
LOAD .build/obj_dz60_default/common/action_layer.o
LOAD .build/obj_dz60_default/common/action_util.o
LOAD .build/obj_dz60_default/common/print.o
LOAD .build/obj_dz60_default/common/debug.o
LOAD .build/obj_dz60_default/common/util.o
LOAD .build/obj_dz60_default/common/eeconfig.o
LOAD .build/obj_dz60_default/common/report.o
LOAD .build/obj_dz60_default/common/avr/suspend.o
LOAD .build/obj_dz60_default/common/avr/timer.o
LOAD .build/obj_dz60_default/common/avr/bootloader.o
LOAD .build/obj_dz60_default/common/avr/xprintf.o
LOAD .build/obj_dz60_default/common/magic.o
LOAD .build/obj_dz60_default/common/mousekey.o
LOAD .build/obj_dz60_default/common/backlight.o
LOAD .build/obj_dz60_default/lufa.o
LOAD .build/obj_dz60_default/usb_descriptor.o
LOAD .build/obj_dz60_default/outputselect.o
LOAD .build/obj_dz60_default/./lib/lufa/LUFA/Drivers/USB/Class/Common/HIDParser.o
LOAD .build/obj_dz60_default/./lib/lufa/LUFA/Drivers/USB/Core/AVR8/Device_AVR8.o
LOAD .build/obj_dz60_default/./lib/lufa/LUFA/Drivers/USB/Core/AVR8/EndpointStream_AVR8.o
LOAD .build/obj_dz60_default/./lib/lufa/LUFA/Drivers/USB/Core/AVR8/Endpoint_AVR8.o
LOAD .build/obj_dz60_default/./lib/lufa/LUFA/Drivers/USB/Core/AVR8/Host_AVR8.o
LOAD .build/obj_dz60_default/./lib/lufa/LUFA/Drivers/USB/Core/AVR8/PipeStream_AVR8.o
LOAD .build/obj_dz60_default/./lib/lufa/LUFA/Drivers/USB/Core/AVR8/Pipe_AVR8.o
LOAD .build/obj_dz60_default/./lib/lufa/LUFA/Drivers/USB/Core/AVR8/USBController_AVR8.o
LOAD .build/obj_dz60_default/./lib/lufa/LUFA/Drivers/USB/Core/AVR8/USBInterrupt_AVR8.o
LOAD .build/obj_dz60_default/./lib/lufa/LUFA/Drivers/USB/Core/ConfigDescriptors.o
LOAD .build/obj_dz60_default/./lib/lufa/LUFA/Drivers/USB/Core/DeviceStandardReq.o
LOAD .build/obj_dz60_default/./lib/lufa/LUFA/Drivers/USB/Core/Events.o
LOAD .build/obj_dz60_default/./lib/lufa/LUFA/Drivers/USB/Core/HostStandardReq.o
LOAD .build/obj_dz60_default/./lib/lufa/LUFA/Drivers/USB/Core/USBTask.o
LOAD /usr/lib/gcc/avr/4.9.2/../../../avr/lib/avr5/libm.a
START GROUP
LOAD /usr/lib/gcc/avr/4.9.2/avr5/libgcc.a
LOAD /usr/lib/gcc/avr/4.9.2/../../../avr/lib/avr5/libm.a
LOAD /usr/lib/gcc/avr/4.9.2/../../../avr/lib/avr5/libc.a
LOAD /usr/lib/gcc/avr/4.9.2/../../../avr/lib/avr5/libatmega32u4.a
END GROUP

.hash
 *(.hash)

.dynsym
 *(.dynsym)

.dynstr
 *(.dynstr)

.gnu.version
 *(.gnu.version)

.gnu.version_d
 *(.gnu.version_d)

.gnu.version_r
 *(.gnu.version_r)

.rel.init
 *(.rel.init)

.rela.init
 *(.rela.init)

.rel.text
 *(.rel.text)
 *(.rel.text.*)
 *(.rel.gnu.linkonce.t*)

.rela.text
 *(.rela.text)
 *(.rela.text.*)
 *(.rela.gnu.linkonce.t*)

.rel.fini
 *(.rel.fini)

.rela.fini
 *(.rela.fini)

.rel.rodata
 *(.rel.rodata)
 *(.rel.rodata.*)
 *(.rel.gnu.linkonce.r*)

.rela.rodata
 *(.rela.rodata)
 *(.rela.rodata.*)
 *(.rela.gnu.linkonce.r*)

.rel.data
 *(.rel.data)
 *(.rel.data.*)
 *(.rel.gnu.linkonce.d*)

.rela.data
 *(.rela.data)
 *(.rela.data.*)
 *(.rela.gnu.linkonce.d*)

.rel.ctors
 *(.rel.ctors)

.rela.ctors
 *(.rela.ctors)

.rel.dtors
 *(.rel.dtors)

.rela.dtors
 *(.rela.dtors)

.rel.got
 *(.rel.got)

.rela.got
 *(.rela.got)

.rel.bss
 *(.rel.bss)

.rela.bss
 *(.rela.bss)

.rel.plt
 *(.rel.plt)

.rela.plt
 *(.rela.plt)

.text           0x0000000000000000     0x5d48
 *(.vectors)
 .vectors       0x0000000000000000       0xac /usr/lib/gcc/avr/4.9.2/../../../avr/lib/avr5/crtatmega32u4.o
                0x0000000000000000                __vectors
                0x0000000000000000                __vector_default
 *(.vectors)
 *(.progmem.gcc*)
 .progmem.gcc_sw_table.process_record_quantum
                0x00000000000000ac       0x24 .build/obj_dz60_default/quantum/quantum.o
 .progmem.gcc_sw_table.process_action
                0x00000000000000d0       0x4a .build/obj_dz60_default/common/action.o
 .progmem.gcc_sw_table.is_tap_key
                0x000000000000011a       0x1c .build/obj_dz60_default/common/action.o
 .progmem.gcc_sw_table.USB_Device_ProcessControlRequest
                0x0000000000000136       0x14 .build/obj_dz60_default/./lib/lufa/LUFA/Drivers/USB/Core/DeviceStandardReq.o
 .progmem.gcc_fplib
                0x000000000000014a       0x28 /usr/lib/gcc/avr/4.9.2/../../../avr/lib/avr5/libm.a(exp.o)
 .progmem.gcc_fplib
                0x0000000000000172       0x1e /usr/lib/gcc/avr/4.9.2/../../../avr/lib/avr5/libm.a(fp_sinus.o)
                0x0000000000000190                . = ALIGN (0x2)
                0x0000000000000190                __trampolines_start = .
 *(.trampolines)
 .trampolines   0x0000000000000190        0x0 linker stubs
 *(.trampolines*)
                0x0000000000000190                __trampolines_end = .
 *(.progmem*)
 .progmem.data.__c.5648
                0x0000000000000190       0x11 .build/obj_dz60_default/keyboards/dz60/keymaps/default/keymap.o
 .progmem.data.keymaps
                0x00000000000001a1      0x258 .build/obj_dz60_default/keyboards/dz60/keymaps/default/keymap.o
                0x00000000000001a1                keymaps
 .progmem.data.ascii_to_keycode_lut
                0x00000000000003f9       0x80 .build/obj_dz60_default/quantum/quantum.o
                0x00000000000003f9                ascii_to_keycode_lut
 .progmem.data.ascii_to_shift_lut
                0x0000000000000479       0x80 .build/obj_dz60_default/quantum/quantum.o
                0x0000000000000479                ascii_to_shift_lut
 .progmem.data.fn_actions
                0x00000000000004f9        0x0 .build/obj_dz60_default/quantum/keymap_common.o
                0x00000000000004f9                fn_actions
 .progmem.data.RGBLED_GRADIENT_RANGES
                0x00000000000004f9        0xa .build/obj_dz60_default/quantum/rgblight.o
                0x00000000000004f9                RGBLED_GRADIENT_RANGES
 .progmem.data.RGBLED_KNIGHT_INTERVALS
                0x0000000000000503        0x3 .build/obj_dz60_default/quantum/rgblight.o
                0x0000000000000503                RGBLED_KNIGHT_INTERVALS
 .progmem.data.RGBLED_SNAKE_INTERVALS
                0x0000000000000506        0x3 .build/obj_dz60_default/quantum/rgblight.o
                0x0000000000000506                RGBLED_SNAKE_INTERVALS
 .progmem.data.RGBLED_RAINBOW_SWIRL_INTERVALS
                0x0000000000000509        0x3 .build/obj_dz60_default/quantum/rgblight.o
                0x0000000000000509                RGBLED_RAINBOW_SWIRL_INTERVALS
 .progmem.data.RGBLED_RAINBOW_MOOD_INTERVALS
                0x000000000000050c        0x3 .build/obj_dz60_default/quantum/rgblight.o
                0x000000000000050c                RGBLED_RAINBOW_MOOD_INTERVALS
 .progmem.data.RGBLED_BREATHING_INTERVALS
                0x000000000000050f        0x4 .build/obj_dz60_default/quantum/rgblight.o
                0x000000000000050f                RGBLED_BREATHING_INTERVALS
 .progmem.data.CIE1931_CURVE
                0x0000000000000513      0x100 .build/obj_dz60_default/quantum/led_tables.o
                0x0000000000000513                CIE1931_CURVE
 .progmem.data.SerialNumberString
                0x0000000000000613        0x6 .build/obj_dz60_default/usb_descriptor.o
                0x0000000000000613                SerialNumberString
 .progmem.data.ProductString
                0x0000000000000619        0xc .build/obj_dz60_default/usb_descriptor.o
                0x0000000000000619                ProductString
 .progmem.data.ManufacturerString
                0x0000000000000625        0xe .build/obj_dz60_default/usb_descriptor.o
                0x0000000000000625                ManufacturerString
 .progmem.data.LanguageString
                0x0000000000000633        0x4 .build/obj_dz60_default/usb_descriptor.o
                0x0000000000000633                LanguageString
 .progmem.data.ConfigurationDescriptor
                0x0000000000000637       0x6d .build/obj_dz60_default/usb_descriptor.o
                0x0000000000000637                ConfigurationDescriptor
 .progmem.data.DeviceDescriptor
                0x00000000000006a4       0x12 .build/obj_dz60_default/usb_descriptor.o
                0x00000000000006a4                DeviceDescriptor
 .progmem.data.NKROReport
                0x00000000000006b6       0x39 .build/obj_dz60_default/usb_descriptor.o
                0x00000000000006b6                NKROReport
 .progmem.data.ExtrakeyReport
                0x00000000000006ef       0x36 .build/obj_dz60_default/usb_descriptor.o
                0x00000000000006ef                ExtrakeyReport
 .progmem.data.MouseReport
                0x0000000000000725       0x4d .build/obj_dz60_default/usb_descriptor.o
                0x0000000000000725                MouseReport
 .progmem.data.KeyboardReport
                0x0000000000000772       0x40 .build/obj_dz60_default/usb_descriptor.o
                0x0000000000000772                KeyboardReport
                0x00000000000007b2                . = ALIGN (0x2)
 *(.jumptables)
 *(.jumptables*)
 *(.lowtext)
 *(.lowtext*)
                0x00000000000007b2                __ctors_start = .
 *(.ctors)
                0x00000000000007b2                __ctors_end = .
                0x00000000000007b2                __dtors_start = .
 *(.dtors)
                0x00000000000007b2                __dtors_end = .
 SORT(*)(.ctors)
 SORT(*)(.dtors)
 *(.init0)
 .init0         0x00000000000007b2        0x0 /usr/lib/gcc/avr/4.9.2/../../../avr/lib/avr5/crtatmega32u4.o
                0x00000000000007b2                __init
 *(.init0)
 *(.init1)
 *(.init1)
 *(.init2)
 .init2         0x00000000000007b2        0xc /usr/lib/gcc/avr/4.9.2/../../../avr/lib/avr5/crtatmega32u4.o
 *(.init2)
 *(.init3)
 .init3         0x00000000000007be       0x54 .build/obj_dz60_default/common/avr/bootloader.o
                0x00000000000007be                bootloader_jump_after_watchdog_reset
 *(.init3)
 *(.init4)
 .init4         0x0000000000000812       0x16 /usr/lib/gcc/avr/4.9.2/avr5/libgcc.a(_copy_data.o)
                0x0000000000000812                __do_copy_data
 .init4         0x0000000000000828       0x10 /usr/lib/gcc/avr/4.9.2/avr5/libgcc.a(_clear_bss.o)
                0x0000000000000828                __do_clear_bss
 *(.init4)
 *(.init5)
 *(.init5)
 *(.init6)
 *(.init6)
 *(.init7)
 *(.init7)
 *(.init8)
 *(.init8)
 *(.init9)
 .init9         0x0000000000000838        0x8 /usr/lib/gcc/avr/4.9.2/../../../avr/lib/avr5/crtatmega32u4.o
 *(.init9)
 *(.text)
 .text          0x0000000000000840        0x4 /usr/lib/gcc/avr/4.9.2/../../../avr/lib/avr5/crtatmega32u4.o
                0x0000000000000840                __vector_38
                0x0000000000000840                __vector_22
                0x0000000000000840                __vector_28
                0x0000000000000840                __vector_1
                0x0000000000000840                __vector_32
                0x0000000000000840                __vector_34
                0x0000000000000840                __vector_24
                0x0000000000000840                __bad_interrupt
                0x0000000000000840                __vector_6
                0x0000000000000840                __vector_31
                0x0000000000000840                __vector_35
                0x0000000000000840                __vector_39
                0x0000000000000840                __vector_3
                0x0000000000000840                __vector_23
                0x0000000000000840                __vector_30
                0x0000000000000840                __vector_25
                0x0000000000000840                __vector_13
                0x0000000000000840                __vector_17
                0x0000000000000840                __vector_19
                0x0000000000000840                __vector_7
                0x0000000000000840                __vector_41
                0x0000000000000840                __vector_27
                0x0000000000000840                __vector_5
                0x0000000000000840                __vector_33
                0x0000000000000840                __vector_37
                0x0000000000000840                __vector_4
                0x0000000000000840                __vector_9
                0x0000000000000840                __vector_2
                0x0000000000000840                __vector_15
                0x0000000000000840                __vector_36
                0x0000000000000840                __vector_29
                0x0000000000000840                __vector_40
                0x0000000000000840                __vector_8
                0x0000000000000840                __vector_26
                0x0000000000000840                __vector_14
                0x0000000000000840                __vector_16
                0x0000000000000840                __vector_18
                0x0000000000000840                __vector_20
                0x0000000000000840                __vector_42
                0x0000000000000844                . = ALIGN (0x2)
 *(.text.*)
 .text.matrix_scan_kb
                0x0000000000000844        0x4 .build/obj_dz60_default/keyboards/dz60/dz60.o
                0x0000000000000844                matrix_scan_kb
 .text.led_init_ports
                0x0000000000000848        0x6 .build/obj_dz60_default/keyboards/dz60/dz60.o
                0x0000000000000848                led_init_ports
 .text.matrix_init_kb
                0x000000000000084e        0x8 .build/obj_dz60_default/keyboards/dz60/dz60.o
                0x000000000000084e                matrix_init_kb
 .text.led_set_kb
                0x0000000000000856        0x4 .build/obj_dz60_default/keyboards/dz60/dz60.o
                0x0000000000000856                led_set_kb
 .text.dynamic_macro_led_blink
                0x000000000000085a       0x1a .build/obj_dz60_default/keyboards/dz60/keymaps/default/keymap.o
                0x000000000000085a                dynamic_macro_led_blink
 .text.dynamic_macro_record_start
                0x0000000000000874       0x26 .build/obj_dz60_default/keyboards/dz60/keymaps/default/keymap.o
                0x0000000000000874                dynamic_macro_record_start
 .text.dynamic_macro_play
                0x000000000000089a       0x76 .build/obj_dz60_default/keyboards/dz60/keymaps/default/keymap.o
                0x000000000000089a                dynamic_macro_play
 .text.dynamic_macro_record_key
                0x0000000000000910       0x5e .build/obj_dz60_default/keyboards/dz60/keymaps/default/keymap.o
                0x0000000000000910                dynamic_macro_record_key
 .text.dynamic_macro_record_end
                0x000000000000096e       0x62 .build/obj_dz60_default/keyboards/dz60/keymaps/default/keymap.o
                0x000000000000096e                dynamic_macro_record_end
 .text.process_record_dynamic_macro
                0x00000000000009d0      0x118 .build/obj_dz60_default/keyboards/dz60/keymaps/default/keymap.o
                0x00000000000009d0                process_record_dynamic_macro
 .text.action_get_macro
                0x0000000000000ae8       0x1a .build/obj_dz60_default/keyboards/dz60/keymaps/default/keymap.o
                0x0000000000000ae8                action_get_macro
 .text.matrix_init_user
                0x0000000000000b02        0x2 .build/obj_dz60_default/keyboards/dz60/keymaps/default/keymap.o
                0x0000000000000b02                matrix_init_user
 .text.matrix_scan_user
                0x0000000000000b04        0x2 .build/obj_dz60_default/keyboards/dz60/keymaps/default/keymap.o
                0x0000000000000b04                matrix_scan_user
 .text.process_record_user
                0x0000000000000b06       0x10 .build/obj_dz60_default/keyboards/dz60/keymaps/default/keymap.o
                0x0000000000000b06                process_record_user
 .text.led_set_user
                0x0000000000000b16        0x2 .build/obj_dz60_default/keyboards/dz60/keymaps/default/keymap.o
                0x0000000000000b16                led_set_user
 .text.process_action_kb
                0x0000000000000b18        0x4 .build/obj_dz60_default/quantum/quantum.o
                0x0000000000000b18                process_action_kb
 .text.process_record_kb
                0x0000000000000b1c        0x4 .build/obj_dz60_default/quantum/quantum.o
                0x0000000000000b1c                process_record_kb
 .text.reset_keyboard
                0x0000000000000b20       0x1a .build/obj_dz60_default/quantum/quantum.o
                0x0000000000000b20                reset_keyboard
 .text.process_record_quantum
                0x0000000000000b3a      0x542 .build/obj_dz60_default/quantum/quantum.o
                0x0000000000000b3a                process_record_quantum
 .text.send_char
                0x000000000000107c       0x3e .build/obj_dz60_default/quantum/quantum.o
                0x000000000000107c                send_char
 .text.send_string_with_delay_P
                0x00000000000010ba       0x74 .build/obj_dz60_default/quantum/quantum.o
                0x00000000000010ba                send_string_with_delay_P
 .text.send_string_P
                0x000000000000112e        0x6 .build/obj_dz60_default/quantum/quantum.o
                0x000000000000112e                send_string_P
 .text.matrix_scan_quantum
                0x0000000000001134        0x4 .build/obj_dz60_default/quantum/quantum.o
                0x0000000000001134                matrix_scan_quantum
 .text.backlight_set
                0x0000000000001138       0xb8 .build/obj_dz60_default/quantum/quantum.o
                0x0000000000001138                backlight_set
 .text.backlight_init_ports
                0x00000000000011f0       0x20 .build/obj_dz60_default/quantum/quantum.o
                0x00000000000011f0                backlight_init_ports
 .text.matrix_init_quantum
                0x0000000000001210        0x8 .build/obj_dz60_default/quantum/quantum.o
                0x0000000000001210                matrix_init_quantum
 .text.led_set  0x0000000000001218        0x4 .build/obj_dz60_default/quantum/quantum.o
                0x0000000000001218                led_set
 .text.action_function
                0x000000000000121c        0x2 .build/obj_dz60_default/quantum/keymap_common.o
                0x000000000000121c                action_function
 .text.keymap_key_to_keycode
                0x000000000000121e       0x24 .build/obj_dz60_default/quantum/keymap_common.o
                0x000000000000121e                keymap_key_to_keycode
 .text.keymap_function_id_to_action
                0x0000000000001242       0x10 .build/obj_dz60_default/quantum/keymap_common.o
                0x0000000000001242                keymap_function_id_to_action
 .text.action_for_key
                0x0000000000001252      0x3b6 .build/obj_dz60_default/quantum/keymap_common.o
                0x0000000000001252                action_for_key
 .text.keycode_config
                0x0000000000001608       0xfa .build/obj_dz60_default/quantum/keycode_config.o
                0x0000000000001608                keycode_config
 .text.mod_config
                0x0000000000001702       0x46 .build/obj_dz60_default/quantum/keycode_config.o
                0x0000000000001702                mod_config
 .text.leader_start
                0x0000000000001748        0x2 .build/obj_dz60_default/quantum/process_keycode/process_leader.o
                0x0000000000001748                leader_start
 .text.process_leader
                0x000000000000174a       0x9e .build/obj_dz60_default/quantum/process_keycode/process_leader.o
                0x000000000000174a                process_leader
 .text.matrix_init
                0x00000000000017e8       0x9c .build/obj_dz60_default/quantum/matrix.o
                0x00000000000017e8                matrix_init
 .text.matrix_scan
                0x0000000000001884      0x168 .build/obj_dz60_default/quantum/matrix.o
                0x0000000000001884                matrix_scan
 .text.matrix_get_row
                0x00000000000019ec       0x12 .build/obj_dz60_default/quantum/matrix.o
                0x00000000000019ec                matrix_get_row
 .text.matrix_print
                0x00000000000019fe        0x2 .build/obj_dz60_default/quantum/matrix.o
                0x00000000000019fe                matrix_print
 .text.sethsv   0x0000000000001a00       0xe8 .build/obj_dz60_default/quantum/rgblight.o
                0x0000000000001a00                sethsv
 .text.eeconfig_read_rgblight
                0x0000000000001ae8        0x8 .build/obj_dz60_default/quantum/rgblight.o
                0x0000000000001ae8                eeconfig_read_rgblight
 .text.eeconfig_update_rgblight
                0x0000000000001af0        0xc .build/obj_dz60_default/quantum/rgblight.o
                0x0000000000001af0                eeconfig_update_rgblight
 .text.eeconfig_update_rgblight_default
                0x0000000000001afc       0x26 .build/obj_dz60_default/quantum/rgblight.o
                0x0000000000001afc                eeconfig_update_rgblight_default
 .text.rgblight_get_mode
                0x0000000000001b22       0x1c .build/obj_dz60_default/quantum/rgblight.o
                0x0000000000001b22                rgblight_get_mode
 .text.rgblight_set
                0x0000000000001b3e       0x2e .build/obj_dz60_default/quantum/rgblight.o
                0x0000000000001b3e                rgblight_set
 .text.rgblight_setrgb
                0x0000000000001b6c       0x28 .build/obj_dz60_default/quantum/rgblight.o
                0x0000000000001b6c                rgblight_setrgb
 .text.rgblight_sethsv_noeeprom
                0x0000000000001b94       0x92 .build/obj_dz60_default/quantum/rgblight.o
                0x0000000000001b94                rgblight_sethsv_noeeprom
 .text.rgblight_sethsv
                0x0000000000001c26      0x15c .build/obj_dz60_default/quantum/rgblight.o
                0x0000000000001c26                rgblight_sethsv
 .text.rgblight_increase_hue
                0x0000000000001d82       0x30 .build/obj_dz60_default/quantum/rgblight.o
                0x0000000000001d82                rgblight_increase_hue
 .text.rgblight_decrease_hue
                0x0000000000001db2       0x3e .build/obj_dz60_default/quantum/rgblight.o
                0x0000000000001db2                rgblight_decrease_hue
 .text.rgblight_increase_sat
                0x0000000000001df0       0x36 .build/obj_dz60_default/quantum/rgblight.o
                0x0000000000001df0                rgblight_increase_sat
 .text.rgblight_decrease_sat
                0x0000000000001e26       0x34 .build/obj_dz60_default/quantum/rgblight.o
                0x0000000000001e26                rgblight_decrease_sat
 .text.rgblight_increase_val
                0x0000000000001e5a       0x36 .build/obj_dz60_default/quantum/rgblight.o
                0x0000000000001e5a                rgblight_increase_val
 .text.rgblight_decrease_val
                0x0000000000001e90       0x34 .build/obj_dz60_default/quantum/rgblight.o
                0x0000000000001e90                rgblight_decrease_val
 .text.rgblight_mode
                0x0000000000001ec4       0x8e .build/obj_dz60_default/quantum/rgblight.o
                0x0000000000001ec4                rgblight_mode
 .text.rgblight_init
                0x0000000000001f52       0x68 .build/obj_dz60_default/quantum/rgblight.o
                0x0000000000001f52                rgblight_init
 .text.rgblight_step
                0x0000000000001fba       0x14 .build/obj_dz60_default/quantum/rgblight.o
                0x0000000000001fba                rgblight_step
 .text.rgblight_step_reverse
                0x0000000000001fce       0x12 .build/obj_dz60_default/quantum/rgblight.o
                0x0000000000001fce                rgblight_step_reverse
 .text.rgblight_enable
                0x0000000000001fe0       0x30 .build/obj_dz60_default/quantum/rgblight.o
                0x0000000000001fe0                rgblight_enable
 .text.rgblight_disable
                0x0000000000002010       0x38 .build/obj_dz60_default/quantum/rgblight.o
                0x0000000000002010                rgblight_disable
 .text.rgblight_toggle
                0x0000000000002048        0xe .build/obj_dz60_default/quantum/rgblight.o
                0x0000000000002048                rgblight_toggle
 .text.rgblight_effect_breathing
                0x0000000000002056       0xae .build/obj_dz60_default/quantum/rgblight.o
                0x0000000000002056                rgblight_effect_breathing
 .text.rgblight_effect_rainbow_mood
                0x0000000000002104       0x60 .build/obj_dz60_default/quantum/rgblight.o
                0x0000000000002104                rgblight_effect_rainbow_mood
 .text.rgblight_effect_rainbow_swirl
                0x0000000000002164       0xbc .build/obj_dz60_default/quantum/rgblight.o
                0x0000000000002164                rgblight_effect_rainbow_swirl
 .text.rgblight_effect_snake
                0x0000000000002220      0x122 .build/obj_dz60_default/quantum/rgblight.o
                0x0000000000002220                rgblight_effect_snake
 .text.rgblight_effect_knight
                0x0000000000002342      0x104 .build/obj_dz60_default/quantum/rgblight.o
                0x0000000000002342                rgblight_effect_knight
 .text.rgblight_effect_christmas
                0x0000000000002446       0xa0 .build/obj_dz60_default/quantum/rgblight.o
                0x0000000000002446                rgblight_effect_christmas
 .text.rgblight_task
                0x00000000000024e6       0x6e .build/obj_dz60_default/quantum/rgblight.o
                0x00000000000024e6                rgblight_task
 .text.ws2812_sendarray_mask
                0x0000000000002554       0x42 .build/obj_dz60_default/ws2812.o
                0x0000000000002554                ws2812_sendarray_mask
 .text.ws2812_setleds_pin
                0x0000000000002596       0x22 .build/obj_dz60_default/ws2812.o
                0x0000000000002596                ws2812_setleds_pin
 .text.ws2812_setleds
                0x00000000000025b8        0x6 .build/obj_dz60_default/ws2812.o
                0x00000000000025b8                ws2812_setleds
 .text.host_set_driver
                0x00000000000025be        0xa .build/obj_dz60_default/common/host.o
                0x00000000000025be                host_set_driver
 .text.host_keyboard_leds
                0x00000000000025c8       0x18 .build/obj_dz60_default/common/host.o
                0x00000000000025c8                host_keyboard_leds
 .text.host_keyboard_send
                0x00000000000025e0       0x16 .build/obj_dz60_default/common/host.o
                0x00000000000025e0                host_keyboard_send
 .text.host_mouse_send
                0x00000000000025f6       0x16 .build/obj_dz60_default/common/host.o
                0x00000000000025f6                host_mouse_send
 .text.host_system_send
                0x000000000000260c       0x2c .build/obj_dz60_default/common/host.o
                0x000000000000260c                host_system_send
 .text.host_consumer_send
                0x0000000000002638       0x2c .build/obj_dz60_default/common/host.o
                0x0000000000002638                host_consumer_send
 .text.matrix_setup
                0x0000000000002664        0x2 .build/obj_dz60_default/common/keyboard.o
                0x0000000000002664                matrix_setup
 .text.keyboard_setup
                0x0000000000002666        0x4 .build/obj_dz60_default/common/keyboard.o
                0x0000000000002666                keyboard_setup
 .text.is_keyboard_master
                0x000000000000266a        0x4 .build/obj_dz60_default/common/keyboard.o
                0x000000000000266a                is_keyboard_master
 .text.keyboard_init
                0x000000000000266e       0x14 .build/obj_dz60_default/common/keyboard.o
                0x000000000000266e                keyboard_init
 .text.keyboard_task
                0x0000000000002682      0x17c .build/obj_dz60_default/common/keyboard.o
                0x0000000000002682                keyboard_task
 .text.action_exec
                0x00000000000027fe       0x5c .build/obj_dz60_default/common/action.o
                0x00000000000027fe                action_exec
 .text.process_record_tap_hint
                0x000000000000285a        0xc .build/obj_dz60_default/common/action.o
                0x000000000000285a                process_record_tap_hint
 .text.register_code
                0x0000000000002866      0x1ee .build/obj_dz60_default/common/action.o
                0x0000000000002866                register_code
 .text.unregister_code
                0x0000000000002a54       0xbe .build/obj_dz60_default/common/action.o
                0x0000000000002a54                unregister_code
 .text.register_mods
                0x0000000000002b12        0xe .build/obj_dz60_default/common/action.o
                0x0000000000002b12                register_mods
 .text.unregister_mods
                0x0000000000002b20        0xe .build/obj_dz60_default/common/action.o
                0x0000000000002b20                unregister_mods
 .text.process_action
                0x0000000000002b2e      0x566 .build/obj_dz60_default/common/action.o
                0x0000000000002b2e                process_action
 .text.process_record
                0x0000000000003094       0x4e .build/obj_dz60_default/common/action.o
                0x0000000000003094                process_record
 .text.clear_keyboard_but_mods
                0x00000000000030e2       0x30 .build/obj_dz60_default/common/action.o
                0x00000000000030e2                clear_keyboard_but_mods
 .text.clear_keyboard
                0x0000000000003112        0x8 .build/obj_dz60_default/common/action.o
                0x0000000000003112                clear_keyboard
 .text.is_tap_key
                0x000000000000311a       0x48 .build/obj_dz60_default/common/action.o
                0x000000000000311a                is_tap_key
 .text.debug_event
                0x0000000000003162       0x1e .build/obj_dz60_default/common/action.o
                0x0000000000003162                debug_event
 .text.debug_record
                0x0000000000003180       0x20 .build/obj_dz60_default/common/action.o
                0x0000000000003180                debug_record
 .text.debug_waiting_buffer
                0x00000000000031a0       0x42 .build/obj_dz60_default/common/action_tapping.o
 .text.debug_tapping_key
                0x00000000000031e2       0x1c .build/obj_dz60_default/common/action_tapping.o
 .text.waiting_buffer_scan_tap
                0x00000000000031fe       0xb6 .build/obj_dz60_default/common/action_tapping.o
 .text.process_tapping
                0x00000000000032b4      0x3ac .build/obj_dz60_default/common/action_tapping.o
 .text.action_tapping_process
                0x0000000000003660      0x148 .build/obj_dz60_default/common/action_tapping.o
                0x0000000000003660                action_tapping_process
 .text.action_macro_play
                0x00000000000037a8       0xfa .build/obj_dz60_default/common/action_macro.o
                0x00000000000037a8                action_macro_play
 .text.default_layer_state_set_kb
                0x00000000000038a2        0x2 .build/obj_dz60_default/common/action_layer.o
                0x00000000000038a2                default_layer_state_set_kb
 .text.default_layer_state_set
                0x00000000000038a4       0x18 .build/obj_dz60_default/common/action_layer.o
 .text.default_layer_debug
                0x00000000000038bc        0x2 .build/obj_dz60_default/common/action_layer.o
                0x00000000000038bc                default_layer_debug
 .text.default_layer_set
                0x00000000000038be        0x4 .build/obj_dz60_default/common/action_layer.o
                0x00000000000038be                default_layer_set
 .text.default_layer_or
                0x00000000000038c2       0x24 .build/obj_dz60_default/common/action_layer.o
                0x00000000000038c2                default_layer_or
 .text.default_layer_and
                0x00000000000038e6       0x24 .build/obj_dz60_default/common/action_layer.o
                0x00000000000038e6                default_layer_and
 .text.default_layer_xor
                0x000000000000390a       0x24 .build/obj_dz60_default/common/action_layer.o
                0x000000000000390a                default_layer_xor
 .text.layer_state_set_user
                0x000000000000392e        0x2 .build/obj_dz60_default/common/action_layer.o
                0x000000000000392e                layer_state_set_user
 .text.layer_state_set_kb
                0x0000000000003930        0x4 .build/obj_dz60_default/common/action_layer.o
                0x0000000000003930                layer_state_set_kb
 .text.layer_state_set
                0x0000000000003934       0x18 .build/obj_dz60_default/common/action_layer.o
                0x0000000000003934                layer_state_set
 .text.layer_clear
                0x000000000000394c        0xa .build/obj_dz60_default/common/action_layer.o
                0x000000000000394c                layer_clear
 .text.layer_move
                0x0000000000003956       0x2a .build/obj_dz60_default/common/action_layer.o
                0x0000000000003956                layer_move
 .text.layer_on
                0x0000000000003980       0x42 .build/obj_dz60_default/common/action_layer.o
                0x0000000000003980                layer_on
 .text.layer_off
                0x00000000000039c2       0x4a .build/obj_dz60_default/common/action_layer.o
                0x00000000000039c2                layer_off
 .text.layer_invert
                0x0000000000003a0c       0x42 .build/obj_dz60_default/common/action_layer.o
                0x0000000000003a0c                layer_invert
 .text.layer_or
                0x0000000000003a4e       0x24 .build/obj_dz60_default/common/action_layer.o
                0x0000000000003a4e                layer_or
 .text.layer_and
                0x0000000000003a72       0x24 .build/obj_dz60_default/common/action_layer.o
                0x0000000000003a72                layer_and
 .text.layer_xor
                0x0000000000003a96       0x24 .build/obj_dz60_default/common/action_layer.o
                0x0000000000003a96                layer_xor
 .text.layer_debug
                0x0000000000003aba        0x2 .build/obj_dz60_default/common/action_layer.o
                0x0000000000003aba                layer_debug
 .text.update_source_layers_cache
                0x0000000000003abc       0x5e .build/obj_dz60_default/common/action_layer.o
                0x0000000000003abc                update_source_layers_cache
 .text.read_source_layers_cache
                0x0000000000003b1a       0x58 .build/obj_dz60_default/common/action_layer.o
                0x0000000000003b1a                read_source_layers_cache
 .text.layer_switch_get_layer
                0x0000000000003b72       0x7e .build/obj_dz60_default/common/action_layer.o
                0x0000000000003b72                layer_switch_get_layer
 .text.layer_switch_get_action
                0x0000000000003bf0       0x16 .build/obj_dz60_default/common/action_layer.o
                0x0000000000003bf0                layer_switch_get_action
 .text.store_or_get_action
                0x0000000000003c06       0x46 .build/obj_dz60_default/common/action_layer.o
                0x0000000000003c06                store_or_get_action
 .text.get_oneshot_layer
                0x0000000000003c4c        0xc .build/obj_dz60_default/common/action_util.o
                0x0000000000003c4c                get_oneshot_layer
 .text.get_oneshot_layer_state
                0x0000000000003c58        0x8 .build/obj_dz60_default/common/action_util.o
                0x0000000000003c58                get_oneshot_layer_state
 .text.set_oneshot_layer
                0x0000000000003c60       0x12 .build/obj_dz60_default/common/action_util.o
                0x0000000000003c60                set_oneshot_layer
 .text.clear_oneshot_layer_state
                0x0000000000003c72       0x2e .build/obj_dz60_default/common/action_util.o
                0x0000000000003c72                clear_oneshot_layer_state
 .text.is_oneshot_layer_active
                0x0000000000003ca0        0xe .build/obj_dz60_default/common/action_util.o
                0x0000000000003ca0                is_oneshot_layer_active
 .text.send_keyboard_report
                0x0000000000003cae       0x66 .build/obj_dz60_default/common/action_util.o
                0x0000000000003cae                send_keyboard_report
 .text.get_mods
                0x0000000000003d14        0x6 .build/obj_dz60_default/common/action_util.o
                0x0000000000003d14                get_mods
 .text.add_mods
                0x0000000000003d1a        0xc .build/obj_dz60_default/common/action_util.o
                0x0000000000003d1a                add_mods
 .text.del_mods
                0x0000000000003d26        0xe .build/obj_dz60_default/common/action_util.o
                0x0000000000003d26                del_mods
 .text.clear_mods
                0x0000000000003d34        0x6 .build/obj_dz60_default/common/action_util.o
                0x0000000000003d34                clear_mods
 .text.add_weak_mods
                0x0000000000003d3a        0xc .build/obj_dz60_default/common/action_util.o
                0x0000000000003d3a                add_weak_mods
 .text.del_weak_mods
                0x0000000000003d46        0xe .build/obj_dz60_default/common/action_util.o
                0x0000000000003d46                del_weak_mods
 .text.clear_weak_mods
                0x0000000000003d54        0x6 .build/obj_dz60_default/common/action_util.o
                0x0000000000003d54                clear_weak_mods
 .text.add_macro_mods
                0x0000000000003d5a        0xc .build/obj_dz60_default/common/action_util.o
                0x0000000000003d5a                add_macro_mods
 .text.del_macro_mods
                0x0000000000003d66        0xe .build/obj_dz60_default/common/action_util.o
                0x0000000000003d66                del_macro_mods
 .text.clear_macro_mods
                0x0000000000003d74        0x6 .build/obj_dz60_default/common/action_util.o
                0x0000000000003d74                clear_macro_mods
 .text.set_oneshot_mods
                0x0000000000003d7a        0x6 .build/obj_dz60_default/common/action_util.o
                0x0000000000003d7a                set_oneshot_mods
 .text.clear_oneshot_mods
                0x0000000000003d80        0x6 .build/obj_dz60_default/common/action_util.o
                0x0000000000003d80                clear_oneshot_mods
 .text.eeconfig_init
                0x0000000000003d86       0x4c .build/obj_dz60_default/common/eeconfig.o
                0x0000000000003d86                eeconfig_init
 .text.eeconfig_is_enabled
                0x0000000000003dd2       0x16 .build/obj_dz60_default/common/eeconfig.o
                0x0000000000003dd2                eeconfig_is_enabled
 .text.eeconfig_read_debug
                0x0000000000003de8        0x8 .build/obj_dz60_default/common/eeconfig.o
                0x0000000000003de8                eeconfig_read_debug
 .text.eeconfig_read_default_layer
                0x0000000000003df0        0x8 .build/obj_dz60_default/common/eeconfig.o
                0x0000000000003df0                eeconfig_read_default_layer
 .text.eeconfig_read_keymap
                0x0000000000003df8        0x8 .build/obj_dz60_default/common/eeconfig.o
                0x0000000000003df8                eeconfig_read_keymap
 .text.eeconfig_update_keymap
                0x0000000000003e00        0xa .build/obj_dz60_default/common/eeconfig.o
                0x0000000000003e00                eeconfig_update_keymap
 .text.eeconfig_read_backlight
                0x0000000000003e0a        0x8 .build/obj_dz60_default/common/eeconfig.o
                0x0000000000003e0a                eeconfig_read_backlight
 .text.eeconfig_update_backlight
                0x0000000000003e12        0xa .build/obj_dz60_default/common/eeconfig.o
                0x0000000000003e12                eeconfig_update_backlight
 .text.has_anykey
                0x0000000000003e1c       0x1a .build/obj_dz60_default/common/report.o
                0x0000000000003e1c                has_anykey
 .text.add_key_byte
                0x0000000000003e36       0x34 .build/obj_dz60_default/common/report.o
                0x0000000000003e36                add_key_byte
 .text.del_key_byte
                0x0000000000003e6a       0x18 .build/obj_dz60_default/common/report.o
                0x0000000000003e6a                del_key_byte
 .text.add_key_bit
                0x0000000000003e82       0x28 .build/obj_dz60_default/common/report.o
                0x0000000000003e82                add_key_bit
 .text.del_key_bit
                0x0000000000003eaa       0x2a .build/obj_dz60_default/common/report.o
                0x0000000000003eaa                del_key_bit
 .text.add_key_to_report
                0x0000000000003ed4       0x16 .build/obj_dz60_default/common/report.o
                0x0000000000003ed4                add_key_to_report
 .text.del_key_from_report
                0x0000000000003eea       0x16 .build/obj_dz60_default/common/report.o
                0x0000000000003eea                del_key_from_report
 .text.clear_keys_from_report
                0x0000000000003f00       0x10 .build/obj_dz60_default/common/report.o
                0x0000000000003f00                clear_keys_from_report
 .text.suspend_power_down
                0x0000000000003f10       0x5e .build/obj_dz60_default/common/avr/suspend.o
                0x0000000000003f10                suspend_power_down
 .text.matrix_power_up
                0x0000000000003f6e        0x2 .build/obj_dz60_default/common/avr/suspend.o
                0x0000000000003f6e                matrix_power_up
 .text.matrix_power_down
                0x0000000000003f70        0x2 .build/obj_dz60_default/common/avr/suspend.o
                0x0000000000003f70                matrix_power_down
 .text.suspend_wakeup_condition
                0x0000000000003f72       0x2a .build/obj_dz60_default/common/avr/suspend.o
                0x0000000000003f72                suspend_wakeup_condition
 .text.suspend_wakeup_init
                0x0000000000003f9c       0x10 .build/obj_dz60_default/common/avr/suspend.o
                0x0000000000003f9c                suspend_wakeup_init
 .text.__vector_12
                0x0000000000003fac       0x52 .build/obj_dz60_default/common/avr/suspend.o
                0x0000000000003fac                __vector_12
 .text.timer_init
                0x0000000000003ffe       0x12 .build/obj_dz60_default/common/avr/timer.o
                0x0000000000003ffe                timer_init
 .text.timer_read
                0x0000000000004010       0x18 .build/obj_dz60_default/common/avr/timer.o
                0x0000000000004010                timer_read
 .text.timer_elapsed
                0x0000000000004028       0x54 .build/obj_dz60_default/common/avr/timer.o
                0x0000000000004028                timer_elapsed
 .text.__vector_21
                0x000000000000407c       0x4c .build/obj_dz60_default/common/avr/timer.o
                0x000000000000407c                __vector_21
 .text.bootloader_jump
                0x00000000000040c8       0x48 .build/obj_dz60_default/common/avr/bootloader.o
                0x00000000000040c8                bootloader_jump
 .text.magic    0x0000000000004110       0x32 .build/obj_dz60_default/common/magic.o
                0x0000000000004110                magic
 .text.move_unit
                0x0000000000004142       0x92 .build/obj_dz60_default/common/mousekey.o
 .text.wheel_unit
                0x00000000000041d4       0x72 .build/obj_dz60_default/common/mousekey.o
 .text.mousekey_on
                0x0000000000004246       0xd0 .build/obj_dz60_default/common/mousekey.o
                0x0000000000004246                mousekey_on
 .text.mousekey_off
                0x0000000000004316      0x10a .build/obj_dz60_default/common/mousekey.o
                0x0000000000004316                mousekey_off
 .text.mousekey_send
                0x0000000000004420       0x16 .build/obj_dz60_default/common/mousekey.o
                0x0000000000004420                mousekey_send
 .text.mousekey_task
                0x0000000000004436      0x11c .build/obj_dz60_default/common/mousekey.o
                0x0000000000004436                mousekey_task
 .text.mousekey_clear
                0x0000000000004552       0x18 .build/obj_dz60_default/common/mousekey.o
                0x0000000000004552                mousekey_clear
 .text.backlight_init
                0x000000000000456a       0x3a .build/obj_dz60_default/common/backlight.o
                0x000000000000456a                backlight_init
 .text.backlight_increase
                0x00000000000045a4       0x3a .build/obj_dz60_default/common/backlight.o
                0x00000000000045a4                backlight_increase
 .text.backlight_decrease
                0x00000000000045de       0x38 .build/obj_dz60_default/common/backlight.o
                0x00000000000045de                backlight_decrease
 .text.backlight_toggle
                0x0000000000004616       0x34 .build/obj_dz60_default/common/backlight.o
                0x0000000000004616                backlight_toggle
 .text.backlight_step
                0x000000000000464a       0x46 .build/obj_dz60_default/common/backlight.o
                0x000000000000464a                backlight_step
 .text.backlight_level
                0x0000000000004690       0x36 .build/obj_dz60_default/common/backlight.o
                0x0000000000004690                backlight_level
 .text.keyboard_leds
                0x00000000000046c6        0x6 .build/obj_dz60_default/lufa.o
 .text.send_consumer
                0x00000000000046cc       0x74 .build/obj_dz60_default/lufa.o
 .text.send_system
                0x0000000000004740       0x6c .build/obj_dz60_default/lufa.o
 .text.send_mouse
                0x00000000000047ac       0x56 .build/obj_dz60_default/lufa.o
 .text.send_keyboard
                0x0000000000004802       0xa8 .build/obj_dz60_default/lufa.o
 .text.EVENT_USB_Device_Connect
                0x00000000000048aa       0x1c .build/obj_dz60_default/lufa.o
                0x00000000000048aa                EVENT_USB_Device_Connect
 .text.EVENT_USB_Device_Disconnect
                0x00000000000048c6        0x6 .build/obj_dz60_default/lufa.o
                0x00000000000048c6                EVENT_USB_Device_Disconnect
 .text.EVENT_USB_Device_Reset
                0x00000000000048cc        0x2 .build/obj_dz60_default/lufa.o
                0x00000000000048cc                EVENT_USB_Device_Reset
 .text.EVENT_USB_Device_Suspend
                0x00000000000048ce        0x2 .build/obj_dz60_default/lufa.o
                0x00000000000048ce                EVENT_USB_Device_Suspend
 .text.EVENT_USB_Device_WakeUp
                0x00000000000048d0        0x4 .build/obj_dz60_default/lufa.o
                0x00000000000048d0                EVENT_USB_Device_WakeUp
 .text.EVENT_USB_Device_ConfigurationChanged
                0x00000000000048d4       0x28 .build/obj_dz60_default/lufa.o
                0x00000000000048d4                EVENT_USB_Device_ConfigurationChanged
 .text.EVENT_USB_Device_ControlRequest
                0x00000000000048fc      0x164 .build/obj_dz60_default/lufa.o
                0x00000000000048fc                EVENT_USB_Device_ControlRequest
 .text.startup.main
                0x0000000000004a60       0x7a .build/obj_dz60_default/lufa.o
                0x0000000000004a60                main
 .text.CALLBACK_USB_GetDescriptor
                0x0000000000004ada        0x4 .build/obj_dz60_default/lufa.o
                0x0000000000004ada                CALLBACK_USB_GetDescriptor
 .text.get_usb_descriptor
                0x0000000000004ade       0xbc .build/obj_dz60_default/usb_descriptor.o
                0x0000000000004ade                get_usb_descriptor
 .text.set_output_user
                0x0000000000004b9a        0x2 .build/obj_dz60_default/outputselect.o
                0x0000000000004b9a                set_output_user
 .text.set_output
                0x0000000000004b9c       0x10 .build/obj_dz60_default/outputselect.o
                0x0000000000004b9c                set_output
 .text.auto_detect_output
                0x0000000000004bac       0x10 .build/obj_dz60_default/outputselect.o
                0x0000000000004bac                auto_detect_output
 .text.where_to_send
                0x0000000000004bbc        0xe .build/obj_dz60_default/outputselect.o
                0x0000000000004bbc                where_to_send
 .text.USB_Device_SendRemoteWakeup
                0x0000000000004bca       0x2c .build/obj_dz60_default/./lib/lufa/LUFA/Drivers/USB/Core/AVR8/Device_AVR8.o
                0x0000000000004bca                USB_Device_SendRemoteWakeup
 .text.Endpoint_Write_Stream_LE
                0x0000000000004bf6       0x96 .build/obj_dz60_default/./lib/lufa/LUFA/Drivers/USB/Core/AVR8/EndpointStream_AVR8.o
                0x0000000000004bf6                Endpoint_Write_Stream_LE
 .text.Endpoint_Write_Control_Stream_LE
                0x0000000000004c8c       0xc6 .build/obj_dz60_default/./lib/lufa/LUFA/Drivers/USB/Core/AVR8/EndpointStream_AVR8.o
                0x0000000000004c8c                Endpoint_Write_Control_Stream_LE
 .text.Endpoint_Write_Control_PStream_LE
                0x0000000000004d52       0xc2 .build/obj_dz60_default/./lib/lufa/LUFA/Drivers/USB/Core/AVR8/EndpointStream_AVR8.o
                0x0000000000004d52                Endpoint_Write_Control_PStream_LE
 .text.Endpoint_ConfigureEndpoint_Prv
                0x0000000000004e14       0x6a .build/obj_dz60_default/./lib/lufa/LUFA/Drivers/USB/Core/AVR8/Endpoint_AVR8.o
                0x0000000000004e14                Endpoint_ConfigureEndpoint_Prv
 .text.Endpoint_ClearStatusStage
                0x0000000000004e7e       0x3e .build/obj_dz60_default/./lib/lufa/LUFA/Drivers/USB/Core/AVR8/Endpoint_AVR8.o
                0x0000000000004e7e                Endpoint_ClearStatusStage
 .text.Endpoint_WaitUntilReady
                0x0000000000004ebc       0x64 .build/obj_dz60_default/./lib/lufa/LUFA/Drivers/USB/Core/AVR8/Endpoint_AVR8.o
                0x0000000000004ebc                Endpoint_WaitUntilReady
 .text.USB_Disable
                0x0000000000004f20       0x34 .build/obj_dz60_default/./lib/lufa/LUFA/Drivers/USB/Core/AVR8/USBController_AVR8.o
                0x0000000000004f20                USB_Disable
 .text.USB_ResetInterface
                0x0000000000004f54       0x86 .build/obj_dz60_default/./lib/lufa/LUFA/Drivers/USB/Core/AVR8/USBController_AVR8.o
                0x0000000000004f54                USB_ResetInterface
 .text.USB_Init
                0x0000000000004fda       0x22 .build/obj_dz60_default/./lib/lufa/LUFA/Drivers/USB/Core/AVR8/USBController_AVR8.o
                0x0000000000004fda                USB_Init
 .text.USB_INT_DisableAllInterrupts
                0x0000000000004ffc       0x10 .build/obj_dz60_default/./lib/lufa/LUFA/Drivers/USB/Core/AVR8/USBInterrupt_AVR8.o
                0x0000000000004ffc                USB_INT_DisableAllInterrupts
 .text.USB_INT_ClearAllInterrupts
                0x000000000000500c        0xa .build/obj_dz60_default/./lib/lufa/LUFA/Drivers/USB/Core/AVR8/USBInterrupt_AVR8.o
                0x000000000000500c                USB_INT_ClearAllInterrupts
 .text.__vector_10
                0x0000000000005016      0x1a4 .build/obj_dz60_default/./lib/lufa/LUFA/Drivers/USB/Core/AVR8/USBInterrupt_AVR8.o
                0x0000000000005016                __vector_10
 .text.__vector_11
                0x00000000000051ba       0x88 .build/obj_dz60_default/./lib/lufa/LUFA/Drivers/USB/Core/AVR8/USBInterrupt_AVR8.o
                0x00000000000051ba                __vector_11
 .text.USB_Device_ProcessControlRequest
                0x0000000000005242      0x2b4 .build/obj_dz60_default/./lib/lufa/LUFA/Drivers/USB/Core/DeviceStandardReq.o
                0x0000000000005242                USB_Device_ProcessControlRequest
 .text.USB_Event_Stub
                0x00000000000054f6        0x2 .build/obj_dz60_default/./lib/lufa/LUFA/Drivers/USB/Core/Events.o
                0x00000000000054f6                USB_Event_Stub
                0x00000000000054f6                EVENT_USB_Device_StartOfFrame
 .text.USB_USBTask
                0x00000000000054f8       0x36 .build/obj_dz60_default/./lib/lufa/LUFA/Drivers/USB/Core/USBTask.o
                0x00000000000054f8                USB_USBTask
 .text.avr-libc.fplib
                0x000000000000552e        0xe /usr/lib/gcc/avr/4.9.2/../../../avr/lib/avr5/libm.a(addsf3.o)
                0x000000000000552e                __subsf3
                0x0000000000005530                __addsf3
 .text.avr-libc.fplib
                0x000000000000553c       0xcc /usr/lib/gcc/avr/4.9.2/../../../avr/lib/avr5/libm.a(addsf3x.o)
                0x000000000000555e                __addsf3x
 .text.avr-libc.fplib
                0x0000000000005608        0x8 /usr/lib/gcc/avr/4.9.2/../../../avr/lib/avr5/libm.a(divsf3.o)
                0x0000000000005608                __divsf3
 .text.avr-libc.fplib
                0x0000000000005610       0xdc /usr/lib/gcc/avr/4.9.2/../../../avr/lib/avr5/libm.a(divsf3x.o)
                0x0000000000005630                __divsf3x
                0x0000000000005636                __divsf3_pse
 .text.avr-libc.fplib
                0x00000000000056ec       0x74 /usr/lib/gcc/avr/4.9.2/../../../avr/lib/avr5/libm.a(exp.o)
                0x00000000000056fc                exp
 .text.avr-libc.fplib
                0x0000000000005760       0x5e /usr/lib/gcc/avr/4.9.2/../../../avr/lib/avr5/libm.a(fixunssfsi.o)
                0x0000000000005760                __fixunssfsi
 .text.avr-libc.fplib
                0x00000000000057be       0x7a /usr/lib/gcc/avr/4.9.2/../../../avr/lib/avr5/libm.a(floatsisf.o)
                0x00000000000057be                __floatunsisf
                0x00000000000057c2                __floatsisf
 .text.avr-libc.fplib
                0x0000000000005838        0xc /usr/lib/gcc/avr/4.9.2/../../../avr/lib/avr5/libm.a(fp_inf.o)
                0x0000000000005838                __fp_inf
 .text.avr-libc.fplib
                0x0000000000005844        0x6 /usr/lib/gcc/avr/4.9.2/../../../avr/lib/avr5/libm.a(fp_nan.o)
                0x0000000000005844                __fp_nan
 .text.avr-libc.fplib
                0x000000000000584a       0x4e /usr/lib/gcc/avr/4.9.2/../../../avr/lib/avr5/libm.a(fp_powser.o)
                0x000000000000584a                __fp_powser
 .text.avr-libc.fplib
                0x0000000000005898        0xe /usr/lib/gcc/avr/4.9.2/../../../avr/lib/avr5/libm.a(fp_pscA.o)
                0x0000000000005898                __fp_pscA
 .text.avr-libc.fplib
                0x00000000000058a6        0xe /usr/lib/gcc/avr/4.9.2/../../../avr/lib/avr5/libm.a(fp_pscB.o)
                0x00000000000058a6                __fp_pscB
 .text.avr-libc.fplib
                0x00000000000058b4       0x22 /usr/lib/gcc/avr/4.9.2/../../../avr/lib/avr5/libm.a(fp_round.o)
                0x00000000000058b4                __fp_round
 .text.avr-libc.fplib
                0x00000000000058d6       0x44 /usr/lib/gcc/avr/4.9.2/../../../avr/lib/avr5/libm.a(fp_split3.o)
                0x00000000000058d6                __fp_split3
                0x00000000000058e6                __fp_splitA
 .text.avr-libc.fplib
                0x000000000000591a        0xe /usr/lib/gcc/avr/4.9.2/../../../avr/lib/avr5/libm.a(fp_zero.o)
                0x000000000000591a                __fp_zero
                0x000000000000591c                __fp_szero
 .text.avr-libc.fplib
                0x0000000000005928       0x10 /usr/lib/gcc/avr/4.9.2/../../../avr/lib/avr5/libm.a(inverse.o)
                0x0000000000005928                inverse
 .text.avr-libc.fplib
                0x0000000000005938       0x74 /usr/lib/gcc/avr/4.9.2/../../../avr/lib/avr5/libm.a(ldexp.o)
                0x0000000000005940                ldexp
 .text.avr-libc.fplib
                0x00000000000059ac       0x68 /usr/lib/gcc/avr/4.9.2/../../../avr/lib/avr5/libm.a(modf.o)
                0x00000000000059ac                modff
                0x00000000000059ac                modf
 .text.avr-libc.fplib
                0x0000000000005a14        0x8 /usr/lib/gcc/avr/4.9.2/../../../avr/lib/avr5/libm.a(mulsf3.o)
                0x0000000000005a14                __mulsf3
 .text.avr-libc.fplib
                0x0000000000005a1c       0xd2 /usr/lib/gcc/avr/4.9.2/../../../avr/lib/avr5/libm.a(mulsf3x.o)
                0x0000000000005a3a                __mulsf3x
                0x0000000000005a40                __mulsf3_pse
 .text.avr-libc.fplib
                0x0000000000005aee       0x10 /usr/lib/gcc/avr/4.9.2/../../../avr/lib/avr5/libm.a(sin.o)
                0x0000000000005aee                sin
 .text.avr-libc.fplib
                0x0000000000005afe       0x1c /usr/lib/gcc/avr/4.9.2/../../../avr/lib/avr5/libm.a(fp_mpack.o)
                0x0000000000005afe                __fp_mpack
                0x0000000000005b02                __fp_mpack_finite
 .text.avr-libc.fplib
                0x0000000000005b1a       0x56 /usr/lib/gcc/avr/4.9.2/../../../avr/lib/avr5/libm.a(fp_rempio2.o)
                0x0000000000005b1e                __fp_rempio2
 .text.avr-libc.fplib
                0x0000000000005b70       0x28 /usr/lib/gcc/avr/4.9.2/../../../avr/lib/avr5/libm.a(fp_sinus.o)
                0x0000000000005b70                __fp_sinus
 .text.avr-libc.fplib
                0x0000000000005b98       0x28 /usr/lib/gcc/avr/4.9.2/../../../avr/lib/avr5/libm.a(fp_powsodd.o)
                0x0000000000005b98                __fp_powsodd
 .text.libgcc.mul
                0x0000000000005bc0       0x20 /usr/lib/gcc/avr/4.9.2/avr5/libgcc.a(_mulsi3.o)
                0x0000000000005bc0                __mulsi3
 .text.libgcc.div
                0x0000000000005be0       0x28 /usr/lib/gcc/avr/4.9.2/avr5/libgcc.a(_udivmodhi4.o)
                0x0000000000005be0                __udivmodhi4
 .text.libgcc.div
                0x0000000000005c08       0x28 /usr/lib/gcc/avr/4.9.2/avr5/libgcc.a(_divmodhi4.o)
                0x0000000000005c08                __divmodhi4
                0x0000000000005c08                _div
 .text.libgcc.div
                0x0000000000005c30       0x44 /usr/lib/gcc/avr/4.9.2/avr5/libgcc.a(_udivmodsi4.o)
                0x0000000000005c30                __udivmodsi4
 .text.libgcc   0x0000000000005c74        0xc /usr/lib/gcc/avr/4.9.2/avr5/libgcc.a(_tablejump2.o)
                0x0000000000005c74                __tablejump2__
 .text.libgcc.mul
                0x0000000000005c80       0x1e /usr/lib/gcc/avr/4.9.2/avr5/libgcc.a(_umulhisi3.o)
                0x0000000000005c80                __umulhisi3
 .text.libgcc.mul
                0x0000000000005c9e       0x16 /usr/lib/gcc/avr/4.9.2/avr5/libgcc.a(_muluhisi3.o)
                0x0000000000005c9e                __muluhisi3
 .text.avr-libc
                0x0000000000005cb4       0x10 /usr/lib/gcc/avr/4.9.2/../../../avr/lib/avr5/libatmega32u4.a(eerd_byte.o)
                0x0000000000005cb4                eeprom_read_byte
 .text.avr-libc
                0x0000000000005cc4        0xc /usr/lib/gcc/avr/4.9.2/../../../avr/lib/avr5/libatmega32u4.a(eerd_dword.o)
                0x0000000000005cc4                eeprom_read_dword
                0x0000000000005cc4                eeprom_read_float
 .text.avr-libc
                0x0000000000005cd0        0xc /usr/lib/gcc/avr/4.9.2/../../../avr/lib/avr5/libatmega32u4.a(eerd_word.o)
                0x0000000000005cd0                eeprom_read_word
 .text.avr-libc
                0x0000000000005cdc       0x24 /usr/lib/gcc/avr/4.9.2/../../../avr/lib/avr5/libatmega32u4.a(eeupd_byte.o)
                0x0000000000005cdc                eeprom_update_byte
                0x0000000000005cde                eeprom_update_r18
 .text.avr-libc
                0x0000000000005d00       0x18 /usr/lib/gcc/avr/4.9.2/../../../avr/lib/avr5/libatmega32u4.a(eeupd_dword.o)
                0x0000000000005d00                eeprom_update_dword
                0x0000000000005d00                eeprom_update_float
 .text.avr-libc
                0x0000000000005d18        0xc /usr/lib/gcc/avr/4.9.2/../../../avr/lib/avr5/libatmega32u4.a(eeupd_word.o)
                0x0000000000005d18                eeprom_update_word
 .text.avr-libc
                0x0000000000005d24       0x20 /usr/lib/gcc/avr/4.9.2/../../../avr/lib/avr5/libatmega32u4.a(eerd_block.o)
                0x0000000000005d24                eeprom_read_block
                0x0000000000005d28                eeprom_read_blraw
                0x0000000000005d44                . = ALIGN (0x2)
 *(.fini9)
 .fini9         0x0000000000005d44        0x0 /usr/lib/gcc/avr/4.9.2/avr5/libgcc.a(_exit.o)
                0x0000000000005d44                exit
                0x0000000000005d44                _exit
 *(.fini9)
 *(.fini8)
 *(.fini8)
 *(.fini7)
 *(.fini7)
 *(.fini6)
 *(.fini6)
 *(.fini5)
 *(.fini5)
 *(.fini4)
 *(.fini4)
 *(.fini3)
 *(.fini3)
 *(.fini2)
 *(.fini2)
 *(.fini1)
 *(.fini1)
 *(.fini0)
 .fini0         0x0000000000005d44        0x4 /usr/lib/gcc/avr/4.9.2/avr5/libgcc.a(_exit.o)
 *(.fini0)
                0x0000000000005d48                _etext = .

.data           0x0000000000800100       0x42 load address 0x0000000000005d48
                0x0000000000800100                PROVIDE (__data_start, .)
 *(.data)
 *(.data*)
 .data.r_macro_end.5623
                0x0000000000800100        0x2 .build/obj_dz60_default/keyboards/dz60/keymaps/default/keymap.o
 .data.macro_end.5621
                0x0000000000800102        0x2 .build/obj_dz60_default/keyboards/dz60/keymaps/default/keymap.o
 .data.increment.2318
                0x0000000000800104        0x1 .build/obj_dz60_default/quantum/rgblight.o
 .data.high_bound.2317
                0x0000000000800105        0x1 .build/obj_dz60_default/quantum/rgblight.o
 .data.keyboard_report
                0x0000000000800106        0x2 .build/obj_dz60_default/common/action_util.o
                0x0000000000800106                keyboard_report
 .data.mk_wheel_time_to_max
                0x0000000000800108        0x1 .build/obj_dz60_default/common/mousekey.o
                0x0000000000800108                mk_wheel_time_to_max
 .data.mk_wheel_max_speed
                0x0000000000800109        0x1 .build/obj_dz60_default/common/mousekey.o
                0x0000000000800109                mk_wheel_max_speed
 .data.mk_time_to_max
                0x000000000080010a        0x1 .build/obj_dz60_default/common/mousekey.o
                0x000000000080010a                mk_time_to_max
 .data.mk_max_speed
                0x000000000080010b        0x1 .build/obj_dz60_default/common/mousekey.o
                0x000000000080010b                mk_max_speed
 .data.mk_interval
                0x000000000080010c        0x1 .build/obj_dz60_default/common/mousekey.o
                0x000000000080010c                mk_interval
 .data.mk_delay
                0x000000000080010d        0x1 .build/obj_dz60_default/common/mousekey.o
                0x000000000080010d                mk_delay
 .data.lufa_driver
                0x000000000080010e        0xa .build/obj_dz60_default/lufa.o
                0x000000000080010e                lufa_driver
 .data.keyboard_protocol
                0x0000000000800118        0x1 .build/obj_dz60_default/lufa.o
                0x0000000000800118                keyboard_protocol
 *(.rodata)
 *(.rodata*)
 .rodata.col_pins
                0x0000000000800119        0xf .build/obj_dz60_default/quantum/matrix.o
 .rodata.row_pins
                0x0000000000800128        0x5 .build/obj_dz60_default/quantum/matrix.o
 .rodata.CSWTCH.3
                0x000000000080012d        0x4 .build/obj_dz60_default/usb_descriptor.o
 .rodata.CSWTCH.2
                0x0000000000800131        0x8 .build/obj_dz60_default/usb_descriptor.o
 .rodata.CSWTCH.1
                0x0000000000800139        0x8 .build/obj_dz60_default/usb_descriptor.o
 *(.gnu.linkonce.d*)
                0x0000000000800142                . = ALIGN (0x2)
 *fill*         0x0000000000800141        0x1 
                0x0000000000800142                _edata = .
                0x0000000000800142                PROVIDE (__data_end, .)

.bss            0x0000000000800142      0x46b
                0x0000000000800142                PROVIDE (__bss_start, .)
 *(.bss)
 *(.bss*)
 .bss.macro_buffer.5620
                0x0000000000800142      0x300 .build/obj_dz60_default/keyboards/dz60/keymaps/default/keymap.o
 .bss.macro_pointer.5624
                0x0000000000800442        0x2 .build/obj_dz60_default/keyboards/dz60/keymaps/default/keymap.o
 .bss.macro_id.5625
                0x0000000000800444        0x1 .build/obj_dz60_default/keyboards/dz60/keymaps/default/keymap.o
 .bss.grave_esc_was_shifted
                0x0000000000800445        0x1 .build/obj_dz60_default/quantum/quantum.o
 .bss.scs_timer
                0x0000000000800446        0x4 .build/obj_dz60_default/quantum/quantum.o
 .bss.shift_interrupted
                0x000000000080044a        0x2 .build/obj_dz60_default/quantum/quantum.o
 .bss.leader_sequence_size
                0x000000000080044c        0x1 .build/obj_dz60_default/quantum/process_keycode/process_leader.o
                0x000000000080044c                leader_sequence_size
 .bss.leader_sequence
                0x000000000080044d        0xa .build/obj_dz60_default/quantum/process_keycode/process_leader.o
                0x000000000080044d                leader_sequence
 .bss.leader_time
                0x0000000000800457        0x2 .build/obj_dz60_default/quantum/process_keycode/process_leader.o
                0x0000000000800457                leader_time
 .bss.leading   0x0000000000800459        0x1 .build/obj_dz60_default/quantum/process_keycode/process_leader.o
                0x0000000000800459                leading
 .bss.matrix_debouncing
                0x000000000080045a        0xa .build/obj_dz60_default/quantum/matrix.o
 .bss.matrix    0x0000000000800464        0xa .build/obj_dz60_default/quantum/matrix.o
 .bss.debouncing
                0x000000000080046e        0x1 .build/obj_dz60_default/quantum/matrix.o
 .bss.debouncing_time
                0x000000000080046f        0x2 .build/obj_dz60_default/quantum/matrix.o
 .bss.current_offset.2330
                0x0000000000800471        0x2 .build/obj_dz60_default/quantum/rgblight.o
 .bss.last_timer.2331
                0x0000000000800473        0x2 .build/obj_dz60_default/quantum/rgblight.o
 .bss.low_bound.2316
                0x0000000000800475        0x1 .build/obj_dz60_default/quantum/rgblight.o
 .bss.last_timer.2312
                0x0000000000800476        0x2 .build/obj_dz60_default/quantum/rgblight.o
 .bss.pos.2294  0x0000000000800478        0x1 .build/obj_dz60_default/quantum/rgblight.o
 .bss.last_timer.2295
                0x0000000000800479        0x2 .build/obj_dz60_default/quantum/rgblight.o
 .bss.current_hue.2281
                0x000000000080047b        0x2 .build/obj_dz60_default/quantum/rgblight.o
 .bss.last_timer.2282
                0x000000000080047d        0x2 .build/obj_dz60_default/quantum/rgblight.o
 .bss.current_hue.2273
                0x000000000080047f        0x2 .build/obj_dz60_default/quantum/rgblight.o
 .bss.last_timer.2274
                0x0000000000800481        0x2 .build/obj_dz60_default/quantum/rgblight.o
 .bss.pos.2264  0x0000000000800483        0x1 .build/obj_dz60_default/quantum/rgblight.o
 .bss.last_timer.2265
                0x0000000000800484        0x2 .build/obj_dz60_default/quantum/rgblight.o
 .bss.rgblight_timer_enabled
                0x0000000000800486        0x1 .build/obj_dz60_default/quantum/rgblight.o
                0x0000000000800486                rgblight_timer_enabled
 .bss.rgblight_inited
                0x0000000000800487        0x1 .build/obj_dz60_default/quantum/rgblight.o
                0x0000000000800487                rgblight_inited
 .bss.last_consumer_report
                0x0000000000800488        0x2 .build/obj_dz60_default/common/host.o
 .bss.last_system_report
                0x000000000080048a        0x2 .build/obj_dz60_default/common/host.o
 .bss.driver    0x000000000080048c        0x2 .build/obj_dz60_default/common/host.o
 .bss.led_status.5307
                0x000000000080048e        0x1 .build/obj_dz60_default/common/keyboard.o
 .bss.matrix_prev.5306
                0x000000000080048f        0xa .build/obj_dz60_default/common/keyboard.o
 .bss.disable_action_cache
                0x0000000000800499        0x1 .build/obj_dz60_default/common/action.o
                0x0000000000800499                disable_action_cache
 .bss.waiting_buffer_tail
                0x000000000080049a        0x1 .build/obj_dz60_default/common/action_tapping.o
 .bss.waiting_buffer_head
                0x000000000080049b        0x1 .build/obj_dz60_default/common/action_tapping.o
 .bss.waiting_buffer
                0x000000000080049c       0x30 .build/obj_dz60_default/common/action_tapping.o
 .bss.tapping_key
                0x00000000008004cc        0x6 .build/obj_dz60_default/common/action_tapping.o
 .bss.source_layers_cache
                0x00000000008004d2       0x32 .build/obj_dz60_default/common/action_layer.o
                0x00000000008004d2                source_layers_cache
 .bss.layer_state
                0x0000000000800504        0x4 .build/obj_dz60_default/common/action_layer.o
                0x0000000000800504                layer_state
 .bss.default_layer_state
                0x0000000000800508        0x4 .build/obj_dz60_default/common/action_layer.o
                0x0000000000800508                default_layer_state
 .bss.oneshot_layer_data
                0x000000000080050c        0x1 .build/obj_dz60_default/common/action_util.o
 .bss.oneshot_mods
                0x000000000080050d        0x1 .build/obj_dz60_default/common/action_util.o
 .bss.__compound_literal.0
                0x000000000080050e       0x20 .build/obj_dz60_default/common/action_util.o
 .bss.macro_mods
                0x000000000080052e        0x1 .build/obj_dz60_default/common/action_util.o
 .bss.weak_mods
                0x000000000080052f        0x1 .build/obj_dz60_default/common/action_util.o
 .bss.real_mods
                0x0000000000800530        0x1 .build/obj_dz60_default/common/action_util.o
 .bss.debug_config
                0x0000000000800531        0x1 .build/obj_dz60_default/common/debug.o
                0x0000000000800531                debug_config
 .bss.wdt_timeout
                0x0000000000800532        0x1 .build/obj_dz60_default/common/avr/suspend.o
 .bss.last_timer
                0x0000000000800533        0x2 .build/obj_dz60_default/common/mousekey.o
 .bss.mousekey_accel
                0x0000000000800535        0x1 .build/obj_dz60_default/common/mousekey.o
 .bss.mousekey_repeat
                0x0000000000800536        0x1 .build/obj_dz60_default/common/mousekey.o
 .bss.mouse_report
                0x0000000000800537        0x5 .build/obj_dz60_default/common/mousekey.o
 .bss.keyboard_report_sent
                0x000000000080053c       0x20 .build/obj_dz60_default/lufa.o
 .bss.keyboard_led_stats
                0x000000000080055c        0x1 .build/obj_dz60_default/lufa.o
 .bss.keyboard_idle
                0x000000000080055d        0x1 .build/obj_dz60_default/lufa.o
                0x000000000080055d                keyboard_idle
 .bss.desired_output
                0x000000000080055e        0x1 .build/obj_dz60_default/outputselect.o
                0x000000000080055e                desired_output
 *(COMMON)
 COMMON         0x000000000080055f       0x38 .build/obj_dz60_default/quantum/rgblight.o
                0x000000000080055f                rgblight_config
                0x0000000000800563                inmem_config
                0x0000000000800567                led
 COMMON         0x0000000000800597        0x2 .build/obj_dz60_default/common/action.o
                0x0000000000800597                tp_buttons
 COMMON         0x0000000000800599        0x4 .build/obj_dz60_default/common/avr/timer.o
                0x0000000000800599                timer_count
 COMMON         0x000000000080059d        0x2 .build/obj_dz60_default/common/magic.o
                0x000000000080059d                keymap_config
 COMMON         0x000000000080059f        0x1 .build/obj_dz60_default/common/backlight.o
                0x000000000080059f                backlight_config
 COMMON         0x00000000008005a0        0x3 .build/obj_dz60_default/./lib/lufa/LUFA/Drivers/USB/Core/DeviceStandardReq.o
                0x00000000008005a0                USB_Device_ConfigurationNumber
                0x00000000008005a1                USB_Device_CurrentlySelfPowered
                0x00000000008005a2                USB_Device_RemoteWakeupEnabled
 COMMON         0x00000000008005a3        0xa .build/obj_dz60_default/./lib/lufa/LUFA/Drivers/USB/Core/USBTask.o
                0x00000000008005a3                USB_IsInitialized
                0x00000000008005a4                USB_DeviceState
                0x00000000008005a5                USB_ControlRequest
                0x00000000008005ad                PROVIDE (__bss_end, .)
                0x0000000000005d48                __data_load_start = LOADADDR (.data)
                0x0000000000005d8a                __data_load_end = (__data_load_start + SIZEOF (.data))

.noinit         0x00000000008005ad        0x4
                0x00000000008005ad                PROVIDE (__noinit_start, .)
 *(.noinit*)
 .noinit        0x00000000008005ad        0x4 .build/obj_dz60_default/common/avr/bootloader.o
                0x00000000008005ad                reset_key
                0x00000000008005b1                PROVIDE (__noinit_end, .)
                0x00000000008005b1                _end = .
                0x00000000008005b1                PROVIDE (__heap_start, .)

.eeprom         0x0000000000810000        0x0
 *(.eeprom*)
                0x0000000000810000                __eeprom_end = .

.fuse
 *(.fuse)
 *(.lfuse)
 *(.hfuse)
 *(.efuse)

.lock
 *(.lock*)

.signature
 *(.signature*)

.user_signatures
 *(.user_signatures*)

.stab
 *(.stab)

.stabstr        0x0000000000000000       0x6f
 *(.stabstr)
 .stabstr       0x0000000000000000       0x6f .build/obj_dz60_default/common/avr/xprintf.o

.stab.excl
 *(.stab.excl)

.stab.exclstr
 *(.stab.exclstr)

.stab.index
 *(.stab.index)

.stab.indexstr
 *(.stab.indexstr)

.comment        0x0000000000000000       0x11
 *(.comment)
 .comment       0x0000000000000000       0x11 .build/obj_dz60_default/keyboards/dz60/dz60.o
                                         0x12 (size before relaxing)
 .comment       0x0000000000000011       0x12 .build/obj_dz60_default/keyboards/dz60/keymaps/default/keymap.o
 .comment       0x0000000000000011       0x12 .build/obj_dz60_default/quantum/quantum.o
 .comment       0x0000000000000011       0x12 .build/obj_dz60_default/quantum/keymap_common.o
 .comment       0x0000000000000011       0x12 .build/obj_dz60_default/quantum/keycode_config.o
 .comment       0x0000000000000011       0x12 .build/obj_dz60_default/quantum/process_keycode/process_leader.o
 .comment       0x0000000000000011       0x12 .build/obj_dz60_default/quantum/matrix.o
 .comment       0x0000000000000011       0x12 .build/obj_dz60_default/quantum/rgblight.o
 .comment       0x0000000000000011       0x12 .build/obj_dz60_default/ws2812.o
 .comment       0x0000000000000011       0x12 .build/obj_dz60_default/quantum/led_tables.o
 .comment       0x0000000000000011       0x12 .build/obj_dz60_default/common/host.o
 .comment       0x0000000000000011       0x12 .build/obj_dz60_default/common/keyboard.o
 .comment       0x0000000000000011       0x12 .build/obj_dz60_default/common/action.o
 .comment       0x0000000000000011       0x12 .build/obj_dz60_default/common/action_tapping.o
 .comment       0x0000000000000011       0x12 .build/obj_dz60_default/common/action_macro.o
 .comment       0x0000000000000011       0x12 .build/obj_dz60_default/common/action_layer.o
 .comment       0x0000000000000011       0x12 .build/obj_dz60_default/common/action_util.o
 .comment       0x0000000000000011       0x12 .build/obj_dz60_default/common/debug.o
 .comment       0x0000000000000011       0x12 .build/obj_dz60_default/common/eeconfig.o
 .comment       0x0000000000000011       0x12 .build/obj_dz60_default/common/report.o
 .comment       0x0000000000000011       0x12 .build/obj_dz60_default/common/avr/suspend.o
 .comment       0x0000000000000011       0x12 .build/obj_dz60_default/common/avr/timer.o
 .comment       0x0000000000000011       0x12 .build/obj_dz60_default/common/avr/bootloader.o
 .comment       0x0000000000000011       0x12 .build/obj_dz60_default/common/magic.o
 .comment       0x0000000000000011       0x12 .build/obj_dz60_default/common/mousekey.o
 .comment       0x0000000000000011       0x12 .build/obj_dz60_default/common/backlight.o
 .comment       0x0000000000000011       0x12 .build/obj_dz60_default/lufa.o
 .comment       0x0000000000000011       0x12 .build/obj_dz60_default/usb_descriptor.o
 .comment       0x0000000000000011       0x12 .build/obj_dz60_default/outputselect.o
 .comment       0x0000000000000011       0x12 .build/obj_dz60_default/./lib/lufa/LUFA/Drivers/USB/Core/AVR8/Device_AVR8.o
 .comment       0x0000000000000011       0x12 .build/obj_dz60_default/./lib/lufa/LUFA/Drivers/USB/Core/AVR8/EndpointStream_AVR8.o
 .comment       0x0000000000000011       0x12 .build/obj_dz60_default/./lib/lufa/LUFA/Drivers/USB/Core/AVR8/Endpoint_AVR8.o
 .comment       0x0000000000000011       0x12 .build/obj_dz60_default/./lib/lufa/LUFA/Drivers/USB/Core/AVR8/USBController_AVR8.o
 .comment       0x0000000000000011       0x12 .build/obj_dz60_default/./lib/lufa/LUFA/Drivers/USB/Core/AVR8/USBInterrupt_AVR8.o
 .comment       0x0000000000000011       0x12 .build/obj_dz60_default/./lib/lufa/LUFA/Drivers/USB/Core/DeviceStandardReq.o
 .comment       0x0000000000000011       0x12 .build/obj_dz60_default/./lib/lufa/LUFA/Drivers/USB/Core/Events.o
 .comment       0x0000000000000011       0x12 .build/obj_dz60_default/./lib/lufa/LUFA/Drivers/USB/Core/USBTask.o

.note.gnu.avr.deviceinfo
                0x0000000000000000       0x40
 .note.gnu.avr.deviceinfo
                0x0000000000000000       0x40 /usr/lib/gcc/avr/4.9.2/../../../avr/lib/avr5/crtatmega32u4.o

.note.gnu.build-id
 *(.note.gnu.build-id)

.debug
 *(.debug)

.line
 *(.line)

.debug_srcinfo
 *(.debug_srcinfo)

.debug_sfnames
 *(.debug_sfnames)

.debug_aranges  0x0000000000000000      0xdd8
 *(.debug_aranges)
 .debug_aranges
                0x0000000000000000       0x38 .build/obj_dz60_default/keyboards/dz60/dz60.o
 .debug_aranges
                0x0000000000000038       0x70 .build/obj_dz60_default/keyboards/dz60/keymaps/default/keymap.o
 .debug_aranges
                0x00000000000000a8      0x140 .build/obj_dz60_default/quantum/quantum.o
 .debug_aranges
                0x00000000000001e8       0x40 .build/obj_dz60_default/quantum/keymap_common.o
 .debug_aranges
                0x0000000000000228       0x28 .build/obj_dz60_default/quantum/keycode_config.o
 .debug_aranges
                0x0000000000000250       0x30 .build/obj_dz60_default/quantum/process_keycode/process_leader.o
 .debug_aranges
                0x0000000000000280       0x90 .build/obj_dz60_default/quantum/matrix.o
 .debug_aranges
                0x0000000000000310      0x178 .build/obj_dz60_default/quantum/rgblight.o
 .debug_aranges
                0x0000000000000488       0x40 .build/obj_dz60_default/ws2812.o
 .debug_aranges
                0x00000000000004c8       0x18 .build/obj_dz60_default/quantum/led_tables.o
 .debug_aranges
                0x00000000000004e0       0x60 .build/obj_dz60_default/common/host.o
 .debug_aranges
                0x0000000000000540       0x48 .build/obj_dz60_default/common/keyboard.o
 .debug_aranges
                0x0000000000000588       0x98 .build/obj_dz60_default/common/action.o
 .debug_aranges
                0x0000000000000620       0x40 .build/obj_dz60_default/common/action_tapping.o
 .debug_aranges
                0x0000000000000660       0x20 .build/obj_dz60_default/common/action_macro.o
 .debug_aranges
                0x0000000000000680       0xe8 .build/obj_dz60_default/common/action_layer.o
 .debug_aranges
                0x0000000000000768      0x120 .build/obj_dz60_default/common/action_util.o
 .debug_aranges
                0x0000000000000888       0x18 .build/obj_dz60_default/common/debug.o
 .debug_aranges
                0x00000000000008a0       0x78 .build/obj_dz60_default/common/eeconfig.o
 .debug_aranges
                0x0000000000000918       0x60 .build/obj_dz60_default/common/report.o
 .debug_aranges
                0x0000000000000978       0x50 .build/obj_dz60_default/common/avr/suspend.o
 .debug_aranges
                0x00000000000009c8       0x50 .build/obj_dz60_default/common/avr/timer.o
 .debug_aranges
                0x0000000000000a18       0x28 .build/obj_dz60_default/common/avr/bootloader.o
 .debug_aranges
                0x0000000000000a40       0x20 .build/obj_dz60_default/common/magic.o
 .debug_aranges
                0x0000000000000a60       0x50 .build/obj_dz60_default/common/mousekey.o
 .debug_aranges
                0x0000000000000ab0       0x50 .build/obj_dz60_default/common/backlight.o
 .debug_aranges
                0x0000000000000b00       0x90 .build/obj_dz60_default/lufa.o
 .debug_aranges
                0x0000000000000b90       0x20 .build/obj_dz60_default/usb_descriptor.o
 .debug_aranges
                0x0000000000000bb0       0x38 .build/obj_dz60_default/outputselect.o
 .debug_aranges
                0x0000000000000be8       0x20 .build/obj_dz60_default/./lib/lufa/LUFA/Drivers/USB/Core/AVR8/Device_AVR8.o
 .debug_aranges
                0x0000000000000c08       0xc8 .build/obj_dz60_default/./lib/lufa/LUFA/Drivers/USB/Core/AVR8/EndpointStream_AVR8.o
 .debug_aranges
                0x0000000000000cd0       0x40 .build/obj_dz60_default/./lib/lufa/LUFA/Drivers/USB/Core/AVR8/Endpoint_AVR8.o
 .debug_aranges
                0x0000000000000d10       0x30 .build/obj_dz60_default/./lib/lufa/LUFA/Drivers/USB/Core/AVR8/USBController_AVR8.o
 .debug_aranges
                0x0000000000000d40       0x38 .build/obj_dz60_default/./lib/lufa/LUFA/Drivers/USB/Core/AVR8/USBInterrupt_AVR8.o
 .debug_aranges
                0x0000000000000d78       0x20 .build/obj_dz60_default/./lib/lufa/LUFA/Drivers/USB/Core/DeviceStandardReq.o
 .debug_aranges
                0x0000000000000d98       0x20 .build/obj_dz60_default/./lib/lufa/LUFA/Drivers/USB/Core/Events.o
 .debug_aranges
                0x0000000000000db8       0x20 .build/obj_dz60_default/./lib/lufa/LUFA/Drivers/USB/Core/USBTask.o

.debug_pubnames
 *(.debug_pubnames)

.debug_info     0x0000000000000000    0x15253
 *(.debug_info .gnu.linkonce.wi.*)
 .debug_info    0x0000000000000000      0x227 .build/obj_dz60_default/keyboards/dz60/dz60.o
 .debug_info    0x0000000000000227     0x17d4 .build/obj_dz60_default/keyboards/dz60/keymaps/default/keymap.o
 .debug_info    0x00000000000019fb     0x278f .build/obj_dz60_default/quantum/quantum.o
 .debug_info    0x000000000000418a     0x18f2 .build/obj_dz60_default/quantum/keymap_common.o
 .debug_info    0x0000000000005a7c      0x662 .build/obj_dz60_default/quantum/keycode_config.o
 .debug_info    0x00000000000060de      0xc93 .build/obj_dz60_default/quantum/process_keycode/process_leader.o
 .debug_info    0x0000000000006d71      0x6c3 .build/obj_dz60_default/quantum/matrix.o
 .debug_info    0x0000000000007434     0x14b3 .build/obj_dz60_default/quantum/rgblight.o
 .debug_info    0x00000000000088e7      0x394 .build/obj_dz60_default/ws2812.o
 .debug_info    0x0000000000008c7b       0xa6 .build/obj_dz60_default/quantum/led_tables.o
 .debug_info    0x0000000000008d21      0x4a9 .build/obj_dz60_default/common/host.o
 .debug_info    0x00000000000091ca      0x47e .build/obj_dz60_default/common/keyboard.o
 .debug_info    0x0000000000009648     0x1de2 .build/obj_dz60_default/common/action.o
 .debug_info    0x000000000000b42a      0xe91 .build/obj_dz60_default/common/action_tapping.o
 .debug_info    0x000000000000c2bb      0x908 .build/obj_dz60_default/common/action_macro.o
 .debug_info    0x000000000000cbc3      0xb89 .build/obj_dz60_default/common/action_layer.o
 .debug_info    0x000000000000d74c      0x7a9 .build/obj_dz60_default/common/action_util.o
 .debug_info    0x000000000000def5       0xfc .build/obj_dz60_default/common/debug.o
 .debug_info    0x000000000000dff1      0x4b4 .build/obj_dz60_default/common/eeconfig.o
 .debug_info    0x000000000000e4a5      0x50a .build/obj_dz60_default/common/report.o
 .debug_info    0x000000000000e9af      0x332 .build/obj_dz60_default/common/avr/suspend.o
 .debug_info    0x000000000000ece1      0x39a .build/obj_dz60_default/common/avr/timer.o
 .debug_info    0x000000000000f07b      0x1ec .build/obj_dz60_default/common/avr/bootloader.o
 .debug_info    0x000000000000f267      0x2b3 .build/obj_dz60_default/common/magic.o
 .debug_info    0x000000000000f51a      0x695 .build/obj_dz60_default/common/mousekey.o
 .debug_info    0x000000000000fbaf      0x26e .build/obj_dz60_default/common/backlight.o
 .debug_info    0x000000000000fe1d     0x11f5 .build/obj_dz60_default/lufa.o
 .debug_info    0x0000000000011012      0x7f0 .build/obj_dz60_default/usb_descriptor.o
 .debug_info    0x0000000000011802      0x1a7 .build/obj_dz60_default/outputselect.o
 .debug_info    0x00000000000119a9       0xd2 .build/obj_dz60_default/./lib/lufa/LUFA/Drivers/USB/Core/AVR8/Device_AVR8.o
 .debug_info    0x0000000000011a7b     0x17d6 .build/obj_dz60_default/./lib/lufa/LUFA/Drivers/USB/Core/AVR8/EndpointStream_AVR8.o
 .debug_info    0x0000000000013251      0x614 .build/obj_dz60_default/./lib/lufa/LUFA/Drivers/USB/Core/AVR8/Endpoint_AVR8.o
 .debug_info    0x0000000000013865      0x4cb .build/obj_dz60_default/./lib/lufa/LUFA/Drivers/USB/Core/AVR8/USBController_AVR8.o
 .debug_info    0x0000000000013d30      0x7c8 .build/obj_dz60_default/./lib/lufa/LUFA/Drivers/USB/Core/AVR8/USBInterrupt_AVR8.o
 .debug_info    0x00000000000144f8      0xa78 .build/obj_dz60_default/./lib/lufa/LUFA/Drivers/USB/Core/DeviceStandardReq.o
 .debug_info    0x0000000000014f70       0x78 .build/obj_dz60_default/./lib/lufa/LUFA/Drivers/USB/Core/Events.o
 .debug_info    0x0000000000014fe8      0x26b .build/obj_dz60_default/./lib/lufa/LUFA/Drivers/USB/Core/USBTask.o

.debug_abbrev   0x0000000000000000     0x487d
 *(.debug_abbrev)
 .debug_abbrev  0x0000000000000000      0x153 .build/obj_dz60_default/keyboards/dz60/dz60.o
 .debug_abbrev  0x0000000000000153      0x2c1 .build/obj_dz60_default/keyboards/dz60/keymaps/default/keymap.o
 .debug_abbrev  0x0000000000000414      0x4b7 .build/obj_dz60_default/quantum/quantum.o
 .debug_abbrev  0x00000000000008cb      0x260 .build/obj_dz60_default/quantum/keymap_common.o
 .debug_abbrev  0x0000000000000b2b       0xdf .build/obj_dz60_default/quantum/keycode_config.o
 .debug_abbrev  0x0000000000000c0a      0x17e .build/obj_dz60_default/quantum/process_keycode/process_leader.o
 .debug_abbrev  0x0000000000000d88      0x301 .build/obj_dz60_default/quantum/matrix.o
 .debug_abbrev  0x0000000000001089      0x491 .build/obj_dz60_default/quantum/rgblight.o
 .debug_abbrev  0x000000000000151a      0x18b .build/obj_dz60_default/ws2812.o
 .debug_abbrev  0x00000000000016a5       0x5d .build/obj_dz60_default/quantum/led_tables.o
 .debug_abbrev  0x0000000000001702      0x183 .build/obj_dz60_default/common/host.o
 .debug_abbrev  0x0000000000001885      0x24c .build/obj_dz60_default/common/keyboard.o
 .debug_abbrev  0x0000000000001ad1      0x3c3 .build/obj_dz60_default/common/action.o
 .debug_abbrev  0x0000000000001e94      0x2d7 .build/obj_dz60_default/common/action_tapping.o
 .debug_abbrev  0x000000000000216b      0x1ee .build/obj_dz60_default/common/action_macro.o
 .debug_abbrev  0x0000000000002359      0x28e .build/obj_dz60_default/common/action_layer.o
 .debug_abbrev  0x00000000000025e7      0x27e .build/obj_dz60_default/common/action_util.o
 .debug_abbrev  0x0000000000002865       0x87 .build/obj_dz60_default/common/debug.o
 .debug_abbrev  0x00000000000028ec       0xef .build/obj_dz60_default/common/eeconfig.o
 .debug_abbrev  0x00000000000029db      0x1c0 .build/obj_dz60_default/common/report.o
 .debug_abbrev  0x0000000000002b9b      0x20f .build/obj_dz60_default/common/avr/suspend.o
 .debug_abbrev  0x0000000000002daa      0x184 .build/obj_dz60_default/common/avr/timer.o
 .debug_abbrev  0x0000000000002f2e      0x14f .build/obj_dz60_default/common/avr/bootloader.o
 .debug_abbrev  0x000000000000307d      0x123 .build/obj_dz60_default/common/magic.o
 .debug_abbrev  0x00000000000031a0      0x225 .build/obj_dz60_default/common/mousekey.o
 .debug_abbrev  0x00000000000033c5      0x138 .build/obj_dz60_default/common/backlight.o
 .debug_abbrev  0x00000000000034fd      0x3f9 .build/obj_dz60_default/lufa.o
 .debug_abbrev  0x00000000000038f6      0x180 .build/obj_dz60_default/usb_descriptor.o
 .debug_abbrev  0x0000000000003a76      0x127 .build/obj_dz60_default/outputselect.o
 .debug_abbrev  0x0000000000003b9d       0x80 .build/obj_dz60_default/./lib/lufa/LUFA/Drivers/USB/Core/AVR8/Device_AVR8.o
 .debug_abbrev  0x0000000000003c1d      0x204 .build/obj_dz60_default/./lib/lufa/LUFA/Drivers/USB/Core/AVR8/EndpointStream_AVR8.o
 .debug_abbrev  0x0000000000003e21      0x213 .build/obj_dz60_default/./lib/lufa/LUFA/Drivers/USB/Core/AVR8/Endpoint_AVR8.o
 .debug_abbrev  0x0000000000004034      0x196 .build/obj_dz60_default/./lib/lufa/LUFA/Drivers/USB/Core/AVR8/USBController_AVR8.o
 .debug_abbrev  0x00000000000041ca      0x23e .build/obj_dz60_default/./lib/lufa/LUFA/Drivers/USB/Core/AVR8/USBInterrupt_AVR8.o
 .debug_abbrev  0x0000000000004408      0x2c9 .build/obj_dz60_default/./lib/lufa/LUFA/Drivers/USB/Core/DeviceStandardReq.o
 .debug_abbrev  0x00000000000046d1       0x44 .build/obj_dz60_default/./lib/lufa/LUFA/Drivers/USB/Core/Events.o
 .debug_abbrev  0x0000000000004715      0x168 .build/obj_dz60_default/./lib/lufa/LUFA/Drivers/USB/Core/USBTask.o

.debug_line     0x0000000000000000     0x5a77
 *(.debug_line .debug_line.* .debug_line_end)
 .debug_line    0x0000000000000000      0x106 .build/obj_dz60_default/keyboards/dz60/dz60.o
 .debug_line    0x0000000000000106      0x2a8 .build/obj_dz60_default/keyboards/dz60/keymaps/default/keymap.o
 .debug_line    0x00000000000003ae      0x6d5 .build/obj_dz60_default/quantum/quantum.o
 .debug_line    0x0000000000000a83      0x26c .build/obj_dz60_default/quantum/keymap_common.o
 .debug_line    0x0000000000000cef       0xf5 .build/obj_dz60_default/quantum/keycode_config.o
 .debug_line    0x0000000000000de4      0x158 .build/obj_dz60_default/quantum/process_keycode/process_leader.o
 .debug_line    0x0000000000000f3c      0x222 .build/obj_dz60_default/quantum/matrix.o
 .debug_line    0x000000000000115e      0x5d8 .build/obj_dz60_default/quantum/rgblight.o
 .debug_line    0x0000000000001736      0x105 .build/obj_dz60_default/ws2812.o
 .debug_line    0x000000000000183b       0x53 .build/obj_dz60_default/quantum/led_tables.o
 .debug_line    0x000000000000188e      0x14b .build/obj_dz60_default/common/host.o
 .debug_line    0x00000000000019d9      0x1c4 .build/obj_dz60_default/common/keyboard.o
 .debug_line    0x0000000000001b9d      0x516 .build/obj_dz60_default/common/action.o
 .debug_line    0x00000000000020b3      0x28d .build/obj_dz60_default/common/action_tapping.o
 .debug_line    0x0000000000002340      0x148 .build/obj_dz60_default/common/action_macro.o
 .debug_line    0x0000000000002488      0x2a4 .build/obj_dz60_default/common/action_layer.o
 .debug_line    0x000000000000272c      0x358 .build/obj_dz60_default/common/action_util.o
 .debug_line    0x0000000000002a84       0x63 .build/obj_dz60_default/common/debug.o
 .debug_line    0x0000000000002ae7      0x14e .build/obj_dz60_default/common/eeconfig.o
 .debug_line    0x0000000000002c35      0x1b6 .build/obj_dz60_default/common/report.o
 .debug_line    0x0000000000002deb      0x1d8 .build/obj_dz60_default/common/avr/suspend.o
 .debug_line    0x0000000000002fc3      0x184 .build/obj_dz60_default/common/avr/timer.o
 .debug_line    0x0000000000003147      0x129 .build/obj_dz60_default/common/avr/bootloader.o
 .debug_line    0x0000000000003270       0xe4 .build/obj_dz60_default/common/magic.o
 .debug_line    0x0000000000003354      0x310 .build/obj_dz60_default/common/mousekey.o
 .debug_line    0x0000000000003664      0x120 .build/obj_dz60_default/common/backlight.o
 .debug_line    0x0000000000003784      0x62a .build/obj_dz60_default/lufa.o
 .debug_line    0x0000000000003dae      0x193 .build/obj_dz60_default/usb_descriptor.o
 .debug_line    0x0000000000003f41      0x129 .build/obj_dz60_default/outputselect.o