Archive member included to satisfy reference by file (symbol)

/usr/lib/gcc/avr/4.9.2/../../../avr/lib/avr5/libm.a(addsf3.o)
                              .build/obj_dz60_safe/quantum/rgblight.o (__subsf3)
/usr/lib/gcc/avr/4.9.2/../../../avr/lib/avr5/libm.a(addsf3x.o)
                              /usr/lib/gcc/avr/4.9.2/../../../avr/lib/avr5/libm.a(addsf3.o) (__addsf3x)
/usr/lib/gcc/avr/4.9.2/../../../avr/lib/avr5/libm.a(divsf3.o)
                              .build/obj_dz60_safe/quantum/rgblight.o (__divsf3)
/usr/lib/gcc/avr/4.9.2/../../../avr/lib/avr5/libm.a(divsf3x.o)
                              /usr/lib/gcc/avr/4.9.2/../../../avr/lib/avr5/libm.a(divsf3.o) (__divsf3x)
/usr/lib/gcc/avr/4.9.2/../../../avr/lib/avr5/libm.a(exp.o)
                              .build/obj_dz60_safe/quantum/rgblight.o (exp)
/usr/lib/gcc/avr/4.9.2/../../../avr/lib/avr5/libm.a(fixunssfsi.o)
                              .build/obj_dz60_safe/quantum/rgblight.o (__fixunssfsi)
/usr/lib/gcc/avr/4.9.2/../../../avr/lib/avr5/libm.a(floatsisf.o)
                              .build/obj_dz60_safe/quantum/rgblight.o (__floatsisf)
/usr/lib/gcc/avr/4.9.2/../../../avr/lib/avr5/libm.a(fp_inf.o)
                              /usr/lib/gcc/avr/4.9.2/../../../avr/lib/avr5/libm.a(addsf3x.o) (__fp_inf)
/usr/lib/gcc/avr/4.9.2/../../../avr/lib/avr5/libm.a(fp_nan.o)
                              /usr/lib/gcc/avr/4.9.2/../../../avr/lib/avr5/libm.a(addsf3x.o) (__fp_nan)
/usr/lib/gcc/avr/4.9.2/../../../avr/lib/avr5/libm.a(fp_powser.o)
                              /usr/lib/gcc/avr/4.9.2/../../../avr/lib/avr5/libm.a(exp.o) (__fp_powser)
/usr/lib/gcc/avr/4.9.2/../../../avr/lib/avr5/libm.a(fp_pscA.o)
                              /usr/lib/gcc/avr/4.9.2/../../../avr/lib/avr5/libm.a(addsf3x.o) (__fp_pscA)
/usr/lib/gcc/avr/4.9.2/../../../avr/lib/avr5/libm.a(fp_pscB.o)
                              /usr/lib/gcc/avr/4.9.2/../../../avr/lib/avr5/libm.a(addsf3x.o) (__fp_pscB)
/usr/lib/gcc/avr/4.9.2/../../../avr/lib/avr5/libm.a(fp_round.o)
                              /usr/lib/gcc/avr/4.9.2/../../../avr/lib/avr5/libm.a(addsf3.o) (__fp_round)
/usr/lib/gcc/avr/4.9.2/../../../avr/lib/avr5/libm.a(fp_split3.o)
                              /usr/lib/gcc/avr/4.9.2/../../../avr/lib/avr5/libm.a(addsf3x.o) (__fp_split3)
/usr/lib/gcc/avr/4.9.2/../../../avr/lib/avr5/libm.a(fp_zero.o)
                              /usr/lib/gcc/avr/4.9.2/../../../avr/lib/avr5/libm.a(addsf3x.o) (__fp_zero)
/usr/lib/gcc/avr/4.9.2/../../../avr/lib/avr5/libm.a(inverse.o)
                              /usr/lib/gcc/avr/4.9.2/../../../avr/lib/avr5/libm.a(exp.o) (inverse)
/usr/lib/gcc/avr/4.9.2/../../../avr/lib/avr5/libm.a(ldexp.o)
                              /usr/lib/gcc/avr/4.9.2/../../../avr/lib/avr5/libm.a(exp.o) (ldexp)
/usr/lib/gcc/avr/4.9.2/../../../avr/lib/avr5/libm.a(modf.o)
                              /usr/lib/gcc/avr/4.9.2/../../../avr/lib/avr5/libm.a(exp.o) (modf)
/usr/lib/gcc/avr/4.9.2/../../../avr/lib/avr5/libm.a(mulsf3.o)
                              .build/obj_dz60_safe/quantum/rgblight.o (__mulsf3)
/usr/lib/gcc/avr/4.9.2/../../../avr/lib/avr5/libm.a(mulsf3x.o)
                              /usr/lib/gcc/avr/4.9.2/../../../avr/lib/avr5/libm.a(fp_powser.o) (__mulsf3x)
/usr/lib/gcc/avr/4.9.2/../../../avr/lib/avr5/libm.a(sin.o)
                              .build/obj_dz60_safe/quantum/rgblight.o (sin)
/usr/lib/gcc/avr/4.9.2/../../../avr/lib/avr5/libm.a(fp_mpack.o)
                              /usr/lib/gcc/avr/4.9.2/../../../avr/lib/avr5/libm.a(ldexp.o) (__fp_mpack)
/usr/lib/gcc/avr/4.9.2/../../../avr/lib/avr5/libm.a(fp_rempio2.o)
                              /usr/lib/gcc/avr/4.9.2/../../../avr/lib/avr5/libm.a(sin.o) (__fp_rempio2)
/usr/lib/gcc/avr/4.9.2/../../../avr/lib/avr5/libm.a(fp_sinus.o)
                              /usr/lib/gcc/avr/4.9.2/../../../avr/lib/avr5/libm.a(sin.o) (__fp_sinus)
/usr/lib/gcc/avr/4.9.2/../../../avr/lib/avr5/libm.a(fp_powsodd.o)
                              /usr/lib/gcc/avr/4.9.2/../../../avr/lib/avr5/libm.a(fp_sinus.o) (__fp_powsodd)
/usr/lib/gcc/avr/4.9.2/avr5/libgcc.a(_mulsi3.o)
                              .build/obj_dz60_safe/quantum/quantum.o (__mulsi3)
/usr/lib/gcc/avr/4.9.2/avr5/libgcc.a(_udivmodhi4.o)
                              .build/obj_dz60_safe/quantum/quantum.o (__udivmodhi4)
/usr/lib/gcc/avr/4.9.2/avr5/libgcc.a(_divmodhi4.o)
                              .build/obj_dz60_safe/quantum/rgblight.o (__divmodhi4)
/usr/lib/gcc/avr/4.9.2/avr5/libgcc.a(_udivmodsi4.o)
                              .build/obj_dz60_safe/quantum/quantum.o (__udivmodsi4)
/usr/lib/gcc/avr/4.9.2/avr5/libgcc.a(_exit.o)
                              /usr/lib/gcc/avr/4.9.2/../../../avr/lib/avr5/crtatmega32u4.o (exit)
/usr/lib/gcc/avr/4.9.2/avr5/libgcc.a(_tablejump2.o)
                              .build/obj_dz60_safe/quantum/quantum.o (__tablejump2__)
/usr/lib/gcc/avr/4.9.2/avr5/libgcc.a(_copy_data.o)
[...]
Memory Configuration

Name             Origin             Length             Attributes
text             0x0000000000000000 0x0000000000020000 xr
data             0x0000000000800060 0x000000000000ffa0 rw !x
eeprom           0x0000000000810000 0x0000000000010000 rw !x
fuse             0x0000000000820000 0x0000000000000400 rw !x
lock             0x0000000000830000 0x0000000000000400 rw !x
signature        0x0000000000840000 0x0000000000000400 rw !x
user_signatures  0x0000000000850000 0x0000000000000400 rw !x
*default*        0x0000000000000000 0xffffffffffffffff

Linker script and memory map

Address of section .data set to 0x800100
LOAD /usr/lib/gcc/avr/4.9.2/../../../avr/lib/avr5/crtatmega32u4.o
LOAD .build/obj_dz60_safe/keyboards/dz60/dz60.o
LOAD .build/obj_dz60_safe/keyboards/dz60/keymaps/safe/keymap.o
LOAD .build/obj_dz60_safe/quantum/quantum.o
LOAD .build/obj_dz60_safe/quantum/keymap_common.o
LOAD .build/obj_dz60_safe/quantum/keycode_config.o
LOAD .build/obj_dz60_safe/quantum/process_keycode/process_leader.o
LOAD .build/obj_dz60_safe/quantum/matrix.o
LOAD .build/obj_dz60_safe/quantum/rgblight.o
LOAD .build/obj_dz60_safe/ws2812.o
LOAD .build/obj_dz60_safe/quantum/led_tables.o
LOAD .build/obj_dz60_safe/common/host.o
LOAD .build/obj_dz60_safe/common/keyboard.o
LOAD .build/obj_dz60_safe/common/action.o
LOAD .build/obj_dz60_safe/common/action_tapping.o
LOAD .build/obj_dz60_safe/common/action_macro.o
LOAD .build/obj_dz60_safe/common/action_layer.o
LOAD .build/obj_dz60_safe/common/action_util.o
LOAD .build/obj_dz60_safe/common/print.o
LOAD .build/obj_dz60_safe/common/debug.o
LOAD .build/obj_dz60_safe/common/util.o
LOAD .build/obj_dz60_safe/common/eeconfig.o
LOAD .build/obj_dz60_safe/common/report.o
LOAD .build/obj_dz60_safe/common/avr/suspend.o
LOAD .build/obj_dz60_safe/common/avr/timer.o
LOAD .build/obj_dz60_safe/common/avr/bootloader.o
LOAD .build/obj_dz60_safe/common/avr/xprintf.o
LOAD .build/obj_dz60_safe/common/bootmagic.o
LOAD .build/obj_dz60_safe/common/mousekey.o
LOAD .build/obj_dz60_safe/common/backlight.o
LOAD .build/obj_dz60_safe/lufa.o
LOAD .build/obj_dz60_safe/usb_descriptor.o
LOAD .build/obj_dz60_safe/outputselect.o
LOAD .build/obj_dz60_safe/./lib/lufa/LUFA/Drivers/USB/Class/Common/HIDParser.o
LOAD .build/obj_dz60_safe/./lib/lufa/LUFA/Drivers/USB/Core/AVR8/Device_AVR8.o
LOAD .build/obj_dz60_safe/./lib/lufa/LUFA/Drivers/USB/Core/AVR8/EndpointStream_AVR8.o
LOAD .build/obj_dz60_safe/./lib/lufa/LUFA/Drivers/USB/Core/AVR8/Endpoint_AVR8.o
LOAD .build/obj_dz60_safe/./lib/lufa/LUFA/Drivers/USB/Core/AVR8/Host_AVR8.o
LOAD .build/obj_dz60_safe/./lib/lufa/LUFA/Drivers/USB/Core/AVR8/PipeStream_AVR8.o
LOAD .build/obj_dz60_safe/./lib/lufa/LUFA/Drivers/USB/Core/AVR8/Pipe_AVR8.o
LOAD .build/obj_dz60_safe/./lib/lufa/LUFA/Drivers/USB/Core/AVR8/USBController_AVR8.o
LOAD .build/obj_dz60_safe/./lib/lufa/LUFA/Drivers/USB/Core/AVR8/USBInterrupt_AVR8.o
LOAD .build/obj_dz60_safe/./lib/lufa/LUFA/Drivers/USB/Core/ConfigDescriptors.o
LOAD .build/obj_dz60_safe/./lib/lufa/LUFA/Drivers/USB/Core/DeviceStandardReq.o
LOAD .build/obj_dz60_safe/./lib/lufa/LUFA/Drivers/USB/Core/Events.o
LOAD .build/obj_dz60_safe/./lib/lufa/LUFA/Drivers/USB/Core/HostStandardReq.o
LOAD .build/obj_dz60_safe/./lib/lufa/LUFA/Drivers/USB/Core/USBTask.o
LOAD /usr/lib/gcc/avr/4.9.2/../../../avr/lib/avr5/libm.a
START GROUP
LOAD /usr/lib/gcc/avr/4.9.2/avr5/libgcc.a
LOAD /usr/lib/gcc/avr/4.9.2/../../../avr/lib/avr5/libm.a
LOAD /usr/lib/gcc/avr/4.9.2/../../../avr/lib/avr5/libc.a
LOAD /usr/lib/gcc/avr/4.9.2/../../../avr/lib/avr5/libatmega32u4.a
END GROUP

.hash
 *(.hash)

.dynsym
 *(.dynsym)

.dynstr
 *(.dynstr)

.gnu.version
 *(.gnu.version)

.gnu.version_d
 *(.gnu.version_d)

.gnu.version_r
 *(.gnu.version_r)

.rel.init
 *(.rel.init)

.rela.init
 *(.rela.init)

.rel.text
 *(.rel.text)
 *(.rel.text.*)
 *(.rel.gnu.linkonce.t*)

.rela.text
 *(.rela.text)
 *(.rela.text.*)
 *(.rela.gnu.linkonce.t*)

.rel.fini
 *(.rel.fini)

.rela.fini
 *(.rela.fini)

.rel.rodata
 *(.rel.rodata)
 *(.rel.rodata.*)
 *(.rel.gnu.linkonce.r*)

.rela.rodata
 *(.rela.rodata)
 *(.rela.rodata.*)
 *(.rela.gnu.linkonce.r*)

.rel.data
 *(.rel.data)
 *(.rel.data.*)
 *(.rel.gnu.linkonce.d*)

.rela.data
 *(.rela.data)
 *(.rela.data.*)
 *(.rela.gnu.linkonce.d*)

.rel.ctors
 *(.rel.ctors)

.rela.ctors
 *(.rela.ctors)

.rel.dtors
 *(.rel.dtors)

.rela.dtors
 *(.rela.dtors)

.rel.got
 *(.rel.got)

.rela.got
 *(.rela.got)

.rel.bss
 *(.rel.bss)

.rela.bss
 *(.rela.bss)

.rel.plt
 *(.rel.plt)

.rela.plt
 *(.rela.plt)

.text           0x0000000000000000     0x5ce4
 *(.vectors)
 .vectors       0x0000000000000000       0xac /usr/lib/gcc/avr/4.9.2/../../../avr/lib/avr5/crtatmega32u4.o
                0x0000000000000000                __vectors
                0x0000000000000000                __vector_default
 *(.vectors)
 *(.progmem.gcc*)
 .progmem.gcc_sw_table.process_record_quantum
                0x00000000000000ac       0x24 .build/obj_dz60_safe/quantum/quantum.o
 .progmem.gcc_sw_table.process_action
                0x00000000000000d0       0x4a .build/obj_dz60_safe/common/action.o
 .progmem.gcc_sw_table.is_tap_key
                0x000000000000011a       0x1c .build/obj_dz60_safe/common/action.o
 .progmem.gcc_sw_table.USB_Device_ProcessControlRequest
                0x0000000000000136       0x14 .build/obj_dz60_safe/./lib/lufa/LUFA/Drivers/USB/Core/DeviceStandardReq.o
 .progmem.gcc_fplib
                0x000000000000014a       0x28 /usr/lib/gcc/avr/4.9.2/../../../avr/lib/avr5/libm.a(exp.o)
 .progmem.gcc_fplib
                0x0000000000000172       0x1e /usr/lib/gcc/avr/4.9.2/../../../avr/lib/avr5/libm.a(fp_sinus.o)
                0x0000000000000190                . = ALIGN (0x2)
                0x0000000000000190                __trampolines_start = .
 *(.trampolines)
 .trampolines   0x0000000000000190        0x0 linker stubs
 *(.trampolines*)
                0x0000000000000190                __trampolines_end = .
 *(.progmem*)
 .progmem.data.__c.5583
                0x0000000000000190       0x11 .build/obj_dz60_safe/keyboards/dz60/keymaps/safe/keymap.o
 .progmem.data.keymaps
                0x00000000000001a1      0x1c2 .build/obj_dz60_safe/keyboards/dz60/keymaps/safe/keymap.o
                0x00000000000001a1                keymaps
 .progmem.data.ascii_to_keycode_lut
                0x0000000000000363       0x80 .build/obj_dz60_safe/quantum/quantum.o
                0x0000000000000363                ascii_to_keycode_lut
 .progmem.data.ascii_to_shift_lut
                0x00000000000003e3       0x80 .build/obj_dz60_safe/quantum/quantum.o
                0x00000000000003e3                ascii_to_shift_lut
 .progmem.data.fn_actions
                0x0000000000000463        0x0 .build/obj_dz60_safe/quantum/keymap_common.o
                0x0000000000000463                fn_actions
 .progmem.data.RGBLED_GRADIENT_RANGES
                0x0000000000000463        0xa .build/obj_dz60_safe/quantum/rgblight.o
                0x0000000000000463                RGBLED_GRADIENT_RANGES
 .progmem.data.RGBLED_KNIGHT_INTERVALS
                0x000000000000046d        0x3 .build/obj_dz60_safe/quantum/rgblight.o
                0x000000000000046d                RGBLED_KNIGHT_INTERVALS
 .progmem.data.RGBLED_SNAKE_INTERVALS
                0x0000000000000470        0x3 .build/obj_dz60_safe/quantum/rgblight.o
                0x0000000000000470                RGBLED_SNAKE_INTERVALS
 .progmem.data.RGBLED_RAINBOW_SWIRL_INTERVALS
                0x0000000000000473        0x3 .build/obj_dz60_safe/quantum/rgblight.o
                0x0000000000000473                RGBLED_RAINBOW_SWIRL_INTERVALS
 .progmem.data.RGBLED_RAINBOW_MOOD_INTERVALS
                0x0000000000000476        0x3 .build/obj_dz60_safe/quantum/rgblight.o
                0x0000000000000476                RGBLED_RAINBOW_MOOD_INTERVALS
 .progmem.data.RGBLED_BREATHING_INTERVALS
                0x0000000000000479        0x4 .build/obj_dz60_safe/quantum/rgblight.o
                0x0000000000000479                RGBLED_BREATHING_INTERVALS
 .progmem.data.CIE1931_CURVE
                0x000000000000047d      0x100 .build/obj_dz60_safe/quantum/led_tables.o
                0x000000000000047d                CIE1931_CURVE
 .progmem.data.SerialNumberString
                0x000000000000057d        0x6 .build/obj_dz60_safe/usb_descriptor.o
                0x000000000000057d                SerialNumberString
 .progmem.data.ProductString
                0x0000000000000583        0xc .build/obj_dz60_safe/usb_descriptor.o
                0x0000000000000583                ProductString
 .progmem.data.ManufacturerString
                0x000000000000058f        0xe .build/obj_dz60_safe/usb_descriptor.o
                0x000000000000058f                ManufacturerString
 .progmem.data.LanguageString
                0x000000000000059d        0x4 .build/obj_dz60_safe/usb_descriptor.o
                0x000000000000059d                LanguageString
 .progmem.data.ConfigurationDescriptor
                0x00000000000005a1       0x6d .build/obj_dz60_safe/usb_descriptor.o
                0x00000000000005a1                ConfigurationDescriptor
 .progmem.data.DeviceDescriptor
                0x000000000000060e       0x12 .build/obj_dz60_safe/usb_descriptor.o
                0x000000000000060e                DeviceDescriptor
 .progmem.data.NKROReport
                0x0000000000000620       0x39 .build/obj_dz60_safe/usb_descriptor.o
                0x0000000000000620                NKROReport
 .progmem.data.ExtrakeyReport
                0x0000000000000659       0x36 .build/obj_dz60_safe/usb_descriptor.o
                0x0000000000000659                ExtrakeyReport
 .progmem.data.MouseReport
                0x000000000000068f       0x4d .build/obj_dz60_safe/usb_descriptor.o
                0x000000000000068f                MouseReport
 .progmem.data.KeyboardReport
                0x00000000000006dc       0x40 .build/obj_dz60_safe/usb_descriptor.o
                0x00000000000006dc                KeyboardReport
                0x000000000000071c                . = ALIGN (0x2)
 *(.jumptables)
 *(.jumptables*)
 *(.lowtext)
 *(.lowtext*)
                0x000000000000071c                __ctors_start = .
 *(.ctors)
                0x000000000000071c                __ctors_end = .
                0x000000000000071c                __dtors_start = .
 *(.dtors)
                0x000000000000071c                __dtors_end = .
 SORT(*)(.ctors)
 SORT(*)(.dtors)
 *(.init0)
 .init0         0x000000000000071c        0x0 /usr/lib/gcc/avr/4.9.2/../../../avr/lib/avr5/crtatmega32u4.o
                0x000000000000071c                __init
 *(.init0)
 *(.init1)
 *(.init1)
 *(.init2)
 .init2         0x000000000000071c        0xc /usr/lib/gcc/avr/4.9.2/../../../avr/lib/avr5/crtatmega32u4.o
 *(.init2)
 *(.init3)
 .init3         0x0000000000000728       0x54 .build/obj_dz60_safe/common/avr/bootloader.o
                0x0000000000000728                bootloader_jump_after_watchdog_reset
 *(.init3)
 *(.init4)
 .init4         0x000000000000077c       0x16 /usr/lib/gcc/avr/4.9.2/avr5/libgcc.a(_copy_data.o)
                0x000000000000077c                __do_copy_data
 .init4         0x0000000000000792       0x10 /usr/lib/gcc/avr/4.9.2/avr5/libgcc.a(_clear_bss.o)
                0x0000000000000792                __do_clear_bss
 *(.init4)
 *(.init5)
 *(.init5)
 *(.init6)
 *(.init6)
 *(.init7)
 *(.init7)
 *(.init8)
 *(.init8)
 *(.init9)
 .init9         0x00000000000007a2        0x8 /usr/lib/gcc/avr/4.9.2/../../../avr/lib/avr5/crtatmega32u4.o
 *(.init9)
 *(.text)
 .text          0x00000000000007aa        0x4 /usr/lib/gcc/avr/4.9.2/../../../avr/lib/avr5/crtatmega32u4.o
                0x00000000000007aa                __vector_38
                0x00000000000007aa                __vector_22
                0x00000000000007aa                __vector_28
                0x00000000000007aa                __vector_1
                0x00000000000007aa                __vector_32
                0x00000000000007aa                __vector_34
                0x00000000000007aa                __vector_24
                0x00000000000007aa                __bad_interrupt
                0x00000000000007aa                __vector_6
                0x00000000000007aa                __vector_31
                0x00000000000007aa                __vector_35
                0x00000000000007aa                __vector_39
                0x00000000000007aa                __vector_3
                0x00000000000007aa                __vector_23
                0x00000000000007aa                __vector_30
                0x00000000000007aa                __vector_25
                0x00000000000007aa                __vector_13
                0x00000000000007aa                __vector_17
                0x00000000000007aa                __vector_19
                0x00000000000007aa                __vector_7
                0x00000000000007aa                __vector_41
                0x00000000000007aa                __vector_27
                0x00000000000007aa                __vector_5
                0x00000000000007aa                __vector_33
                0x00000000000007aa                __vector_37
                0x00000000000007aa                __vector_4
                0x00000000000007aa                __vector_9
                0x00000000000007aa                __vector_2
                0x00000000000007aa                __vector_15
                0x00000000000007aa                __vector_36
                0x00000000000007aa                __vector_29
                0x00000000000007aa                __vector_40
                0x00000000000007aa                __vector_8
                0x00000000000007aa                __vector_26
                0x00000000000007aa                __vector_14
                0x00000000000007aa                __vector_16
                0x00000000000007aa                __vector_18
                0x00000000000007aa                __vector_20
                0x00000000000007aa                __vector_42
                0x00000000000007ae                . = ALIGN (0x2)
 *(.text.*)
 .text.matrix_scan_kb
                0x00000000000007ae        0x4 .build/obj_dz60_safe/keyboards/dz60/dz60.o
                0x00000000000007ae                matrix_scan_kb
 .text.led_init_ports
                0x00000000000007b2        0x6 .build/obj_dz60_safe/keyboards/dz60/dz60.o
                0x00000000000007b2                led_init_ports
 .text.matrix_init_kb
                0x00000000000007b8        0x8 .build/obj_dz60_safe/keyboards/dz60/dz60.o
                0x00000000000007b8                matrix_init_kb
 .text.led_set_kb
                0x00000000000007c0        0x4 .build/obj_dz60_safe/keyboards/dz60/dz60.o
                0x00000000000007c0                led_set_kb
 .text.action_get_macro
                0x00000000000007c4       0x1a .build/obj_dz60_safe/keyboards/dz60/keymaps/safe/keymap.o
                0x00000000000007c4                action_get_macro
 .text.matrix_init_user
                0x00000000000007de        0x2 .build/obj_dz60_safe/keyboards/dz60/keymaps/safe/keymap.o
                0x00000000000007de                matrix_init_user
 .text.matrix_scan_user
                0x00000000000007e0        0x2 .build/obj_dz60_safe/keyboards/dz60/keymaps/safe/keymap.o
                0x00000000000007e0                matrix_scan_user
 .text.process_record_user
                0x00000000000007e2        0x4 .build/obj_dz60_safe/keyboards/dz60/keymaps/safe/keymap.o
                0x00000000000007e2                process_record_user
 .text.led_set_user
                0x00000000000007e6        0x2 .build/obj_dz60_safe/keyboards/dz60/keymaps/safe/keymap.o
                0x00000000000007e6                led_set_user
 .text.process_action_kb
                0x00000000000007e8        0x4 .build/obj_dz60_safe/quantum/quantum.o
                0x00000000000007e8                process_action_kb
 .text.process_record_kb
                0x00000000000007ec        0x4 .build/obj_dz60_safe/quantum/quantum.o
                0x00000000000007ec                process_record_kb
 .text.reset_keyboard
                0x00000000000007f0       0x1a .build/obj_dz60_safe/quantum/quantum.o
                0x00000000000007f0                reset_keyboard
 .text.process_record_quantum
                0x000000000000080a      0x542 .build/obj_dz60_safe/quantum/quantum.o
                0x000000000000080a                process_record_quantum
 .text.send_char
                0x0000000000000d4c       0x3e .build/obj_dz60_safe/quantum/quantum.o
                0x0000000000000d4c                send_char
 .text.send_string_with_delay_P
                0x0000000000000d8a       0x74 .build/obj_dz60_safe/quantum/quantum.o
                0x0000000000000d8a                send_string_with_delay_P
 .text.send_string_P
                0x0000000000000dfe        0x6 .build/obj_dz60_safe/quantum/quantum.o
                0x0000000000000dfe                send_string_P
 .text.matrix_scan_quantum
                0x0000000000000e04        0x4 .build/obj_dz60_safe/quantum/quantum.o
                0x0000000000000e04                matrix_scan_quantum
 .text.backlight_set
                0x0000000000000e08       0xb8 .build/obj_dz60_safe/quantum/quantum.o
                0x0000000000000e08                backlight_set
 .text.backlight_init_ports
                0x0000000000000ec0       0x20 .build/obj_dz60_safe/quantum/quantum.o
                0x0000000000000ec0                backlight_init_ports
 .text.matrix_init_quantum
                0x0000000000000ee0        0x8 .build/obj_dz60_safe/quantum/quantum.o
                0x0000000000000ee0                matrix_init_quantum
 .text.led_set  0x0000000000000ee8        0x4 .build/obj_dz60_safe/quantum/quantum.o
                0x0000000000000ee8                led_set
 .text.action_function
                0x0000000000000eec        0x2 .build/obj_dz60_safe/quantum/keymap_common.o
                0x0000000000000eec                action_function
 .text.keymap_key_to_keycode
                0x0000000000000eee       0x24 .build/obj_dz60_safe/quantum/keymap_common.o
                0x0000000000000eee                keymap_key_to_keycode
 .text.keymap_function_id_to_action
                0x0000000000000f12       0x10 .build/obj_dz60_safe/quantum/keymap_common.o
                0x0000000000000f12                keymap_function_id_to_action
 .text.action_for_key
                0x0000000000000f22      0x3b6 .build/obj_dz60_safe/quantum/keymap_common.o
                0x0000000000000f22                action_for_key
 .text.keycode_config
                0x00000000000012d8       0xfa .build/obj_dz60_safe/quantum/keycode_config.o
                0x00000000000012d8                keycode_config
 .text.mod_config
                0x00000000000013d2       0x46 .build/obj_dz60_safe/quantum/keycode_config.o
                0x00000000000013d2                mod_config
 .text.leader_start
                0x0000000000001418        0x2 .build/obj_dz60_safe/quantum/process_keycode/process_leader.o
                0x0000000000001418                leader_start
 .text.process_leader
                0x000000000000141a       0x9e .build/obj_dz60_safe/quantum/process_keycode/process_leader.o
                0x000000000000141a                process_leader
 .text.matrix_init
                0x00000000000014b8       0x9c .build/obj_dz60_safe/quantum/matrix.o
                0x00000000000014b8                matrix_init
 .text.matrix_scan
                0x0000000000001554      0x168 .build/obj_dz60_safe/quantum/matrix.o
                0x0000000000001554                matrix_scan
 .text.matrix_get_row
                0x00000000000016bc       0x12 .build/obj_dz60_safe/quantum/matrix.o
                0x00000000000016bc                matrix_get_row
 .text.matrix_print
                0x00000000000016ce        0x2 .build/obj_dz60_safe/quantum/matrix.o
                0x00000000000016ce                matrix_print
 .text.sethsv   0x00000000000016d0       0xe8 .build/obj_dz60_safe/quantum/rgblight.o
                0x00000000000016d0                sethsv
 .text.eeconfig_read_rgblight
                0x00000000000017b8        0x8 .build/obj_dz60_safe/quantum/rgblight.o
                0x00000000000017b8                eeconfig_read_rgblight
 .text.eeconfig_update_rgblight
                0x00000000000017c0        0xc .build/obj_dz60_safe/quantum/rgblight.o
                0x00000000000017c0                eeconfig_update_rgblight
 .text.eeconfig_update_rgblight_default
                0x00000000000017cc       0x26 .build/obj_dz60_safe/quantum/rgblight.o
                0x00000000000017cc                eeconfig_update_rgblight_default
 .text.rgblight_get_mode
                0x00000000000017f2       0x1c .build/obj_dz60_safe/quantum/rgblight.o
                0x00000000000017f2                rgblight_get_mode
 .text.rgblight_set
                0x000000000000180e       0x2e .build/obj_dz60_safe/quantum/rgblight.o
                0x000000000000180e                rgblight_set
 .text.rgblight_setrgb
                0x000000000000183c       0x28 .build/obj_dz60_safe/quantum/rgblight.o
                0x000000000000183c                rgblight_setrgb
 .text.rgblight_sethsv_noeeprom
                0x0000000000001864       0x92 .build/obj_dz60_safe/quantum/rgblight.o
                0x0000000000001864                rgblight_sethsv_noeeprom
 .text.rgblight_sethsv
                0x00000000000018f6      0x15c .build/obj_dz60_safe/quantum/rgblight.o
                0x00000000000018f6                rgblight_sethsv
 .text.rgblight_increase_hue
                0x0000000000001a52       0x30 .build/obj_dz60_safe/quantum/rgblight.o
                0x0000000000001a52                rgblight_increase_hue
 .text.rgblight_decrease_hue
                0x0000000000001a82       0x3e .build/obj_dz60_safe/quantum/rgblight.o
                0x0000000000001a82                rgblight_decrease_hue
 .text.rgblight_increase_sat
                0x0000000000001ac0       0x36 .build/obj_dz60_safe/quantum/rgblight.o
                0x0000000000001ac0                rgblight_increase_sat
 .text.rgblight_decrease_sat
                0x0000000000001af6       0x34 .build/obj_dz60_safe/quantum/rgblight.o
                0x0000000000001af6                rgblight_decrease_sat
 .text.rgblight_increase_val
                0x0000000000001b2a       0x36 .build/obj_dz60_safe/quantum/rgblight.o
                0x0000000000001b2a                rgblight_increase_val
 .text.rgblight_decrease_val
                0x0000000000001b60       0x34 .build/obj_dz60_safe/quantum/rgblight.o
                0x0000000000001b60                rgblight_decrease_val
 .text.rgblight_mode
                0x0000000000001b94       0x8e .build/obj_dz60_safe/quantum/rgblight.o
                0x0000000000001b94                rgblight_mode
 .text.rgblight_init
                0x0000000000001c22       0x68 .build/obj_dz60_safe/quantum/rgblight.o
                0x0000000000001c22                rgblight_init
 .text.rgblight_step
                0x0000000000001c8a       0x14 .build/obj_dz60_safe/quantum/rgblight.o
                0x0000000000001c8a                rgblight_step
 .text.rgblight_step_reverse
                0x0000000000001c9e       0x12 .build/obj_dz60_safe/quantum/rgblight.o
                0x0000000000001c9e                rgblight_step_reverse
 .text.rgblight_enable
                0x0000000000001cb0       0x30 .build/obj_dz60_safe/quantum/rgblight.o
                0x0000000000001cb0                rgblight_enable
 .text.rgblight_disable
                0x0000000000001ce0       0x38 .build/obj_dz60_safe/quantum/rgblight.o
                0x0000000000001ce0                rgblight_disable
 .text.rgblight_toggle
                0x0000000000001d18        0xe .build/obj_dz60_safe/quantum/rgblight.o
                0x0000000000001d18                rgblight_toggle
 .text.rgblight_effect_breathing
                0x0000000000001d26       0xae .build/obj_dz60_safe/quantum/rgblight.o
                0x0000000000001d26                rgblight_effect_breathing
 .text.rgblight_effect_rainbow_mood
                0x0000000000001dd4       0x60 .build/obj_dz60_safe/quantum/rgblight.o
                0x0000000000001dd4                rgblight_effect_rainbow_mood
 .text.rgblight_effect_rainbow_swirl
                0x0000000000001e34       0xbc .build/obj_dz60_safe/quantum/rgblight.o
                0x0000000000001e34                rgblight_effect_rainbow_swirl
 .text.rgblight_effect_snake
                0x0000000000001ef0      0x122 .build/obj_dz60_safe/quantum/rgblight.o
                0x0000000000001ef0                rgblight_effect_snake
 .text.rgblight_effect_knight
                0x0000000000002012      0x104 .build/obj_dz60_safe/quantum/rgblight.o
                0x0000000000002012                rgblight_effect_knight
 .text.rgblight_effect_christmas
                0x0000000000002116       0xa0 .build/obj_dz60_safe/quantum/rgblight.o
                0x0000000000002116                rgblight_effect_christmas
 .text.rgblight_task
                0x00000000000021b6       0x6e .build/obj_dz60_safe/quantum/rgblight.o
                0x00000000000021b6                rgblight_task
 .text.ws2812_sendarray_mask
                0x0000000000002224       0x42 .build/obj_dz60_safe/ws2812.o
                0x0000000000002224                ws2812_sendarray_mask
 .text.ws2812_setleds_pin
                0x0000000000002266       0x22 .build/obj_dz60_safe/ws2812.o
                0x0000000000002266                ws2812_setleds_pin
 .text.ws2812_setleds
                0x0000000000002288        0x6 .build/obj_dz60_safe/ws2812.o
                0x0000000000002288                ws2812_setleds
 .text.host_set_driver
                0x000000000000228e        0xa .build/obj_dz60_safe/common/host.o
                0x000000000000228e                host_set_driver
 .text.host_keyboard_leds
                0x0000000000002298       0x18 .build/obj_dz60_safe/common/host.o
                0x0000000000002298                host_keyboard_leds
 .text.host_keyboard_send
                0x00000000000022b0       0x16 .build/obj_dz60_safe/common/host.o
                0x00000000000022b0                host_keyboard_send
 .text.host_mouse_send
                0x00000000000022c6       0x16 .build/obj_dz60_safe/common/host.o
                0x00000000000022c6                host_mouse_send
 .text.host_system_send
                0x00000000000022dc       0x2c .build/obj_dz60_safe/common/host.o
                0x00000000000022dc                host_system_send
 .text.host_consumer_send
                0x0000000000002308       0x2c .build/obj_dz60_safe/common/host.o
                0x0000000000002308                host_consumer_send
 .text.matrix_setup
                0x0000000000002334        0x2 .build/obj_dz60_safe/common/keyboard.o
                0x0000000000002334                matrix_setup
 .text.keyboard_setup
                0x0000000000002336        0x4 .build/obj_dz60_safe/common/keyboard.o
                0x0000000000002336                keyboard_setup
 .text.is_keyboard_master
                0x000000000000233a        0x4 .build/obj_dz60_safe/common/keyboard.o
                0x000000000000233a                is_keyboard_master
 .text.keyboard_init
                0x000000000000233e       0x14 .build/obj_dz60_safe/common/keyboard.o
                0x000000000000233e                keyboard_init
 .text.keyboard_task
                0x0000000000002352      0x17c .build/obj_dz60_safe/common/keyboard.o
                0x0000000000002352                keyboard_task
 .text.action_exec
                0x00000000000024ce       0x5c .build/obj_dz60_safe/common/action.o
                0x00000000000024ce                action_exec
 .text.process_record_tap_hint
                0x000000000000252a        0xc .build/obj_dz60_safe/common/action.o
                0x000000000000252a                process_record_tap_hint
 .text.register_code
                0x0000000000002536      0x1ee .build/obj_dz60_safe/common/action.o
                0x0000000000002536                register_code
 .text.unregister_code
                0x0000000000002724       0xbe .build/obj_dz60_safe/common/action.o
                0x0000000000002724                unregister_code
 .text.register_mods
                0x00000000000027e2        0xe .build/obj_dz60_safe/common/action.o
                0x00000000000027e2                register_mods
 .text.unregister_mods
                0x00000000000027f0        0xe .build/obj_dz60_safe/common/action.o
                0x00000000000027f0                unregister_mods
 .text.process_action
                0x00000000000027fe      0x566 .build/obj_dz60_safe/common/action.o
                0x00000000000027fe                process_action
 .text.process_record
                0x0000000000002d64       0x4e .build/obj_dz60_safe/common/action.o
                0x0000000000002d64                process_record
 .text.clear_keyboard_but_mods
                0x0000000000002db2       0x30 .build/obj_dz60_safe/common/action.o
                0x0000000000002db2                clear_keyboard_but_mods
 .text.clear_keyboard
                0x0000000000002de2        0x8 .build/obj_dz60_safe/common/action.o
                0x0000000000002de2                clear_keyboard
 .text.is_tap_key
                0x0000000000002dea       0x48 .build/obj_dz60_safe/common/action.o
                0x0000000000002dea                is_tap_key
 .text.debug_event
                0x0000000000002e32       0x1e .build/obj_dz60_safe/common/action.o
                0x0000000000002e32                debug_event
 .text.debug_record
                0x0000000000002e50       0x20 .build/obj_dz60_safe/common/action.o
                0x0000000000002e50                debug_record
 .text.debug_waiting_buffer
                0x0000000000002e70       0x42 .build/obj_dz60_safe/common/action_tapping.o
 .text.debug_tapping_key
                0x0000000000002eb2       0x1c .build/obj_dz60_safe/common/action_tapping.o
 .text.waiting_buffer_scan_tap
                0x0000000000002ece       0xb6 .build/obj_dz60_safe/common/action_tapping.o
 .text.process_tapping
                0x0000000000002f84      0x3ac .build/obj_dz60_safe/common/action_tapping.o
 .text.action_tapping_process
                0x0000000000003330      0x148 .build/obj_dz60_safe/common/action_tapping.o
                0x0000000000003330                action_tapping_process
 .text.action_macro_play
                0x0000000000003478       0xfa .build/obj_dz60_safe/common/action_macro.o
                0x0000000000003478                action_macro_play
 .text.default_layer_state_set_kb
                0x0000000000003572        0x2 .build/obj_dz60_safe/common/action_layer.o
                0x0000000000003572                default_layer_state_set_kb
 .text.default_layer_state_set
                0x0000000000003574       0x18 .build/obj_dz60_safe/common/action_layer.o
 .text.default_layer_debug
                0x000000000000358c        0x2 .build/obj_dz60_safe/common/action_layer.o
                0x000000000000358c                default_layer_debug
 .text.default_layer_set
                0x000000000000358e        0x4 .build/obj_dz60_safe/common/action_layer.o
                0x000000000000358e                default_layer_set
 .text.default_layer_or
                0x0000000000003592       0x24 .build/obj_dz60_safe/common/action_layer.o
                0x0000000000003592                default_layer_or
 .text.default_layer_and
                0x00000000000035b6       0x24 .build/obj_dz60_safe/common/action_layer.o
                0x00000000000035b6                default_layer_and
 .text.default_layer_xor
                0x00000000000035da       0x24 .build/obj_dz60_safe/common/action_layer.o
                0x00000000000035da                default_layer_xor
 .text.layer_state_set_user
                0x00000000000035fe        0x2 .build/obj_dz60_safe/common/action_layer.o
                0x00000000000035fe                layer_state_set_user
 .text.layer_state_set_kb
                0x0000000000003600        0x4 .build/obj_dz60_safe/common/action_layer.o
                0x0000000000003600                layer_state_set_kb
 .text.layer_state_set
                0x0000000000003604       0x18 .build/obj_dz60_safe/common/action_layer.o
                0x0000000000003604                layer_state_set
 .text.layer_clear
                0x000000000000361c        0xa .build/obj_dz60_safe/common/action_layer.o
                0x000000000000361c                layer_clear
 .text.layer_move
                0x0000000000003626       0x2a .build/obj_dz60_safe/common/action_layer.o
                0x0000000000003626                layer_move
 .text.layer_on
                0x0000000000003650       0x42 .build/obj_dz60_safe/common/action_layer.o
                0x0000000000003650                layer_on
 .text.layer_off
                0x0000000000003692       0x4a .build/obj_dz60_safe/common/action_layer.o
                0x0000000000003692                layer_off
 .text.layer_invert
                0x00000000000036dc       0x42 .build/obj_dz60_safe/common/action_layer.o
                0x00000000000036dc                layer_invert
 .text.layer_or
                0x000000000000371e       0x24 .build/obj_dz60_safe/common/action_layer.o
                0x000000000000371e                layer_or
 .text.layer_and
                0x0000000000003742       0x24 .build/obj_dz60_safe/common/action_layer.o
                0x0000000000003742                layer_and
 .text.layer_xor
                0x0000000000003766       0x24 .build/obj_dz60_safe/common/action_layer.o
                0x0000000000003766                layer_xor
 .text.layer_debug
                0x000000000000378a        0x2 .build/obj_dz60_safe/common/action_layer.o
                0x000000000000378a                layer_debug
 .text.update_source_layers_cache
                0x000000000000378c       0x5e .build/obj_dz60_safe/common/action_layer.o
                0x000000000000378c                update_source_layers_cache
 .text.read_source_layers_cache
                0x00000000000037ea       0x58 .build/obj_dz60_safe/common/action_layer.o
                0x00000000000037ea                read_source_layers_cache
 .text.layer_switch_get_layer
                0x0000000000003842       0x7e .build/obj_dz60_safe/common/action_layer.o
                0x0000000000003842                layer_switch_get_layer
 .text.layer_switch_get_action
                0x00000000000038c0       0x16 .build/obj_dz60_safe/common/action_layer.o
                0x00000000000038c0                layer_switch_get_action
 .text.store_or_get_action
                0x00000000000038d6       0x46 .build/obj_dz60_safe/common/action_layer.o
                0x00000000000038d6                store_or_get_action
 .text.get_oneshot_layer
                0x000000000000391c        0xc .build/obj_dz60_safe/common/action_util.o
                0x000000000000391c                get_oneshot_layer
 .text.get_oneshot_layer_state
                0x0000000000003928        0x8 .build/obj_dz60_safe/common/action_util.o
                0x0000000000003928                get_oneshot_layer_state
 .text.set_oneshot_layer
                0x0000000000003930       0x12 .build/obj_dz60_safe/common/action_util.o
                0x0000000000003930                set_oneshot_layer
 .text.clear_oneshot_layer_state
                0x0000000000003942       0x2e .build/obj_dz60_safe/common/action_util.o
                0x0000000000003942                clear_oneshot_layer_state
 .text.is_oneshot_layer_active
                0x0000000000003970        0xe .build/obj_dz60_safe/common/action_util.o
                0x0000000000003970                is_oneshot_layer_active
 .text.send_keyboard_report
                0x000000000000397e       0x66 .build/obj_dz60_safe/common/action_util.o
                0x000000000000397e                send_keyboard_report
 .text.get_mods
                0x00000000000039e4        0x6 .build/obj_dz60_safe/common/action_util.o
                0x00000000000039e4                get_mods
 .text.add_mods
                0x00000000000039ea        0xc .build/obj_dz60_safe/common/action_util.o
                0x00000000000039ea                add_mods
 .text.del_mods
                0x00000000000039f6        0xe .build/obj_dz60_safe/common/action_util.o
                0x00000000000039f6                del_mods
 .text.clear_mods
                0x0000000000003a04        0x6 .build/obj_dz60_safe/common/action_util.o
                0x0000000000003a04                clear_mods
 .text.add_weak_mods
                0x0000000000003a0a        0xc .build/obj_dz60_safe/common/action_util.o
                0x0000000000003a0a                add_weak_mods
 .text.del_weak_mods
                0x0000000000003a16        0xe .build/obj_dz60_safe/common/action_util.o
                0x0000000000003a16                del_weak_mods
 .text.clear_weak_mods
                0x0000000000003a24        0x6 .build/obj_dz60_safe/common/action_util.o
                0x0000000000003a24                clear_weak_mods
 .text.add_macro_mods
                0x0000000000003a2a        0xc .build/obj_dz60_safe/common/action_util.o
                0x0000000000003a2a                add_macro_mods
 .text.del_macro_mods
                0x0000000000003a36        0xe .build/obj_dz60_safe/common/action_util.o
                0x0000000000003a36                del_macro_mods
 .text.clear_macro_mods
                0x0000000000003a44        0x6 .build/obj_dz60_safe/common/action_util.o
                0x0000000000003a44                clear_macro_mods
 .text.set_oneshot_mods
                0x0000000000003a4a        0x6 .build/obj_dz60_safe/common/action_util.o
                0x0000000000003a4a                set_oneshot_mods
 .text.clear_oneshot_mods
                0x0000000000003a50        0x6 .build/obj_dz60_safe/common/action_util.o
                0x0000000000003a50                clear_oneshot_mods
 .text.eeconfig_init
                0x0000000000003a56       0x4c .build/obj_dz60_safe/common/eeconfig.o
                0x0000000000003a56                eeconfig_init
 .text.eeconfig_is_enabled
                0x0000000000003aa2       0x16 .build/obj_dz60_safe/common/eeconfig.o
                0x0000000000003aa2                eeconfig_is_enabled
 .text.eeconfig_read_debug
                0x0000000000003ab8        0x8 .build/obj_dz60_safe/common/eeconfig.o
                0x0000000000003ab8                eeconfig_read_debug
 .text.eeconfig_update_debug
                0x0000000000003ac0        0xa .build/obj_dz60_safe/common/eeconfig.o
                0x0000000000003ac0                eeconfig_update_debug
 .text.eeconfig_read_default_layer
                0x0000000000003aca        0x8 .build/obj_dz60_safe/common/eeconfig.o
                0x0000000000003aca                eeconfig_read_default_layer
 .text.eeconfig_update_default_layer
                0x0000000000003ad2        0xa .build/obj_dz60_safe/common/eeconfig.o
                0x0000000000003ad2                eeconfig_update_default_layer
 .text.eeconfig_read_keymap
                0x0000000000003adc        0x8 .build/obj_dz60_safe/common/eeconfig.o
                0x0000000000003adc                eeconfig_read_keymap
 .text.eeconfig_update_keymap
                0x0000000000003ae4        0xa .build/obj_dz60_safe/common/eeconfig.o
                0x0000000000003ae4                eeconfig_update_keymap
 .text.eeconfig_read_backlight
                0x0000000000003aee        0x8 .build/obj_dz60_safe/common/eeconfig.o
                0x0000000000003aee                eeconfig_read_backlight
 .text.eeconfig_update_backlight
                0x0000000000003af6        0xa .build/obj_dz60_safe/common/eeconfig.o
                0x0000000000003af6                eeconfig_update_backlight
 .text.has_anykey
                0x0000000000003b00       0x1a .build/obj_dz60_safe/common/report.o
                0x0000000000003b00                has_anykey
 .text.add_key_byte
                0x0000000000003b1a       0x34 .build/obj_dz60_safe/common/report.o
                0x0000000000003b1a                add_key_byte
 .text.del_key_byte
                0x0000000000003b4e       0x18 .build/obj_dz60_safe/common/report.o
                0x0000000000003b4e                del_key_byte
 .text.add_key_bit
                0x0000000000003b66       0x28 .build/obj_dz60_safe/common/report.o
                0x0000000000003b66                add_key_bit
 .text.del_key_bit
                0x0000000000003b8e       0x2a .build/obj_dz60_safe/common/report.o
                0x0000000000003b8e                del_key_bit
 .text.add_key_to_report
                0x0000000000003bb8       0x16 .build/obj_dz60_safe/common/report.o
                0x0000000000003bb8                add_key_to_report
 .text.del_key_from_report
                0x0000000000003bce       0x16 .build/obj_dz60_safe/common/report.o
                0x0000000000003bce                del_key_from_report
 .text.clear_keys_from_report
                0x0000000000003be4       0x10 .build/obj_dz60_safe/common/report.o
                0x0000000000003be4                clear_keys_from_report
 .text.suspend_power_down
                0x0000000000003bf4       0x5e .build/obj_dz60_safe/common/avr/suspend.o
                0x0000000000003bf4                suspend_power_down
 .text.matrix_power_up
                0x0000000000003c52        0x2 .build/obj_dz60_safe/common/avr/suspend.o
                0x0000000000003c52                matrix_power_up
 .text.matrix_power_down
                0x0000000000003c54        0x2 .build/obj_dz60_safe/common/avr/suspend.o
                0x0000000000003c54                matrix_power_down
 .text.suspend_wakeup_condition
                0x0000000000003c56       0x2a .build/obj_dz60_safe/common/avr/suspend.o
                0x0000000000003c56                suspend_wakeup_condition
 .text.suspend_wakeup_init
                0x0000000000003c80       0x10 .build/obj_dz60_safe/common/avr/suspend.o
                0x0000000000003c80                suspend_wakeup_init
 .text.__vector_12
                0x0000000000003c90       0x52 .build/obj_dz60_safe/common/avr/suspend.o
                0x0000000000003c90                __vector_12
 .text.timer_init
                0x0000000000003ce2       0x12 .build/obj_dz60_safe/common/avr/timer.o
                0x0000000000003ce2                timer_init
 .text.timer_read
                0x0000000000003cf4       0x18 .build/obj_dz60_safe/common/avr/timer.o
                0x0000000000003cf4                timer_read
 .text.timer_elapsed
                0x0000000000003d0c       0x54 .build/obj_dz60_safe/common/avr/timer.o
                0x0000000000003d0c                timer_elapsed
 .text.__vector_21
                0x0000000000003d60       0x4c .build/obj_dz60_safe/common/avr/timer.o
                0x0000000000003d60                __vector_21
 .text.bootloader_jump
                0x0000000000003dac       0x48 .build/obj_dz60_safe/common/avr/bootloader.o
                0x0000000000003dac                bootloader_jump
 .text.scan_keycode
                0x0000000000003df4       0x7c .build/obj_dz60_safe/common/bootmagic.o
 .text.bootmagic_scan_keycode
                0x0000000000003e70       0x1c .build/obj_dz60_safe/common/bootmagic.o
                0x0000000000003e70                bootmagic_scan_keycode
 .text.bootmagic
                0x0000000000003e8c      0x252 .build/obj_dz60_safe/common/bootmagic.o
                0x0000000000003e8c                bootmagic
 .text.move_unit
                0x00000000000040de       0x92 .build/obj_dz60_safe/common/mousekey.o
 .text.wheel_unit
                0x0000000000004170       0x72 .build/obj_dz60_safe/common/mousekey.o
 .text.mousekey_on
                0x00000000000041e2       0xd0 .build/obj_dz60_safe/common/mousekey.o
                0x00000000000041e2                mousekey_on
 .text.mousekey_off
                0x00000000000042b2      0x10a .build/obj_dz60_safe/common/mousekey.o
                0x00000000000042b2                mousekey_off
 .text.mousekey_send
                0x00000000000043bc       0x16 .build/obj_dz60_safe/common/mousekey.o
                0x00000000000043bc                mousekey_send
 .text.mousekey_task
                0x00000000000043d2      0x11c .build/obj_dz60_safe/common/mousekey.o
                0x00000000000043d2                mousekey_task
 .text.mousekey_clear
                0x00000000000044ee       0x18 .build/obj_dz60_safe/common/mousekey.o
                0x00000000000044ee                mousekey_clear
 .text.backlight_init
                0x0000000000004506       0x3a .build/obj_dz60_safe/common/backlight.o
                0x0000000000004506                backlight_init
 .text.backlight_increase
                0x0000000000004540       0x3a .build/obj_dz60_safe/common/backlight.o
                0x0000000000004540                backlight_increase
 .text.backlight_decrease
                0x000000000000457a       0x38 .build/obj_dz60_safe/common/backlight.o
                0x000000000000457a                backlight_decrease
 .text.backlight_toggle
                0x00000000000045b2       0x34 .build/obj_dz60_safe/common/backlight.o
                0x00000000000045b2                backlight_toggle
 .text.backlight_step
                0x00000000000045e6       0x46 .build/obj_dz60_safe/common/backlight.o
                0x00000000000045e6                backlight_step
 .text.backlight_level
                0x000000000000462c       0x36 .build/obj_dz60_safe/common/backlight.o
                0x000000000000462c                backlight_level
 .text.keyboard_leds
                0x0000000000004662        0x6 .build/obj_dz60_safe/lufa.o
 .text.send_consumer
                0x0000000000004668       0x74 .build/obj_dz60_safe/lufa.o
 .text.send_system
                0x00000000000046dc       0x6c .build/obj_dz60_safe/lufa.o
 .text.send_mouse
                0x0000000000004748       0x56 .build/obj_dz60_safe/lufa.o
 .text.send_keyboard
                0x000000000000479e       0xa8 .build/obj_dz60_safe/lufa.o
 .text.EVENT_USB_Device_Connect
                0x0000000000004846       0x1c .build/obj_dz60_safe/lufa.o
                0x0000000000004846                EVENT_USB_Device_Connect
 .text.EVENT_USB_Device_Disconnect
                0x0000000000004862        0x6 .build/obj_dz60_safe/lufa.o
                0x0000000000004862                EVENT_USB_Device_Disconnect
 .text.EVENT_USB_Device_Reset
                0x0000000000004868        0x2 .build/obj_dz60_safe/lufa.o
                0x0000000000004868                EVENT_USB_Device_Reset
 .text.EVENT_USB_Device_Suspend
                0x000000000000486a        0x2 .build/obj_dz60_safe/lufa.o
                0x000000000000486a                EVENT_USB_Device_Suspend
 .text.EVENT_USB_Device_WakeUp
                0x000000000000486c        0x4 .build/obj_dz60_safe/lufa.o
                0x000000000000486c                EVENT_USB_Device_WakeUp
 .text.EVENT_USB_Device_ConfigurationChanged
                0x0000000000004870       0x28 .build/obj_dz60_safe/lufa.o
                0x0000000000004870                EVENT_USB_Device_ConfigurationChanged
 .text.EVENT_USB_Device_ControlRequest
                0x0000000000004898      0x164 .build/obj_dz60_safe/lufa.o
                0x0000000000004898                EVENT_USB_Device_ControlRequest
 .text.startup.main
                0x00000000000049fc       0x7a .build/obj_dz60_safe/lufa.o
                0x00000000000049fc                main
 .text.CALLBACK_USB_GetDescriptor
                0x0000000000004a76        0x4 .build/obj_dz60_safe/lufa.o
                0x0000000000004a76                CALLBACK_USB_GetDescriptor
 .text.get_usb_descriptor
                0x0000000000004a7a       0xbc .build/obj_dz60_safe/usb_descriptor.o
                0x0000000000004a7a                get_usb_descriptor
 .text.set_output_user
                0x0000000000004b36        0x2 .build/obj_dz60_safe/outputselect.o
                0x0000000000004b36                set_output_user
 .text.set_output
                0x0000000000004b38       0x10 .build/obj_dz60_safe/outputselect.o
                0x0000000000004b38                set_output
 .text.auto_detect_output
                0x0000000000004b48       0x10 .build/obj_dz60_safe/outputselect.o
                0x0000000000004b48                auto_detect_output
 .text.where_to_send
                0x0000000000004b58        0xe .build/obj_dz60_safe/outputselect.o
                0x0000000000004b58                where_to_send
 .text.USB_Device_SendRemoteWakeup
                0x0000000000004b66       0x2c .build/obj_dz60_safe/./lib/lufa/LUFA/Drivers/USB/Core/AVR8/Device_AVR8.o
                0x0000000000004b66                USB_Device_SendRemoteWakeup
 .text.Endpoint_Write_Stream_LE
                0x0000000000004b92       0x96 .build/obj_dz60_safe/./lib/lufa/LUFA/Drivers/USB/Core/AVR8/EndpointStream_AVR8.o
                0x0000000000004b92                Endpoint_Write_Stream_LE
 .text.Endpoint_Write_Control_Stream_LE
                0x0000000000004c28       0xc6 .build/obj_dz60_safe/./lib/lufa/LUFA/Drivers/USB/Core/AVR8/EndpointStream_AVR8.o
                0x0000000000004c28                Endpoint_Write_Control_Stream_LE
 .text.Endpoint_Write_Control_PStream_LE
                0x0000000000004cee       0xc2 .build/obj_dz60_safe/./lib/lufa/LUFA/Drivers/USB/Core/AVR8/EndpointStream_AVR8.o
                0x0000000000004cee                Endpoint_Write_Control_PStream_LE
 .text.Endpoint_ConfigureEndpoint_Prv
                0x0000000000004db0       0x6a .build/obj_dz60_safe/./lib/lufa/LUFA/Drivers/USB/Core/AVR8/Endpoint_AVR8.o
                0x0000000000004db0                Endpoint_ConfigureEndpoint_Prv
 .text.Endpoint_ClearStatusStage
                0x0000000000004e1a       0x3e .build/obj_dz60_safe/./lib/lufa/LUFA/Drivers/USB/Core/AVR8/Endpoint_AVR8.o
                0x0000000000004e1a                Endpoint_ClearStatusStage
 .text.Endpoint_WaitUntilReady
                0x0000000000004e58       0x64 .build/obj_dz60_safe/./lib/lufa/LUFA/Drivers/USB/Core/AVR8/Endpoint_AVR8.o
                0x0000000000004e58                Endpoint_WaitUntilReady
 .text.USB_Disable
                0x0000000000004ebc       0x34 .build/obj_dz60_safe/./lib/lufa/LUFA/Drivers/USB/Core/AVR8/USBController_AVR8.o
                0x0000000000004ebc                USB_Disable
 .text.USB_ResetInterface
                0x0000000000004ef0       0x86 .build/obj_dz60_safe/./lib/lufa/LUFA/Drivers/USB/Core/AVR8/USBController_AVR8.o
                0x0000000000004ef0                USB_ResetInterface
 .text.USB_Init
                0x0000000000004f76       0x22 .build/obj_dz60_safe/./lib/lufa/LUFA/Drivers/USB/Core/AVR8/USBController_AVR8.o
                0x0000000000004f76                USB_Init
 .text.USB_INT_DisableAllInterrupts
                0x0000000000004f98       0x10 .build/obj_dz60_safe/./lib/lufa/LUFA/Drivers/USB/Core/AVR8/USBInterrupt_AVR8.o
                0x0000000000004f98                USB_INT_DisableAllInterrupts
 .text.USB_INT_ClearAllInterrupts
                0x0000000000004fa8        0xa .build/obj_dz60_safe/./lib/lufa/LUFA/Drivers/USB/Core/AVR8/USBInterrupt_AVR8.o
                0x0000000000004fa8                USB_INT_ClearAllInterrupts
 .text.__vector_10
                0x0000000000004fb2      0x1a4 .build/obj_dz60_safe/./lib/lufa/LUFA/Drivers/USB/Core/AVR8/USBInterrupt_AVR8.o
                0x0000000000004fb2                __vector_10
 .text.__vector_11
                0x0000000000005156       0x88 .build/obj_dz60_safe/./lib/lufa/LUFA/Drivers/USB/Core/AVR8/USBInterrupt_AVR8.o
                0x0000000000005156                __vector_11
 .text.USB_Device_ProcessControlRequest
                0x00000000000051de      0x2b4 .build/obj_dz60_safe/./lib/lufa/LUFA/Drivers/USB/Core/DeviceStandardReq.o
                0x00000000000051de                USB_Device_ProcessControlRequest
 .text.USB_Event_Stub
                0x0000000000005492        0x2 .build/obj_dz60_safe/./lib/lufa/LUFA/Drivers/USB/Core/Events.o
                0x0000000000005492                USB_Event_Stub
                0x0000000000005492                EVENT_USB_Device_StartOfFrame
 .text.USB_USBTask
                0x0000000000005494       0x36 .build/obj_dz60_safe/./lib/lufa/LUFA/Drivers/USB/Core/USBTask.o
                0x0000000000005494                USB_USBTask
 .text.avr-libc.fplib
                0x00000000000054ca        0xe /usr/lib/gcc/avr/4.9.2/../../../avr/lib/avr5/libm.a(addsf3.o)
                0x00000000000054ca                __subsf3
                0x00000000000054cc                __addsf3
 .text.avr-libc.fplib
                0x00000000000054d8       0xcc /usr/lib/gcc/avr/4.9.2/../../../avr/lib/avr5/libm.a(addsf3x.o)
                0x00000000000054fa                __addsf3x
 .text.avr-libc.fplib
                0x00000000000055a4        0x8 /usr/lib/gcc/avr/4.9.2/../../../avr/lib/avr5/libm.a(divsf3.o)
                0x00000000000055a4                __divsf3
 .text.avr-libc.fplib
                0x00000000000055ac       0xdc /usr/lib/gcc/avr/4.9.2/../../../avr/lib/avr5/libm.a(divsf3x.o)
                0x00000000000055cc                __divsf3x
                0x00000000000055d2                __divsf3_pse
 .text.avr-libc.fplib
                0x0000000000005688       0x74 /usr/lib/gcc/avr/4.9.2/../../../avr/lib/avr5/libm.a(exp.o)
                0x0000000000005698                exp
 .text.avr-libc.fplib
                0x00000000000056fc       0x5e /usr/lib/gcc/avr/4.9.2/../../../avr/lib/avr5/libm.a(fixunssfsi.o)
                0x00000000000056fc                __fixunssfsi
 .text.avr-libc.fplib
                0x000000000000575a       0x7a /usr/lib/gcc/avr/4.9.2/../../../avr/lib/avr5/libm.a(floatsisf.o)
                0x000000000000575a                __floatunsisf
                0x000000000000575e                __floatsisf
 .text.avr-libc.fplib
                0x00000000000057d4        0xc /usr/lib/gcc/avr/4.9.2/../../../avr/lib/avr5/libm.a(fp_inf.o)
                0x00000000000057d4                __fp_inf
 .text.avr-libc.fplib
                0x00000000000057e0        0x6 /usr/lib/gcc/avr/4.9.2/../../../avr/lib/avr5/libm.a(fp_nan.o)
                0x00000000000057e0                __fp_nan
 .text.avr-libc.fplib
                0x00000000000057e6       0x4e /usr/lib/gcc/avr/4.9.2/../../../avr/lib/avr5/libm.a(fp_powser.o)
                0x00000000000057e6                __fp_powser
 .text.avr-libc.fplib
                0x0000000000005834        0xe /usr/lib/gcc/avr/4.9.2/../../../avr/lib/avr5/libm.a(fp_pscA.o)
                0x0000000000005834                __fp_pscA
 .text.avr-libc.fplib
                0x0000000000005842        0xe /usr/lib/gcc/avr/4.9.2/../../../avr/lib/avr5/libm.a(fp_pscB.o)
                0x0000000000005842                __fp_pscB
 .text.avr-libc.fplib
                0x0000000000005850       0x22 /usr/lib/gcc/avr/4.9.2/../../../avr/lib/avr5/libm.a(fp_round.o)
                0x0000000000005850                __fp_round
 .text.avr-libc.fplib
                0x0000000000005872       0x44 /usr/lib/gcc/avr/4.9.2/../../../avr/lib/avr5/libm.a(fp_split3.o)
                0x0000000000005872                __fp_split3
                0x0000000000005882                __fp_splitA
 .text.avr-libc.fplib
                0x00000000000058b6        0xe /usr/lib/gcc/avr/4.9.2/../../../avr/lib/avr5/libm.a(fp_zero.o)
                0x00000000000058b6                __fp_zero
                0x00000000000058b8                __fp_szero
 .text.avr-libc.fplib
                0x00000000000058c4       0x10 /usr/lib/gcc/avr/4.9.2/../../../avr/lib/avr5/libm.a(inverse.o)
                0x00000000000058c4                inverse
 .text.avr-libc.fplib
                0x00000000000058d4       0x74 /usr/lib/gcc/avr/4.9.2/../../../avr/lib/avr5/libm.a(ldexp.o)
                0x00000000000058dc                ldexp
 .text.avr-libc.fplib
                0x0000000000005948       0x68 /usr/lib/gcc/avr/4.9.2/../../../avr/lib/avr5/libm.a(modf.o)
                0x0000000000005948                modff
                0x0000000000005948                modf
 .text.avr-libc.fplib
                0x00000000000059b0        0x8 /usr/lib/gcc/avr/4.9.2/../../../avr/lib/avr5/libm.a(mulsf3.o)
                0x00000000000059b0                __mulsf3
 .text.avr-libc.fplib
                0x00000000000059b8       0xd2 /usr/lib/gcc/avr/4.9.2/../../../avr/lib/avr5/libm.a(mulsf3x.o)
                0x00000000000059d6                __mulsf3x
                0x00000000000059dc                __mulsf3_pse
 .text.avr-libc.fplib
                0x0000000000005a8a       0x10 /usr/lib/gcc/avr/4.9.2/../../../avr/lib/avr5/libm.a(sin.o)
                0x0000000000005a8a                sin
 .text.avr-libc.fplib
                0x0000000000005a9a       0x1c /usr/lib/gcc/avr/4.9.2/../../../avr/lib/avr5/libm.a(fp_mpack.o)
                0x0000000000005a9a                __fp_mpack
                0x0000000000005a9e                __fp_mpack_finite
 .text.avr-libc.fplib
                0x0000000000005ab6       0x56 /usr/lib/gcc/avr/4.9.2/../../../avr/lib/avr5/libm.a(fp_rempio2.o)
                0x0000000000005aba                __fp_rempio2
 .text.avr-libc.fplib
                0x0000000000005b0c       0x28 /usr/lib/gcc/avr/4.9.2/../../../avr/lib/avr5/libm.a(fp_sinus.o)
                0x0000000000005b0c                __fp_sinus
 .text.avr-libc.fplib
                0x0000000000005b34       0x28 /usr/lib/gcc/avr/4.9.2/../../../avr/lib/avr5/libm.a(fp_powsodd.o)
                0x0000000000005b34                __fp_powsodd
 .text.libgcc.mul
                0x0000000000005b5c       0x20 /usr/lib/gcc/avr/4.9.2/avr5/libgcc.a(_mulsi3.o)
                0x0000000000005b5c                __mulsi3
 .text.libgcc.div
                0x0000000000005b7c       0x28 /usr/lib/gcc/avr/4.9.2/avr5/libgcc.a(_udivmodhi4.o)
                0x0000000000005b7c                __udivmodhi4
 .text.libgcc.div
                0x0000000000005ba4       0x28 /usr/lib/gcc/avr/4.9.2/avr5/libgcc.a(_divmodhi4.o)
                0x0000000000005ba4                __divmodhi4
                0x0000000000005ba4                _div
 .text.libgcc.div
                0x0000000000005bcc       0x44 /usr/lib/gcc/avr/4.9.2/avr5/libgcc.a(_udivmodsi4.o)
                0x0000000000005bcc                __udivmodsi4
 .text.libgcc   0x0000000000005c10        0xc /usr/lib/gcc/avr/4.9.2/avr5/libgcc.a(_tablejump2.o)
                0x0000000000005c10                __tablejump2__
 .text.libgcc.mul
                0x0000000000005c1c       0x1e /usr/lib/gcc/avr/4.9.2/avr5/libgcc.a(_umulhisi3.o)
                0x0000000000005c1c                __umulhisi3
 .text.libgcc.mul
                0x0000000000005c3a       0x16 /usr/lib/gcc/avr/4.9.2/avr5/libgcc.a(_muluhisi3.o)
                0x0000000000005c3a                __muluhisi3
 .text.avr-libc
                0x0000000000005c50       0x10 /usr/lib/gcc/avr/4.9.2/../../../avr/lib/avr5/libatmega32u4.a(eerd_byte.o)
                0x0000000000005c50                eeprom_read_byte
 .text.avr-libc
                0x0000000000005c60        0xc /usr/lib/gcc/avr/4.9.2/../../../avr/lib/avr5/libatmega32u4.a(eerd_dword.o)
                0x0000000000005c60                eeprom_read_dword
                0x0000000000005c60                eeprom_read_float
 .text.avr-libc
                0x0000000000005c6c        0xc /usr/lib/gcc/avr/4.9.2/../../../avr/lib/avr5/libatmega32u4.a(eerd_word.o)
                0x0000000000005c6c                eeprom_read_word
 .text.avr-libc
                0x0000000000005c78       0x24 /usr/lib/gcc/avr/4.9.2/../../../avr/lib/avr5/libatmega32u4.a(eeupd_byte.o)
                0x0000000000005c78                eeprom_update_byte
                0x0000000000005c7a                eeprom_update_r18
 .text.avr-libc
                0x0000000000005c9c       0x18 /usr/lib/gcc/avr/4.9.2/../../../avr/lib/avr5/libatmega32u4.a(eeupd_dword.o)
                0x0000000000005c9c                eeprom_update_dword
                0x0000000000005c9c                eeprom_update_float
 .text.avr-libc
                0x0000000000005cb4        0xc /usr/lib/gcc/avr/4.9.2/../../../avr/lib/avr5/libatmega32u4.a(eeupd_word.o)
                0x0000000000005cb4                eeprom_update_word
 .text.avr-libc
                0x0000000000005cc0       0x20 /usr/lib/gcc/avr/4.9.2/../../../avr/lib/avr5/libatmega32u4.a(eerd_block.o)
                0x0000000000005cc0                eeprom_read_block
                0x0000000000005cc4                eeprom_read_blraw
                0x0000000000005ce0                . = ALIGN (0x2)
 *(.fini9)
 .fini9         0x0000000000005ce0        0x0 /usr/lib/gcc/avr/4.9.2/avr5/libgcc.a(_exit.o)
                0x0000000000005ce0                exit
                0x0000000000005ce0                _exit
 *(.fini9)
 *(.fini8)
 *(.fini8)
 *(.fini7)
 *(.fini7)
 *(.fini6)
 *(.fini6)
 *(.fini5)
 *(.fini5)
 *(.fini4)
 *(.fini4)
 *(.fini3)
 *(.fini3)
 *(.fini2)
 *(.fini2)
 *(.fini1)
 *(.fini1)
 *(.fini0)
 .fini0         0x0000000000005ce0        0x4 /usr/lib/gcc/avr/4.9.2/avr5/libgcc.a(_exit.o)
 *(.fini0)
                0x0000000000005ce4                _etext = .

.data           0x0000000000800100       0x3e load address 0x0000000000005ce4
                0x0000000000800100                PROVIDE (__data_start, .)
 *(.data)
 *(.data*)
 .data.increment.2318
                0x0000000000800100        0x1 .build/obj_dz60_safe/quantum/rgblight.o
 .data.high_bound.2317
                0x0000000000800101        0x1 .build/obj_dz60_safe/quantum/rgblight.o
 .data.keyboard_report
                0x0000000000800102        0x2 .build/obj_dz60_safe/common/action_util.o
                0x0000000000800102                keyboard_report
 .data.mk_wheel_time_to_max
                0x0000000000800104        0x1 .build/obj_dz60_safe/common/mousekey.o
                0x0000000000800104                mk_wheel_time_to_max
 .data.mk_wheel_max_speed
                0x0000000000800105        0x1 .build/obj_dz60_safe/common/mousekey.o
                0x0000000000800105                mk_wheel_max_speed
 .data.mk_time_to_max
                0x0000000000800106        0x1 .build/obj_dz60_safe/common/mousekey.o
                0x0000000000800106                mk_time_to_max
 .data.mk_max_speed
                0x0000000000800107        0x1 .build/obj_dz60_safe/common/mousekey.o
                0x0000000000800107                mk_max_speed
 .data.mk_interval
                0x0000000000800108        0x1 .build/obj_dz60_safe/common/mousekey.o
                0x0000000000800108                mk_interval
 .data.mk_delay
                0x0000000000800109        0x1 .build/obj_dz60_safe/common/mousekey.o
                0x0000000000800109                mk_delay
 .data.lufa_driver
                0x000000000080010a        0xa .build/obj_dz60_safe/lufa.o
                0x000000000080010a                lufa_driver
 .data.keyboard_protocol
                0x0000000000800114        0x1 .build/obj_dz60_safe/lufa.o
                0x0000000000800114                keyboard_protocol
 *(.rodata)
 *(.rodata*)
 .rodata.col_pins
                0x0000000000800115        0xf .build/obj_dz60_safe/quantum/matrix.o
 .rodata.row_pins
                0x0000000000800124        0x5 .build/obj_dz60_safe/quantum/matrix.o
 .rodata.CSWTCH.3
                0x0000000000800129        0x4 .build/obj_dz60_safe/usb_descriptor.o
 .rodata.CSWTCH.2
                0x000000000080012d        0x8 .build/obj_dz60_safe/usb_descriptor.o
 .rodata.CSWTCH.1
                0x0000000000800135        0x8 .build/obj_dz60_safe/usb_descriptor.o
 *(.gnu.linkonce.d*)
                0x000000000080013e                . = ALIGN (0x2)
 *fill*         0x000000000080013d        0x1 
                0x000000000080013e                _edata = .
                0x000000000080013e                PROVIDE (__data_end, .)

.bss            0x000000000080013e      0x168
                0x000000000080013e                PROVIDE (__bss_start, .)
 *(.bss)
 *(.bss*)
 .bss.grave_esc_was_shifted
                0x000000000080013e        0x1 .build/obj_dz60_safe/quantum/quantum.o
 .bss.scs_timer
                0x000000000080013f        0x4 .build/obj_dz60_safe/quantum/quantum.o
 .bss.shift_interrupted
                0x0000000000800143        0x2 .build/obj_dz60_safe/quantum/quantum.o
 .bss.leader_sequence_size
                0x0000000000800145        0x1 .build/obj_dz60_safe/quantum/process_keycode/process_leader.o
                0x0000000000800145                leader_sequence_size
 .bss.leader_sequence
                0x0000000000800146        0xa .build/obj_dz60_safe/quantum/process_keycode/process_leader.o
                0x0000000000800146                leader_sequence
 .bss.leader_time
                0x0000000000800150        0x2 .build/obj_dz60_safe/quantum/process_keycode/process_leader.o
                0x0000000000800150                leader_time
 .bss.leading   0x0000000000800152        0x1 .build/obj_dz60_safe/quantum/process_keycode/process_leader.o
                0x0000000000800152                leading
 .bss.matrix_debouncing
                0x0000000000800153        0xa .build/obj_dz60_safe/quantum/matrix.o
 .bss.matrix    0x000000000080015d        0xa .build/obj_dz60_safe/quantum/matrix.o
 .bss.debouncing
                0x0000000000800167        0x1 .build/obj_dz60_safe/quantum/matrix.o
 .bss.debouncing_time
                0x0000000000800168        0x2 .build/obj_dz60_safe/quantum/matrix.o
 .bss.current_offset.2330
                0x000000000080016a        0x2 .build/obj_dz60_safe/quantum/rgblight.o
 .bss.last_timer.2331
                0x000000000080016c        0x2 .build/obj_dz60_safe/quantum/rgblight.o
 .bss.low_bound.2316
                0x000000000080016e        0x1 .build/obj_dz60_safe/quantum/rgblight.o
 .bss.last_timer.2312
                0x000000000080016f        0x2 .build/obj_dz60_safe/quantum/rgblight.o
 .bss.pos.2294  0x0000000000800171        0x1 .build/obj_dz60_safe/quantum/rgblight.o
 .bss.last_timer.2295
                0x0000000000800172        0x2 .build/obj_dz60_safe/quantum/rgblight.o
 .bss.current_hue.2281
                0x0000000000800174        0x2 .build/obj_dz60_safe/quantum/rgblight.o
 .bss.last_timer.2282
                0x0000000000800176        0x2 .build/obj_dz60_safe/quantum/rgblight.o
 .bss.current_hue.2273
                0x0000000000800178        0x2 .build/obj_dz60_safe/quantum/rgblight.o
 .bss.last_timer.2274
                0x000000000080017a        0x2 .build/obj_dz60_safe/quantum/rgblight.o
 .bss.pos.2264  0x000000000080017c        0x1 .build/obj_dz60_safe/quantum/rgblight.o
 .bss.last_timer.2265
                0x000000000080017d        0x2 .build/obj_dz60_safe/quantum/rgblight.o
 .bss.rgblight_timer_enabled
                0x000000000080017f        0x1 .build/obj_dz60_safe/quantum/rgblight.o
                0x000000000080017f                rgblight_timer_enabled
 .bss.rgblight_inited
                0x0000000000800180        0x1 .build/obj_dz60_safe/quantum/rgblight.o
                0x0000000000800180                rgblight_inited
 .bss.last_consumer_report
                0x0000000000800181        0x2 .build/obj_dz60_safe/common/host.o
 .bss.last_system_report
                0x0000000000800183        0x2 .build/obj_dz60_safe/common/host.o
 .bss.driver    0x0000000000800185        0x2 .build/obj_dz60_safe/common/host.o
 .bss.led_status.5309
                0x0000000000800187        0x1 .build/obj_dz60_safe/common/keyboard.o
 .bss.matrix_prev.5308
                0x0000000000800188        0xa .build/obj_dz60_safe/common/keyboard.o
 .bss.disable_action_cache
                0x0000000000800192        0x1 .build/obj_dz60_safe/common/action.o
                0x0000000000800192                disable_action_cache
 .bss.waiting_buffer_tail
                0x0000000000800193        0x1 .build/obj_dz60_safe/common/action_tapping.o
 .bss.waiting_buffer_head
                0x0000000000800194        0x1 .build/obj_dz60_safe/common/action_tapping.o
 .bss.waiting_buffer
                0x0000000000800195       0x30 .build/obj_dz60_safe/common/action_tapping.o
 .bss.tapping_key
                0x00000000008001c5        0x6 .build/obj_dz60_safe/common/action_tapping.o
 .bss.source_layers_cache
                0x00000000008001cb       0x32 .build/obj_dz60_safe/common/action_layer.o
                0x00000000008001cb                source_layers_cache
 .bss.layer_state
                0x00000000008001fd        0x4 .build/obj_dz60_safe/common/action_layer.o
                0x00000000008001fd                layer_state
 .bss.default_layer_state
                0x0000000000800201        0x4 .build/obj_dz60_safe/common/action_layer.o
                0x0000000000800201                default_layer_state
 .bss.oneshot_layer_data
                0x0000000000800205        0x1 .build/obj_dz60_safe/common/action_util.o
 .bss.oneshot_mods
                0x0000000000800206        0x1 .build/obj_dz60_safe/common/action_util.o
 .bss.__compound_literal.0
                0x0000000000800207       0x20 .build/obj_dz60_safe/common/action_util.o
 .bss.macro_mods
                0x0000000000800227        0x1 .build/obj_dz60_safe/common/action_util.o
 .bss.weak_mods
                0x0000000000800228        0x1 .build/obj_dz60_safe/common/action_util.o
 .bss.real_mods
                0x0000000000800229        0x1 .build/obj_dz60_safe/common/action_util.o
 .bss.debug_config
                0x000000000080022a        0x1 .build/obj_dz60_safe/common/debug.o
                0x000000000080022a                debug_config
 .bss.wdt_timeout
                0x000000000080022b        0x1 .build/obj_dz60_safe/common/avr/suspend.o
 .bss.last_timer
                0x000000000080022c        0x2 .build/obj_dz60_safe/common/mousekey.o
 .bss.mousekey_accel
                0x000000000080022e        0x1 .build/obj_dz60_safe/common/mousekey.o
 .bss.mousekey_repeat
                0x000000000080022f        0x1 .build/obj_dz60_safe/common/mousekey.o
 .bss.mouse_report
                0x0000000000800230        0x5 .build/obj_dz60_safe/common/mousekey.o
 .bss.keyboard_report_sent
                0x0000000000800235       0x20 .build/obj_dz60_safe/lufa.o
 .bss.keyboard_led_stats
                0x0000000000800255        0x1 .build/obj_dz60_safe/lufa.o
 .bss.keyboard_idle
                0x0000000000800256        0x1 .build/obj_dz60_safe/lufa.o
                0x0000000000800256                keyboard_idle
 .bss.desired_output
                0x0000000000800257        0x1 .build/obj_dz60_safe/outputselect.o
                0x0000000000800257                desired_output
 *(COMMON)
 COMMON         0x0000000000800258       0x38 .build/obj_dz60_safe/quantum/rgblight.o
                0x0000000000800258                rgblight_config
                0x000000000080025c                inmem_config
                0x0000000000800260                led
 COMMON         0x0000000000800290        0x2 .build/obj_dz60_safe/common/action.o
                0x0000000000800290                tp_buttons
 COMMON         0x0000000000800292        0x4 .build/obj_dz60_safe/common/avr/timer.o
                0x0000000000800292                timer_count
 COMMON         0x0000000000800296        0x2 .build/obj_dz60_safe/common/bootmagic.o
                0x0000000000800296                keymap_config
 COMMON         0x0000000000800298        0x1 .build/obj_dz60_safe/common/backlight.o
                0x0000000000800298                backlight_config
 COMMON         0x0000000000800299        0x3 .build/obj_dz60_safe/./lib/lufa/LUFA/Drivers/USB/Core/DeviceStandardReq.o
                0x0000000000800299                USB_Device_ConfigurationNumber
                0x000000000080029a                USB_Device_CurrentlySelfPowered
                0x000000000080029b                USB_Device_RemoteWakeupEnabled
 COMMON         0x000000000080029c        0xa .build/obj_dz60_safe/./lib/lufa/LUFA/Drivers/USB/Core/USBTask.o
                0x000000000080029c                USB_IsInitialized
                0x000000000080029d                USB_DeviceState
                0x000000000080029e                USB_ControlRequest
                0x00000000008002a6                PROVIDE (__bss_end, .)
                0x0000000000005ce4                __data_load_start = LOADADDR (.data)
                0x0000000000005d22                __data_load_end = (__data_load_start + SIZEOF (.data))

.noinit         0x00000000008002a6        0x4
                0x00000000008002a6                PROVIDE (__noinit_start, .)
 *(.noinit*)
 .noinit        0x00000000008002a6        0x4 .build/obj_dz60_safe/common/avr/bootloader.o
                0x00000000008002a6                reset_key
                0x00000000008002aa                PROVIDE (__noinit_end, .)
                0x00000000008002aa                _end = .
                0x00000000008002aa                PROVIDE (__heap_start, .)

.eeprom         0x0000000000810000        0x0
 *(.eeprom*)
                0x0000000000810000                __eeprom_end = .

.fuse
 *(.fuse)
 *(.lfuse)
 *(.hfuse)
 *(.efuse)

.lock
 *(.lock*)

.signature
 *(.signature*)

.user_signatures
 *(.user_signatures*)

.stab
 *(.stab)

.stabstr        0x0000000000000000       0x6f
 *(.stabstr)
 .stabstr       0x0000000000000000       0x6f .build/obj_dz60_safe/common/avr/xprintf.o

.stab.excl
 *(.stab.excl)

.stab.exclstr
 *(.stab.exclstr)

.stab.index
 *(.stab.index)

.stab.indexstr
 *(.stab.indexstr)

.comment        0x0000000000000000       0x11
 *(.comment)
 .comment       0x0000000000000000       0x11 .build/obj_dz60_safe/keyboards/dz60/dz60.o
                                         0x12 (size before relaxing)
 .comment       0x0000000000000011       0x12 .build/obj_dz60_safe/keyboards/dz60/keymaps/safe/keymap.o
 .comment       0x0000000000000011       0x12 .build/obj_dz60_safe/quantum/quantum.o
 .comment       0x0000000000000011       0x12 .build/obj_dz60_safe/quantum/keymap_common.o
 .comment       0x0000000000000011       0x12 .build/obj_dz60_safe/quantum/keycode_config.o
 .comment       0x0000000000000011       0x12 .build/obj_dz60_safe/quantum/process_keycode/process_leader.o
 .comment       0x0000000000000011       0x12 .build/obj_dz60_safe/quantum/matrix.o
 .comment       0x0000000000000011       0x12 .build/obj_dz60_safe/quantum/rgblight.o
 .comment       0x0000000000000011       0x12 .build/obj_dz60_safe/ws2812.o
 .comment       0x0000000000000011       0x12 .build/obj_dz60_safe/quantum/led_tables.o
 .comment       0x0000000000000011       0x12 .build/obj_dz60_safe/common/host.o
 .comment       0x0000000000000011       0x12 .build/obj_dz60_safe/common/keyboard.o
 .comment       0x0000000000000011       0x12 .build/obj_dz60_safe/common/action.o
 .comment       0x0000000000000011       0x12 .build/obj_dz60_safe/common/action_tapping.o
 .comment       0x0000000000000011       0x12 .build/obj_dz60_safe/common/action_macro.o
 .comment       0x0000000000000011       0x12 .build/obj_dz60_safe/common/action_layer.o
 .comment       0x0000000000000011       0x12 .build/obj_dz60_safe/common/action_util.o
 .comment       0x0000000000000011       0x12 .build/obj_dz60_safe/common/debug.o
 .comment       0x0000000000000011       0x12 .build/obj_dz60_safe/common/eeconfig.o
 .comment       0x0000000000000011       0x12 .build/obj_dz60_safe/common/report.o
 .comment       0x0000000000000011       0x12 .build/obj_dz60_safe/common/avr/suspend.o
 .comment       0x0000000000000011       0x12 .build/obj_dz60_safe/common/avr/timer.o
 .comment       0x0000000000000011       0x12 .build/obj_dz60_safe/common/avr/bootloader.o
 .comment       0x0000000000000011       0x12 .build/obj_dz60_safe/common/bootmagic.o
 .comment       0x0000000000000011       0x12 .build/obj_dz60_safe/common/mousekey.o
 .comment       0x0000000000000011       0x12 .build/obj_dz60_safe/common/backlight.o
 .comment       0x0000000000000011       0x12 .build/obj_dz60_safe/lufa.o
 .comment       0x0000000000000011       0x12 .build/obj_dz60_safe/usb_descriptor.o
 .comment       0x0000000000000011       0x12 .build/obj_dz60_safe/outputselect.o
 .comment       0x0000000000000011       0x12 .build/obj_dz60_safe/./lib/lufa/LUFA/Drivers/USB/Core/AVR8/Device_AVR8.o
 .comment       0x0000000000000011       0x12 .build/obj_dz60_safe/./lib/lufa/LUFA/Drivers/USB/Core/AVR8/EndpointStream_AVR8.o
 .comment       0x0000000000000011       0x12 .build/obj_dz60_safe/./lib/lufa/LUFA/Drivers/USB/Core/AVR8/Endpoint_AVR8.o
 .comment       0x0000000000000011       0x12 .build/obj_dz60_safe/./lib/lufa/LUFA/Drivers/USB/Core/AVR8/USBController_AVR8.o
 .comment       0x0000000000000011       0x12 .build/obj_dz60_safe/./lib/lufa/LUFA/Drivers/USB/Core/AVR8/USBInterrupt_AVR8.o
 .comment       0x0000000000000011       0x12 .build/obj_dz60_safe/./lib/lufa/LUFA/Drivers/USB/Core/DeviceStandardReq.o
 .comment       0x0000000000000011       0x12 .build/obj_dz60_safe/./lib/lufa/LUFA/Drivers/USB/Core/Events.o
 .comment       0x0000000000000011       0x12 .build/obj_dz60_safe/./lib/lufa/LUFA/Drivers/USB/Core/USBTask.o

.note.gnu.avr.deviceinfo
                0x0000000000000000       0x40
 .note.gnu.avr.deviceinfo
                0x0000000000000000       0x40 /usr/lib/gcc/avr/4.9.2/../../../avr/lib/avr5/crtatmega32u4.o

.note.gnu.build-id
 *(.note.gnu.build-id)

.debug
 *(.debug)

.line
 *(.line)

.debug_srcinfo
 *(.debug_srcinfo)

.debug_sfnames
 *(.debug_sfnames)

.debug_aranges  0x0000000000000000      0xdb8
 *(.debug_aranges)
 .debug_aranges
                0x0000000000000000       0x38 .build/obj_dz60_safe/keyboards/dz60/dz60.o
 .debug_aranges
                0x0000000000000038       0x40 .build/obj_dz60_safe/keyboards/dz60/keymaps/safe/keymap.o
 .debug_aranges
                0x0000000000000078      0x140 .build/obj_dz60_safe/quantum/quantum.o
 .debug_aranges
                0x00000000000001b8       0x40 .build/obj_dz60_safe/quantum/keymap_common.o
 .debug_aranges
                0x00000000000001f8       0x28 .build/obj_dz60_safe/quantum/keycode_config.o
 .debug_aranges
                0x0000000000000220       0x30 .build/obj_dz60_safe/quantum/process_keycode/process_leader.o
 .debug_aranges
                0x0000000000000250       0x90 .build/obj_dz60_safe/quantum/matrix.o
 .debug_aranges
                0x00000000000002e0      0x178 .build/obj_dz60_safe/quantum/rgblight.o
 .debug_aranges
                0x0000000000000458       0x40 .build/obj_dz60_safe/ws2812.o
 .debug_aranges
                0x0000000000000498       0x18 .build/obj_dz60_safe/quantum/led_tables.o
 .debug_aranges
                0x00000000000004b0       0x60 .build/obj_dz60_safe/common/host.o
 .debug_aranges
                0x0000000000000510       0x48 .build/obj_dz60_safe/common/keyboard.o
 .debug_aranges
                0x0000000000000558       0x98 .build/obj_dz60_safe/common/action.o
 .debug_aranges
                0x00000000000005f0       0x40 .build/obj_dz60_safe/common/action_tapping.o
 .debug_aranges
                0x0000000000000630       0x20 .build/obj_dz60_safe/common/action_macro.o
 .debug_aranges
                0x0000000000000650       0xe8 .build/obj_dz60_safe/common/action_layer.o
 .debug_aranges
                0x0000000000000738      0x120 .build/obj_dz60_safe/common/action_util.o
 .debug_aranges
                0x0000000000000858       0x18 .build/obj_dz60_safe/common/debug.o
 .debug_aranges
                0x0000000000000870       0x78 .build/obj_dz60_safe/common/eeconfig.o
 .debug_aranges
                0x00000000000008e8       0x60 .build/obj_dz60_safe/common/report.o
 .debug_aranges
                0x0000000000000948       0x50 .build/obj_dz60_safe/common/avr/suspend.o
 .debug_aranges
                0x0000000000000998       0x50 .build/obj_dz60_safe/common/avr/timer.o
 .debug_aranges
                0x00000000000009e8       0x28 .build/obj_dz60_safe/common/avr/bootloader.o
 .debug_aranges
                0x0000000000000a10       0x30 .build/obj_dz60_safe/common/bootmagic.o
 .debug_aranges
                0x0000000000000a40       0x50 .build/obj_dz60_safe/common/mousekey.o
 .debug_aranges
                0x0000000000000a90       0x50 .build/obj_dz60_safe/common/backlight.o
 .debug_aranges
                0x0000000000000ae0       0x90 .build/obj_dz60_safe/lufa.o
 .debug_aranges
                0x0000000000000b70       0x20 .build/obj_dz60_safe/usb_descriptor.o
 .debug_aranges
                0x0000000000000b90       0x38 .build/obj_dz60_safe/outputselect.o
 .debug_aranges
                0x0000000000000bc8       0x20 .build/obj_dz60_safe/./lib/lufa/LUFA/Drivers/USB/Core/AVR8/Device_AVR8.o
 .debug_aranges
                0x0000000000000be8       0xc8 .build/obj_dz60_safe/./lib/lufa/LUFA/Drivers/USB/Core/AVR8/EndpointStream_AVR8.o
 .debug_aranges
                0x0000000000000cb0       0x40 .build/obj_dz60_safe/./lib/lufa/LUFA/Drivers/USB/Core/AVR8/Endpoint_AVR8.o
 .debug_aranges
                0x0000000000000cf0       0x30 .build/obj_dz60_safe/./lib/lufa/LUFA/Drivers/USB/Core/AVR8/USBController_AVR8.o
 .debug_aranges
                0x0000000000000d20       0x38 .build/obj_dz60_safe/./lib/lufa/LUFA/Drivers/USB/Core/AVR8/USBInterrupt_AVR8.o
 .debug_aranges
                0x0000000000000d58       0x20 .build/obj_dz60_safe/./lib/lufa/LUFA/Drivers/USB/Core/DeviceStandardReq.o
 .debug_aranges
                0x0000000000000d78       0x20 .build/obj_dz60_safe/./lib/lufa/LUFA/Drivers/USB/Core/Events.o
 .debug_aranges
                0x0000000000000d98       0x20 .build/obj_dz60_safe/./lib/lufa/LUFA/Drivers/USB/Core/USBTask.o

.debug_pubnames
 *(.debug_pubnames)

.debug_info     0x0000000000000000    0x156d1
 *(.debug_info .gnu.linkonce.wi.*)
 .debug_info    0x0000000000000000      0x227 .build/obj_dz60_safe/keyboards/dz60/dz60.o
 .debug_info    0x0000000000000227     0x1391 .build/obj_dz60_safe/keyboards/dz60/keymaps/safe/keymap.o
 .debug_info    0x00000000000015b8     0x278f .build/obj_dz60_safe/quantum/quantum.o
 .debug_info    0x0000000000003d47     0x18f2 .build/obj_dz60_safe/quantum/keymap_common.o
 .debug_info    0x0000000000005639      0x662 .build/obj_dz60_safe/quantum/keycode_config.o
 .debug_info    0x0000000000005c9b      0xc93 .build/obj_dz60_safe/quantum/process_keycode/process_leader.o
 .debug_info    0x000000000000692e      0x6c3 .build/obj_dz60_safe/quantum/matrix.o
 .debug_info    0x0000000000006ff1     0x14b3 .build/obj_dz60_safe/quantum/rgblight.o
 .debug_info    0x00000000000084a4      0x394 .build/obj_dz60_safe/ws2812.o
 .debug_info    0x0000000000008838       0xa6 .build/obj_dz60_safe/quantum/led_tables.o
 .debug_info    0x00000000000088de      0x4a9 .build/obj_dz60_safe/common/host.o
 .debug_info    0x0000000000008d87      0x47e .build/obj_dz60_safe/common/keyboard.o
 .debug_info    0x0000000000009205     0x1de2 .build/obj_dz60_safe/common/action.o
 .debug_info    0x000000000000afe7      0xe91 .build/obj_dz60_safe/common/action_tapping.o
 .debug_info    0x000000000000be78      0x908 .build/obj_dz60_safe/common/action_macro.o
 .debug_info    0x000000000000c780      0xb89 .build/obj_dz60_safe/common/action_layer.o
 .debug_info    0x000000000000d309      0x7a9 .build/obj_dz60_safe/common/action_util.o
 .debug_info    0x000000000000dab2       0xfc .build/obj_dz60_safe/common/debug.o
 .debug_info    0x000000000000dbae      0x4b4 .build/obj_dz60_safe/common/eeconfig.o
 .debug_info    0x000000000000e062      0x50a .build/obj_dz60_safe/common/report.o
 .debug_info    0x000000000000e56c      0x332 .build/obj_dz60_safe/common/avr/suspend.o
 .debug_info    0x000000000000e89e      0x39a .build/obj_dz60_safe/common/avr/timer.o
 .debug_info    0x000000000000ec38      0x1ec .build/obj_dz60_safe/common/avr/bootloader.o
 .debug_info    0x000000000000ee24      0xb74 .build/obj_dz60_safe/common/bootmagic.o
 .debug_info    0x000000000000f998      0x695 .build/obj_dz60_safe/common/mousekey.o
 .debug_info    0x000000000001002d      0x26e .build/obj_dz60_safe/common/backlight.o
 .debug_info    0x000000000001029b     0x11f5 .build/obj_dz60_safe/lufa.o
 .debug_info    0x0000000000011490      0x7f0 .build/obj_dz60_safe/usb_descriptor.o
 .debug_info    0x0000000000011c80      0x1a7 .build/obj_dz60_safe/outputselect.o
 .debug_info    0x0000000000011e27       0xd2 .build/obj_dz60_safe/./lib/lufa/LUFA/Drivers/USB/Core/AVR8/Device_AVR8.o
 .debug_info    0x0000000000011ef9     0x17d6 .build/obj_dz60_safe/./lib/lufa/LUFA/Drivers/USB/Core/AVR8/EndpointStream_AVR8.o
 .debug_info    0x00000000000136cf      0x614 .build/obj_dz60_safe/./lib/lufa/LUFA/Drivers/USB/Core/AVR8/Endpoint_AVR8.o
 .debug_info    0x0000000000013ce3      0x4cb .build/obj_dz60_safe/./lib/lufa/LUFA/Drivers/USB/Core/AVR8/USBController_AVR8.o
 .debug_info    0x00000000000141ae      0x7c8 .build/obj_dz60_safe/./lib/lufa/LUFA/Drivers/USB/Core/AVR8/USBInterrupt_AVR8.o
 .debug_info    0x0000000000014976      0xa78 .build/obj_dz60_safe/./lib/lufa/LUFA/Drivers/USB/Core/DeviceStandardReq.o
 .debug_info    0x00000000000153ee       0x78 .build/obj_dz60_safe/./lib/lufa/LUFA/Drivers/USB/Core/Events.o
 .debug_info    0x0000000000015466      0x26b .build/obj_dz60_safe/./lib/lufa/LUFA/Drivers/USB/Core/USBTask.o

.debug_abbrev   0x0000000000000000     0x48d6
 *(.debug_abbrev)
 .debug_abbrev  0x0000000000000000      0x153 .build/obj_dz60_safe/keyboards/dz60/dz60.o
 .debug_abbrev  0x0000000000000153      0x1d4 .build/obj_dz60_safe/keyboards/dz60/keymaps/safe/keymap.o
 .debug_abbrev  0x0000000000000327      0x4b7 .build/obj_dz60_safe/quantum/quantum.o
 .debug_abbrev  0x00000000000007de      0x260 .build/obj_dz60_safe/quantum/keymap_common.o
 .debug_abbrev  0x0000000000000a3e       0xdf .build/obj_dz60_safe/quantum/keycode_config.o
 .debug_abbrev  0x0000000000000b1d      0x17e .build/obj_dz60_safe/quantum/process_keycode/process_leader.o
 .debug_abbrev  0x0000000000000c9b      0x301 .build/obj_dz60_safe/quantum/matrix.o
 .debug_abbrev  0x0000000000000f9c      0x491 .build/obj_dz60_safe/quantum/rgblight.o
 .debug_abbrev  0x000000000000142d      0x18b .build/obj_dz60_safe/ws2812.o
 .debug_abbrev  0x00000000000015b8       0x5d .build/obj_dz60_safe/quantum/led_tables.o
 .debug_abbrev  0x0000000000001615      0x183 .build/obj_dz60_safe/common/host.o
 .debug_abbrev  0x0000000000001798      0x24c .build/obj_dz60_safe/common/keyboard.o
 .debug_abbrev  0x00000000000019e4      0x3c3 .build/obj_dz60_safe/common/action.o
 .debug_abbrev  0x0000000000001da7      0x2d7 .build/obj_dz60_safe/common/action_tapping.o
 .debug_abbrev  0x000000000000207e      0x1ee .build/obj_dz60_safe/common/action_macro.o
 .debug_abbrev  0x000000000000226c      0x28e .build/obj_dz60_safe/common/action_layer.o
 .debug_abbrev  0x00000000000024fa      0x27e .build/obj_dz60_safe/common/action_util.o
 .debug_abbrev  0x0000000000002778       0x87 .build/obj_dz60_safe/common/debug.o
 .debug_abbrev  0x00000000000027ff       0xef .build/obj_dz60_safe/common/eeconfig.o
 .debug_abbrev  0x00000000000028ee      0x1c0 .build/obj_dz60_safe/common/report.o
 .debug_abbrev  0x0000000000002aae      0x20f .build/obj_dz60_safe/common/avr/suspend.o
 .debug_abbrev  0x0000000000002cbd      0x184 .build/obj_dz60_safe/common/avr/timer.o
 .debug_abbrev  0x0000000000002e41      0x14f .build/obj_dz60_safe/common/avr/bootloader.o
 .debug_abbrev  0x0000000000002f90      0x269 .build/obj_dz60_safe/common/bootmagic.o
 .debug_abbrev  0x00000000000031f9      0x225 .build/obj_dz60_safe/common/mousekey.o
 .debug_abbrev  0x000000000000341e      0x138 .build/obj_dz60_safe/common/backlight.o
 .debug_abbrev  0x0000000000003556      0x3f9 .build/obj_dz60_safe/lufa.o
 .debug_abbrev  0x000000000000394f      0x180 .build/obj_dz60_safe/usb_descriptor.o
 .debug_abbrev  0x0000000000003acf      0x127 .build/obj_dz60_safe/outputselect.o
 .debug_abbrev  0x0000000000003bf6       0x80 .build/obj_dz60_safe/./lib/lufa/LUFA/Drivers/USB/Core/AVR8/Device_AVR8.o
 .debug_abbrev  0x0000000000003c76      0x204 .build/obj_dz60_safe/./lib/lufa/LUFA/Drivers/USB/Core/AVR8/EndpointStream_AVR8.o
 .debug_abbrev  0x0000000000003e7a      0x213 .build/obj_dz60_safe/./lib/lufa/LUFA/Drivers/USB/Core/AVR8/Endpoint_AVR8.o
 .debug_abbrev  0x000000000000408d      0x196 .build/obj_dz60_safe/./lib/lufa/LUFA/Drivers/USB/Core/AVR8/USBController_AVR8.o
 .debug_abbrev  0x0000000000004223      0x23e .build/obj_dz60_safe/./lib/lufa/LUFA/Drivers/USB/Core/AVR8/USBInterrupt_AVR8.o
 .debug_abbrev  0x0000000000004461      0x2c9 .build/obj_dz60_safe/./lib/lufa/LUFA/Drivers/USB/Core/DeviceStandardReq.o
 .debug_abbrev  0x000000000000472a       0x44 .build/obj_dz60_safe/./lib/lufa/LUFA/Drivers/USB/Core/Events.o
 .debug_abbrev  0x000000000000476e      0x168 .build/obj_dz60_safe/./lib/lufa/LUFA/Drivers/USB/Core/USBTask.o

.debug_line     0x0000000000000000     0x5a6c
 *(.debug_line .debug_line.* .debug_line_end)
 .debug_line    0x0000000000000000      0x106 .build/obj_dz60_safe/keyboards/dz60/dz60.o
 .debug_line    0x0000000000000106      0x177 .build/obj_dz60_safe/keyboards/dz60/keymaps/safe/keymap.o
 .debug_line    0x000000000000027d      0x6d5 .build/obj_dz60_safe/quantum/quantum.o
 .debug_line    0x0000000000000952      0x26c .build/obj_dz60_safe/quantum/keymap_common.o
 .debug_line    0x0000000000000bbe       0xf5 .build/obj_dz60_safe/quantum/keycode_config.o
 .debug_line    0x0000000000000cb3      0x158 .build/obj_dz60_safe/quantum/process_keycode/process_leader.o
 .debug_line    0x0000000000000e0b      0x222 .build/obj_dz60_safe/quantum/matrix.o
 .debug_line    0x000000000000102d      0x5d8 .build/obj_dz60_safe/quantum/rgblight.o
 .debug_line    0x0000000000001605      0x105 .build/obj_dz60_safe/ws2812.o
 .debug_line    0x000000000000170a       0x53 .build/obj_dz60_safe/quantum/led_tables.o
 .debug_line    0x000000000000175d      0x14b .build/obj_dz60_safe/common/host.o
 .debug_line    0x00000000000018a8      0x1c8 .build/obj_dz60_safe/common/keyboard.o
 .debug_line    0x0000000000001a70      0x516 .build/obj_dz60_safe/common/action.o
 .debug_line    0x0000000000001f86      0x28d .build/obj_dz60_safe/common/action_tapping.o
 .debug_line    0x0000000000002213      0x148 .build/obj_dz60_safe/common/action_macro.o
 .debug_line    0x000000000000235b      0x2a4 .build/obj_dz60_safe/common/action_layer.o
 .debug_line    0x00000000000025ff      0x358 .build/obj_dz60_safe/common/action_util.o
 .debug_line    0x0000000000002957       0x63 .build/obj_dz60_safe/common/debug.o
 .debug_line    0x00000000000029ba      0x14e .build/obj_dz60_safe/common/eeconfig.o
 .debug_line    0x0000000000002b08      0x1b6 .build/obj_dz60_safe/common/report.o
 .debug_line    0x0000000000002cbe      0x1d8 .build/obj_dz60_safe/common/avr/suspend.o
 .debug_line    0x0000000000002e96      0x184 .build/obj_dz60_safe/common/avr/timer.o
 .debug_line    0x000000000000301a      0x129 .build/obj_dz60_safe/common/avr/bootloader.o
 .debug_line    0x0000000000003143      0x206 .build/obj_dz60_safe/common/bootmagic.o
 .debug_line    0x0000000000003349      0x310 .build/obj_dz60_safe/common/mousekey.o
 .debug_line    0x0000000000003659      0x120 .build/obj_dz60_safe/common/backlight.o
 .debug_line    0x0000000000003779      0x62a .build/obj_dz60_safe/lufa.o
 .debug_line    0x0000000000003da3      0x193 .build/obj_dz60_safe/usb_descriptor.o
 .debug_line    0x0000000000003f36      0x129 .build/obj_dz60_safe/outputselect.o
 .debug_line    0x000000000000405f       0xee .build/obj_dz60_safe/./lib/lufa/LUFA/Drivers/USB/Core/AVR8/Device_AVR8.o
 .debug_line    0x000000000000414d      0xaee .build/obj_dz60_safe/./lib/lufa/LUFA/Drivers/USB/Core/AVR8/EndpointStream_AVR8.o
 .debug_line    0x0000000000004c3b      0x33d .build/obj_dz60_safe/./lib/lufa/LUFA/Drivers/USB/Core/AVR8/Endpoint_AVR8.o
 .debug_line    0x0000000000004f78      0x261 .build/obj_dz60_safe/./lib/lufa/LUFA/Drivers/USB/Core/AVR8/USBController_AVR8.o
 .debug_line    0x00000000000051d9      0x3ff .build/obj_dz60_safe/./lib/lufa/LUFA/Drivers/USB/Core/AVR8/USBInterrupt_AVR8.o
 .debug_line    0x00000000000055d8      0x304 .build/obj_dz60_safe/./lib/lufa/LUFA/Drivers/USB/Core/DeviceStandardReq.o
 .debug_line    0x00000000000058dc       0x54 .build/obj_dz60_safe/./lib/lufa/LUFA/Drivers/USB/Core/Events.o
 .debug_line    0x0000000000005930      0x13c .build/obj_dz60_safe/./lib/lufa/LUFA/Drivers/USB/Core/USBTask.o

.debug_frame    0x0000000000000000     0x21fc
 *(.debug_frame)
 .debug_frame   0x0000000000000000       0x54 .build/obj_dz60_safe/keyboards/dz60/dz60.o
 .debug_frame   0x0000000000000054       0x64 .build/obj_dz60_safe/keyboards/dz60/keymaps/safe/keymap.o
 .debug_frame   0x00000000000000b8      0x378 .build/obj_dz60_safe/quantum/quantum.o
 .debug_frame   0x0000000000000430       0x70 .build/obj_dz60_safe/quantum/keymap_common.o
 .debug_frame   0x00000000000004a0       0x34 .build/obj_dz60_safe/quantum/keycode_config.o
 .debug_frame   0x00000000000004d4       0x58 .build/obj_dz60_safe/quantum/process_keycode/process_leader.o
 .debug_frame   0x000000000000052c      0x180 .build/obj_dz60_safe/quantum/matrix.o
 .debug_frame   0x00000000000006ac      0x468 .build/obj_dz60_safe/quantum/rgblight.o
 .debug_frame   0x0000000000000b14       0x64 .build/obj_dz60_safe/ws2812.o
 .debug_frame   0x0000000000000b78       0xa4 .build/obj_dz60_safe/common/host.o
 .debug_frame   0x0000000000000c1c       0xd4 .build/obj_dz60_safe/common/keyboard.o
 .debug_frame   0x0000000000000cf0      0x1c4 .build/obj_dz60_safe/common/action.o
 .debug_frame   0x0000000000000eb4       0xc8 .build/obj_dz60_safe/common/action_tapping.o
 .debug_frame   0x0000000000000f7c       0x48 .build/obj_dz60_safe/common/action_macro.o
 .debug_frame   0x0000000000000fc4      0x27c .build/obj_dz60_safe/common/action_layer.o
 .debug_frame   0x0000000000001240      0x224 .build/obj_dz60_safe/common/action_util.o
 .debug_frame   0x0000000000001464       0xd4 .build/obj_dz60_safe/common/eeconfig.o
 .debug_frame   0x0000000000001538       0xb0 .build/obj_dz60_safe/common/report.o
 .debug_frame   0x00000000000015e8       0xb0 .build/obj_dz60_safe/common/avr/suspend.o
 .debug_frame   0x0000000000001698       0xf0 .build/obj_dz60_safe/common/avr/timer.o
 .debug_frame   0x0000000000001788       0x34 .build/obj_dz60_safe/common/avr/bootloader.o